Archive member included to satisfy reference by file (symbol)

/opt/st/stm32cubeide_1.18.1/plugins/com.st.stm32cube.ide.mcu.externaltools.gnu-tools-for-stm32.13.3.rel1.linux64_1.0.0.202410170706/tools/bin/../lib/gcc/arm-none-eabi/13.3.1/../../../../arm-none-eabi/lib/thumb/v6-m/nofp/libc_nano.a(libc_a-exit.o)
                              /opt/st/stm32cubeide_1.18.1/plugins/com.st.stm32cube.ide.mcu.externaltools.gnu-tools-for-stm32.13.3.rel1.linux64_1.0.0.202410170706/tools/bin/../lib/gcc/arm-none-eabi/13.3.1/../../../../arm-none-eabi/lib/thumb/v6-m/nofp/crt0.o (exit)
/opt/st/stm32cubeide_1.18.1/plugins/com.st.stm32cube.ide.mcu.externaltools.gnu-tools-for-stm32.13.3.rel1.linux64_1.0.0.202410170706/tools/bin/../lib/gcc/arm-none-eabi/13.3.1/../../../../arm-none-eabi/lib/thumb/v6-m/nofp/libc_nano.a(libc_a-findfp.o)
                              /opt/st/stm32cubeide_1.18.1/plugins/com.st.stm32cube.ide.mcu.externaltools.gnu-tools-for-stm32.13.3.rel1.linux64_1.0.0.202410170706/tools/bin/../lib/gcc/arm-none-eabi/13.3.1/../../../../arm-none-eabi/lib/thumb/v6-m/nofp/libc_nano.a(libc_a-exit.o) (__stdio_exit_handler)
/opt/st/stm32cubeide_1.18.1/plugins/com.st.stm32cube.ide.mcu.externaltools.gnu-tools-for-stm32.13.3.rel1.linux64_1.0.0.202410170706/tools/bin/../lib/gcc/arm-none-eabi/13.3.1/../../../../arm-none-eabi/lib/thumb/v6-m/nofp/libc_nano.a(libc_a-fwalk.o)
                              /opt/st/stm32cubeide_1.18.1/plugins/com.st.stm32cube.ide.mcu.externaltools.gnu-tools-for-stm32.13.3.rel1.linux64_1.0.0.202410170706/tools/bin/../lib/gcc/arm-none-eabi/13.3.1/../../../../arm-none-eabi/lib/thumb/v6-m/nofp/libc_nano.a(libc_a-findfp.o) (_fwalk_sglue)
/opt/st/stm32cubeide_1.18.1/plugins/com.st.stm32cube.ide.mcu.externaltools.gnu-tools-for-stm32.13.3.rel1.linux64_1.0.0.202410170706/tools/bin/../lib/gcc/arm-none-eabi/13.3.1/../../../../arm-none-eabi/lib/thumb/v6-m/nofp/libc_nano.a(libc_a-stdio.o)
                              /opt/st/stm32cubeide_1.18.1/plugins/com.st.stm32cube.ide.mcu.externaltools.gnu-tools-for-stm32.13.3.rel1.linux64_1.0.0.202410170706/tools/bin/../lib/gcc/arm-none-eabi/13.3.1/../../../../arm-none-eabi/lib/thumb/v6-m/nofp/libc_nano.a(libc_a-findfp.o) (__sread)
/opt/st/stm32cubeide_1.18.1/plugins/com.st.stm32cube.ide.mcu.externaltools.gnu-tools-for-stm32.13.3.rel1.linux64_1.0.0.202410170706/tools/bin/../lib/gcc/arm-none-eabi/13.3.1/../../../../arm-none-eabi/lib/thumb/v6-m/nofp/libc_nano.a(libc_a-memset.o)
                              /opt/st/stm32cubeide_1.18.1/plugins/com.st.stm32cube.ide.mcu.externaltools.gnu-tools-for-stm32.13.3.rel1.linux64_1.0.0.202410170706/tools/bin/../lib/gcc/arm-none-eabi/13.3.1/../../../../arm-none-eabi/lib/thumb/v6-m/nofp/crt0.o (memset)
/opt/st/stm32cubeide_1.18.1/plugins/com.st.stm32cube.ide.mcu.externaltools.gnu-tools-for-stm32.13.3.rel1.linux64_1.0.0.202410170706/tools/bin/../lib/gcc/arm-none-eabi/13.3.1/../../../../arm-none-eabi/lib/thumb/v6-m/nofp/libc_nano.a(libc_a-closer.o)
                              /opt/st/stm32cubeide_1.18.1/plugins/com.st.stm32cube.ide.mcu.externaltools.gnu-tools-for-stm32.13.3.rel1.linux64_1.0.0.202410170706/tools/bin/../lib/gcc/arm-none-eabi/13.3.1/../../../../arm-none-eabi/lib/thumb/v6-m/nofp/libc_nano.a(libc_a-stdio.o) (_close_r)
/opt/st/stm32cubeide_1.18.1/plugins/com.st.stm32cube.ide.mcu.externaltools.gnu-tools-for-stm32.13.3.rel1.linux64_1.0.0.202410170706/tools/bin/../lib/gcc/arm-none-eabi/13.3.1/../../../../arm-none-eabi/lib/thumb/v6-m/nofp/libc_nano.a(libc_a-reent.o)
                              /opt/st/stm32cubeide_1.18.1/plugins/com.st.stm32cube.ide.mcu.externaltools.gnu-tools-for-stm32.13.3.rel1.linux64_1.0.0.202410170706/tools/bin/../lib/gcc/arm-none-eabi/13.3.1/../../../../arm-none-eabi/lib/thumb/v6-m/nofp/libc_nano.a(libc_a-closer.o) (errno)
/opt/st/stm32cubeide_1.18.1/plugins/com.st.stm32cube.ide.mcu.externaltools.gnu-tools-for-stm32.13.3.rel1.linux64_1.0.0.202410170706/tools/bin/../lib/gcc/arm-none-eabi/13.3.1/../../../../arm-none-eabi/lib/thumb/v6-m/nofp/libc_nano.a(libc_a-impure.o)
                              /opt/st/stm32cubeide_1.18.1/plugins/com.st.stm32cube.ide.mcu.externaltools.gnu-tools-for-stm32.13.3.rel1.linux64_1.0.0.202410170706/tools/bin/../lib/gcc/arm-none-eabi/13.3.1/../../../../arm-none-eabi/lib/thumb/v6-m/nofp/libc_nano.a(libc_a-reent.o) (_impure_ptr)
/opt/st/stm32cubeide_1.18.1/plugins/com.st.stm32cube.ide.mcu.externaltools.gnu-tools-for-stm32.13.3.rel1.linux64_1.0.0.202410170706/tools/bin/../lib/gcc/arm-none-eabi/13.3.1/../../../../arm-none-eabi/lib/thumb/v6-m/nofp/libc_nano.a(libc_a-lseekr.o)
                              /opt/st/stm32cubeide_1.18.1/plugins/com.st.stm32cube.ide.mcu.externaltools.gnu-tools-for-stm32.13.3.rel1.linux64_1.0.0.202410170706/tools/bin/../lib/gcc/arm-none-eabi/13.3.1/../../../../arm-none-eabi/lib/thumb/v6-m/nofp/libc_nano.a(libc_a-stdio.o) (_lseek_r)
[...]
Memory Configuration

Name             Origin             Length             Attributes
FLASH            0x08000000         0x00030000         xr
RAM              0x20000000         0x00005000         xrw
*default*        0x00000000         0xffffffff

Linker script and memory map

LOAD /opt/st/stm32cubeide_1.18.1/plugins/com.st.stm32cube.ide.mcu.externaltools.gnu-tools-for-stm32.13.3.rel1.linux64_1.0.0.202410170706/tools/bin/../lib/gcc/arm-none-eabi/13.3.1/thumb/v6-m/nofp/crti.o
LOAD /opt/st/stm32cubeide_1.18.1/plugins/com.st.stm32cube.ide.mcu.externaltools.gnu-tools-for-stm32.13.3.rel1.linux64_1.0.0.202410170706/tools/bin/../lib/gcc/arm-none-eabi/13.3.1/thumb/v6-m/nofp/crtbegin.o
LOAD /opt/st/stm32cubeide_1.18.1/plugins/com.st.stm32cube.ide.mcu.externaltools.gnu-tools-for-stm32.13.3.rel1.linux64_1.0.0.202410170706/tools/bin/../lib/gcc/arm-none-eabi/13.3.1/../../../../arm-none-eabi/lib/thumb/v6-m/nofp/crt0.o
LOAD ./Application/App/app_subghz_phy.o
LOAD ./Application/App/subghz_phy_app.o
LOAD ./Application/Core/dma.o
LOAD ./Application/Core/main.o
LOAD ./Application/Core/rtc.o
LOAD ./Application/Core/rtc_if.o
LOAD ./Application/Core/stm32_lpm_if.o
LOAD ./Application/Core/stm32l0xx_hal_msp.o
LOAD ./Application/Core/stm32l0xx_it.o
LOAD ./Application/Core/sys_app.o
LOAD ./Application/Core/sys_debug.o
LOAD ./Application/Core/usart.o
LOAD ./Application/Core/usart_if.o
LOAD ./Application/SW4STM32/startup_stm32l072xx.o
LOAD ./Application/SW4STM32/syscalls.o
LOAD ./Application/Target/b_l072z_lrwan1_bus.o
LOAD ./Drivers/BSP/B-L072Z-LRWAN1/b-l072z-lrwan1.o
LOAD ./Drivers/BSP/CMWX1ZZABZ_0xx/cmwx1zzabz_0xx.o
LOAD ./Drivers/CMSIS/system_stm32l0xx.o
LOAD ./Drivers/STM32L0xx_HAL_Driver/stm32l0xx_hal.o
LOAD ./Drivers/STM32L0xx_HAL_Driver/stm32l0xx_hal_adc.o
LOAD ./Drivers/STM32L0xx_HAL_Driver/stm32l0xx_hal_adc_ex.o
LOAD ./Drivers/STM32L0xx_HAL_Driver/stm32l0xx_hal_cortex.o
LOAD ./Drivers/STM32L0xx_HAL_Driver/stm32l0xx_hal_dma.o
LOAD ./Drivers/STM32L0xx_HAL_Driver/stm32l0xx_hal_exti.o
LOAD ./Drivers/STM32L0xx_HAL_Driver/stm32l0xx_hal_gpio.o
LOAD ./Drivers/STM32L0xx_HAL_Driver/stm32l0xx_hal_i2c.o
LOAD ./Drivers/STM32L0xx_HAL_Driver/stm32l0xx_hal_pwr.o
LOAD ./Drivers/STM32L0xx_HAL_Driver/stm32l0xx_hal_pwr_ex.o
LOAD ./Drivers/STM32L0xx_HAL_Driver/stm32l0xx_hal_rcc.o
LOAD ./Drivers/STM32L0xx_HAL_Driver/stm32l0xx_hal_rcc_ex.o
LOAD ./Drivers/STM32L0xx_HAL_Driver/stm32l0xx_hal_rtc.o
LOAD ./Drivers/STM32L0xx_HAL_Driver/stm32l0xx_hal_rtc_ex.o
LOAD ./Drivers/STM32L0xx_HAL_Driver/stm32l0xx_hal_spi.o
LOAD ./Drivers/STM32L0xx_HAL_Driver/stm32l0xx_hal_tim.o
LOAD ./Drivers/STM32L0xx_HAL_Driver/stm32l0xx_hal_tim_ex.o
LOAD ./Drivers/STM32L0xx_HAL_Driver/stm32l0xx_hal_uart.o
LOAD ./Drivers/STM32L0xx_HAL_Driver/stm32l0xx_hal_uart_ex.o
LOAD ./Middlewares/SubGHz_Phy/sx1276.o
LOAD ./Utilities/stm32_adv_trace.o
LOAD ./Utilities/stm32_lpm.o
LOAD ./Utilities/stm32_mem.o
LOAD ./Utilities/stm32_seq.o
LOAD ./Utilities/stm32_systime.o
LOAD ./Utilities/stm32_timer.o
LOAD ./Utilities/stm32_tiny_vsnprintf.o
START GROUP
LOAD /opt/st/stm32cubeide_1.18.1/plugins/com.st.stm32cube.ide.mcu.externaltools.gnu-tools-for-stm32.13.3.rel1.linux64_1.0.0.202410170706/tools/bin/../lib/gcc/arm-none-eabi/13.3.1/../../../../arm-none-eabi/lib/thumb/v6-m/nofp/libc_nano.a
LOAD /opt/st/stm32cubeide_1.18.1/plugins/com.st.stm32cube.ide.mcu.externaltools.gnu-tools-for-stm32.13.3.rel1.linux64_1.0.0.202410170706/tools/bin/../lib/gcc/arm-none-eabi/13.3.1/../../../../arm-none-eabi/lib/thumb/v6-m/nofp/libm.a
END GROUP
START GROUP
LOAD /opt/st/stm32cubeide_1.18.1/plugins/com.st.stm32cube.ide.mcu.externaltools.gnu-tools-for-stm32.13.3.rel1.linux64_1.0.0.202410170706/tools/bin/../lib/gcc/arm-none-eabi/13.3.1/thumb/v6-m/nofp/libgcc.a
LOAD /opt/st/stm32cubeide_1.18.1/plugins/com.st.stm32cube.ide.mcu.externaltools.gnu-tools-for-stm32.13.3.rel1.linux64_1.0.0.202410170706/tools/bin/../lib/gcc/arm-none-eabi/13.3.1/../../../../arm-none-eabi/lib/thumb/v6-m/nofp/libc_nano.a
END GROUP
START GROUP
LOAD /opt/st/stm32cubeide_1.18.1/plugins/com.st.stm32cube.ide.mcu.externaltools.gnu-tools-for-stm32.13.3.rel1.linux64_1.0.0.202410170706/tools/bin/../lib/gcc/arm-none-eabi/13.3.1/thumb/v6-m/nofp/libgcc.a
LOAD /opt/st/stm32cubeide_1.18.1/plugins/com.st.stm32cube.ide.mcu.externaltools.gnu-tools-for-stm32.13.3.rel1.linux64_1.0.0.202410170706/tools/bin/../lib/gcc/arm-none-eabi/13.3.1/../../../../arm-none-eabi/lib/thumb/v6-m/nofp/libc_nano.a
LOAD /opt/st/stm32cubeide_1.18.1/plugins/com.st.stm32cube.ide.mcu.externaltools.gnu-tools-for-stm32.13.3.rel1.linux64_1.0.0.202410170706/tools/bin/../lib/gcc/arm-none-eabi/13.3.1/../../../../arm-none-eabi/lib/thumb/v6-m/nofp/libnosys.a
END GROUP
START GROUP
LOAD /opt/st/stm32cubeide_1.18.1/plugins/com.st.stm32cube.ide.mcu.externaltools.gnu-tools-for-stm32.13.3.rel1.linux64_1.0.0.202410170706/tools/bin/../lib/gcc/arm-none-eabi/13.3.1/thumb/v6-m/nofp/libgcc.a
LOAD /opt/st/stm32cubeide_1.18.1/plugins/com.st.stm32cube.ide.mcu.externaltools.gnu-tools-for-stm32.13.3.rel1.linux64_1.0.0.202410170706/tools/bin/../lib/gcc/arm-none-eabi/13.3.1/../../../../arm-none-eabi/lib/thumb/v6-m/nofp/libc_nano.a
LOAD /opt/st/stm32cubeide_1.18.1/plugins/com.st.stm32cube.ide.mcu.externaltools.gnu-tools-for-stm32.13.3.rel1.linux64_1.0.0.202410170706/tools/bin/../lib/gcc/arm-none-eabi/13.3.1/../../../../arm-none-eabi/lib/thumb/v6-m/nofp/libnosys.a
END GROUP
LOAD /opt/st/stm32cubeide_1.18.1/plugins/com.st.stm32cube.ide.mcu.externaltools.gnu-tools-for-stm32.13.3.rel1.linux64_1.0.0.202410170706/tools/bin/../lib/gcc/arm-none-eabi/13.3.1/thumb/v6-m/nofp/crtend.o
LOAD /opt/st/stm32cubeide_1.18.1/plugins/com.st.stm32cube.ide.mcu.externaltools.gnu-tools-for-stm32.13.3.rel1.linux64_1.0.0.202410170706/tools/bin/../lib/gcc/arm-none-eabi/13.3.1/thumb/v6-m/nofp/crtn.o
                0x20005000                        _estack = 0x20005000
                0x00000200                        _Min_Heap_Size = 0x200
                0x00000400                        _Min_Stack_Size = 0x400

.isr_vector     0x08000000       0xc0
                0x08000000                        . = ALIGN (0x4)
 *(.isr_vector)
 .isr_vector    0x08000000       0xc0 ./Application/SW4STM32/startup_stm32l072xx.o
                0x08000000                g_pfnVectors
                0x080000c0                        . = ALIGN (0x4)

.text           0x080000c0     0x6598
                0x080000c0                        . = ALIGN (0x4)
 *(.text)
 .text          0x080000c0       0x48 /opt/st/stm32cubeide_1.18.1/plugins/com.st.stm32cube.ide.mcu.externaltools.gnu-tools-for-stm32.13.3.rel1.linux64_1.0.0.202410170706/tools/bin/../lib/gcc/arm-none-eabi/13.3.1/thumb/v6-m/nofp/crtbegin.o
 .text          0x08000108        0xe /opt/st/stm32cubeide_1.18.1/plugins/com.st.stm32cube.ide.mcu.externaltools.gnu-tools-for-stm32.13.3.rel1.linux64_1.0.0.202410170706/tools/bin/../lib/gcc/arm-none-eabi/13.3.1/../../../../arm-none-eabi/lib/thumb/v6-m/nofp/libc_nano.a(libc_a-strlen.o)
                0x08000108                strlen
 *fill*         0x08000116        0x2 
 .text          0x08000118       0x14 /opt/st/stm32cubeide_1.18.1/plugins/com.st.stm32cube.ide.mcu.externaltools.gnu-tools-for-stm32.13.3.rel1.linux64_1.0.0.202410170706/tools/bin/../lib/gcc/arm-none-eabi/13.3.1/thumb/v6-m/nofp/libgcc.a(_thumb1_case_uqi.o)
                0x08000118                __gnu_thumb1_case_uqi
 .text          0x0800012c      0x114 /opt/st/stm32cubeide_1.18.1/plugins/com.st.stm32cube.ide.mcu.externaltools.gnu-tools-for-stm32.13.3.rel1.linux64_1.0.0.202410170706/tools/bin/../lib/gcc/arm-none-eabi/13.3.1/thumb/v6-m/nofp/libgcc.a(_udivsi3.o)
                0x0800012c                __udivsi3
                0x0800012c                __aeabi_uidiv
                0x08000238                __aeabi_uidivmod
 .text          0x08000240      0x1d4 /opt/st/stm32cubeide_1.18.1/plugins/com.st.stm32cube.ide.mcu.externaltools.gnu-tools-for-stm32.13.3.rel1.linux64_1.0.0.202410170706/tools/bin/../lib/gcc/arm-none-eabi/13.3.1/thumb/v6-m/nofp/libgcc.a(_divsi3.o)
                0x08000240                __aeabi_idiv
                0x08000240                __divsi3
                0x0800040c                __aeabi_idivmod
 .text          0x08000414        0x4 /opt/st/stm32cubeide_1.18.1/plugins/com.st.stm32cube.ide.mcu.externaltools.gnu-tools-for-stm32.13.3.rel1.linux64_1.0.0.202410170706/tools/bin/../lib/gcc/arm-none-eabi/13.3.1/thumb/v6-m/nofp/libgcc.a(_dvmd_tls.o)
                0x08000414                __aeabi_ldiv0
                0x08000414                __aeabi_idiv0
 .text          0x08000418       0x40 /opt/st/stm32cubeide_1.18.1/plugins/com.st.stm32cube.ide.mcu.externaltools.gnu-tools-for-stm32.13.3.rel1.linux64_1.0.0.202410170706/tools/bin/../lib/gcc/arm-none-eabi/13.3.1/thumb/v6-m/nofp/libgcc.a(_aeabi_uldivmod.o)
                0x08000418                __aeabi_uldivmod
 .text          0x08000458       0x5c /opt/st/stm32cubeide_1.18.1/plugins/com.st.stm32cube.ide.mcu.externaltools.gnu-tools-for-stm32.13.3.rel1.linux64_1.0.0.202410170706/tools/bin/../lib/gcc/arm-none-eabi/13.3.1/thumb/v6-m/nofp/libgcc.a(_muldi3.o)
                0x08000458                __aeabi_lmul
                0x08000458                __muldi3
 .text          0x080004b4      0x198 /opt/st/stm32cubeide_1.18.1/plugins/com.st.stm32cube.ide.mcu.externaltools.gnu-tools-for-stm32.13.3.rel1.linux64_1.0.0.202410170706/tools/bin/../lib/gcc/arm-none-eabi/13.3.1/thumb/v6-m/nofp/libgcc.a(_udivmoddi4.o)
                0x080004b4                __udivmoddi4
 .text          0x0800064c       0x18 /opt/st/stm32cubeide_1.18.1/plugins/com.st.stm32cube.ide.mcu.externaltools.gnu-tools-for-stm32.13.3.rel1.linux64_1.0.0.202410170706/tools/bin/../lib/gcc/arm-none-eabi/13.3.1/thumb/v6-m/nofp/libgcc.a(_clzdi2.o)
                0x0800064c                __clzdi2
 .text          0x08000664       0x3c /opt/st/stm32cubeide_1.18.1/plugins/com.st.stm32cube.ide.mcu.externaltools.gnu-tools-for-stm32.13.3.rel1.linux64_1.0.0.202410170706/tools/bin/../lib/gcc/arm-none-eabi/13.3.1/thumb/v6-m/nofp/libgcc.a(_clzsi2.o)
                0x08000664                __clzsi2
 *(.text*)
 .text.MX_SubGHz_Phy_Init
                0x080006a0        0xc ./Application/App/app_subghz_phy.o
                0x080006a0                MX_SubGHz_Phy_Init
 .text.MX_SubGHz_Phy_Process
                0x080006ac        0xc ./Application/App/app_subghz_phy.o
                0x080006ac                MX_SubGHz_Phy_Process
 .text.OnledEvent
                0x080006b8       0x1c ./Application/App/subghz_phy_app.o
 .text.PingPong_Process
                0x080006d4      0x12c ./Application/App/subghz_phy_app.o
 .text.OnRxError
                0x08000800       0x28 ./Application/App/subghz_phy_app.o
 .text.OnRxTimeout
                0x08000828       0x24 ./Application/App/subghz_phy_app.o
 .text.OnTxTimeout
                0x0800084c       0x28 ./Application/App/subghz_phy_app.o
 .text.OnRxDone
                0x08000874       0xd4 ./Application/App/subghz_phy_app.o
 .text.OnTxDone
                0x08000948       0x28 ./Application/App/subghz_phy_app.o
 .text.SubghzApp_Init
                0x08000970      0x194 ./Application/App/subghz_phy_app.o
                0x08000970                SubghzApp_Init
 .text.MX_DMA_Init
                0x08000b04       0x2c ./Application/Core/dma.o
                0x08000b04                MX_DMA_Init
 .text.SystemClock_Config
                0x08000b30       0xbc ./Application/Core/main.o
                0x08000b30                SystemClock_Config
 .text.startup.main
                0x08000bec       0xd4 ./Application/Core/main.o
                0x08000bec                main
 .text.Error_Handler
                0x08000cc0        0x4 ./Application/Core/main.o
                0x08000cc0                Error_Handler
 .text.MX_RTC_Init
                0x08000cc4       0xc0 ./Application/Core/rtc.o
                0x08000cc4                MX_RTC_Init
 .text.HAL_RTC_MspInit
                0x08000d84       0x58 ./Application/Core/rtc.o
                0x08000d84                HAL_RTC_MspInit
 .text.RTC_IF_GetTimerContext
                0x08000ddc        0xc ./Application/Core/rtc_if.o
                0x08000ddc                RTC_IF_GetTimerContext
 .text.RTC_IF_GetMinimumTimeout
                0x08000de8        0x4 ./Application/Core/rtc_if.o
                0x08000de8                RTC_IF_GetMinimumTimeout
 .text.RTC_IF_Convert_ms2Tick
                0x08000dec       0x10 ./Application/Core/rtc_if.o
                0x08000dec                RTC_IF_Convert_ms2Tick
 .text.RTC_IF_Convert_Tick2ms
                0x08000dfc       0x14 ./Application/Core/rtc_if.o
                0x08000dfc                RTC_IF_Convert_Tick2ms
 .text.RTC_IF_StopTimer
                0x08000e10       0x24 ./Application/Core/rtc_if.o
                0x08000e10                RTC_IF_StopTimer
 .text.RTC_GetCalendarValue
                0x08000e34       0xb4 ./Application/Core/rtc_if.o
 .text.RTC_IF_SetTimerContext
                0x08000ee8       0x1c ./Application/Core/rtc_if.o
                0x08000ee8                RTC_IF_SetTimerContext
 .text.RTC_IF_GetTimerElapsedTime
                0x08000f04       0x18 ./Application/Core/rtc_if.o
                0x08000f04                RTC_IF_GetTimerElapsedTime
 .text.RTC_IF_StartTimer
                0x08000f1c      0x138 ./Application/Core/rtc_if.o
                0x08000f1c                RTC_IF_StartTimer
 .text.RTC_IF_GetTime
                0x08001054       0x28 ./Application/Core/rtc_if.o
                0x08001054                RTC_IF_GetTime
 .text.RTC_IF_BkUp_Write_Seconds
                0x0800107c       0x14 ./Application/Core/rtc_if.o
                0x0800107c                RTC_IF_BkUp_Write_Seconds
 .text.RTC_IF_BkUp_Write_SubSeconds
                0x08001090       0x14 ./Application/Core/rtc_if.o
                0x08001090                RTC_IF_BkUp_Write_SubSeconds
 .text.RTC_IF_BkUp_Read_Seconds
                0x080010a4       0x10 ./Application/Core/rtc_if.o
                0x080010a4                RTC_IF_BkUp_Read_Seconds
 .text.RTC_IF_BkUp_Read_SubSeconds
                0x080010b4       0x10 ./Application/Core/rtc_if.o
                0x080010b4                RTC_IF_BkUp_Read_SubSeconds
 .text.RTC_IF_Init
                0x080010c4       0x50 ./Application/Core/rtc_if.o
                0x080010c4                RTC_IF_Init
 .text.RTC_IF_GetTimerValue
                0x08001114       0x1c ./Application/Core/rtc_if.o
                0x08001114                RTC_IF_GetTimerValue
 .text.RTC_IF_DelayMs
                0x08001130       0x26 ./Application/Core/rtc_if.o
                0x08001130                RTC_IF_DelayMs
 .text.HAL_RTC_AlarmAEventCallback
                0x08001156        0x8 ./Application/Core/rtc_if.o
                0x08001156                HAL_RTC_AlarmAEventCallback
 .text.PWR_EnterOffMode
                0x0800115e        0x2 ./Application/Core/stm32_lpm_if.o
                0x0800115e                PWR_EnterOffMode
 .text.PWR_EnterStopMode
                0x08001160       0x28 ./Application/Core/stm32_lpm_if.o
                0x08001160                PWR_EnterStopMode
 .text.PWR_ExitStopMode
                0x08001188       0x50 ./Application/Core/stm32_lpm_if.o
                0x08001188                PWR_ExitStopMode
 .text.PWR_EnterSleepMode
                0x080011d8        0xc ./Application/Core/stm32_lpm_if.o
                0x080011d8                PWR_EnterSleepMode
 .text.PWR_ExitSleepMode
                0x080011e4        0x2 ./Application/Core/stm32_lpm_if.o
                0x080011e4                PWR_ExitSleepMode
 .text.PWR_ExitOffMode
                0x080011e6        0x2 ./Application/Core/stm32_lpm_if.o
                0x080011e6                PWR_ExitOffMode
 .text.HAL_MspInit
                0x080011e8       0x30 ./Application/Core/stm32l0xx_hal_msp.o
                0x080011e8                HAL_MspInit
 .text.NMI_Handler
                0x08001218        0x2 ./Application/Core/stm32l0xx_it.o
                0x08001218                NMI_Handler
 .text.HardFault_Handler
                0x0800121a        0x2 ./Application/Core/stm32l0xx_it.o
                0x0800121a                HardFault_Handler
 .text.SVC_Handler
                0x0800121c        0x2 ./Application/Core/stm32l0xx_it.o
                0x0800121c                SVC_Handler
 .text.PendSV_Handler
                0x0800121e        0x2 ./Application/Core/stm32l0xx_it.o
                0x0800121e                PendSV_Handler
 .text.SysTick_Handler
                0x08001220        0x8 ./Application/Core/stm32l0xx_it.o
                0x08001220                SysTick_Handler
 .text.EXTI0_1_IRQHandler
                0x08001228       0x18 ./Application/Core/stm32l0xx_it.o
                0x08001228                EXTI0_1_IRQHandler
 .text.EXTI2_3_IRQHandler
                0x08001240        0x2 ./Application/Core/stm32l0xx_it.o
                0x08001240                EXTI2_3_IRQHandler
 *fill*         0x08001242        0x2 
 .text.EXTI4_15_IRQHandler
                0x08001244       0x18 ./Application/Core/stm32l0xx_it.o
                0x08001244                EXTI4_15_IRQHandler
 .text.DMA1_Channel4_5_6_7_IRQHandler
                0x0800125c       0x10 ./Application/Core/stm32l0xx_it.o
                0x0800125c                DMA1_Channel4_5_6_7_IRQHandler
 .text.USART2_IRQHandler
                0x0800126c       0x10 ./Application/Core/stm32l0xx_it.o
                0x0800126c                USART2_IRQHandler
 .text.RTC_IRQHandler
                0x0800127c       0x10 ./Application/Core/stm32l0xx_it.o
                0x0800127c                RTC_IRQHandler
 .text.tiny_snprintf_like.constprop.0
                0x0800128c       0x1c ./Application/Core/sys_app.o
 .text.TimestampNow
                0x080012a8       0x30 ./Application/Core/sys_app.o
 .text.SystemApp_Init
                0x080012d8       0xf0 ./Application/Core/sys_app.o
                0x080012d8                SystemApp_Init
 .text.UTIL_SEQ_Idle
                0x080013c8        0x8 ./Application/Core/sys_app.o
                0x080013c8                UTIL_SEQ_Idle
 .text.UTIL_ADV_TRACE_PreSendHook
                0x080013d0        0xc ./Application/Core/sys_app.o
                0x080013d0                UTIL_ADV_TRACE_PreSendHook
 .text.UTIL_ADV_TRACE_PostSendHook
                0x080013dc        0xc ./Application/Core/sys_app.o
                0x080013dc                UTIL_ADV_TRACE_PostSendHook
 .text.HAL_InitTick
                0x080013e8        0x4 ./Application/Core/sys_app.o
                0x080013e8                HAL_InitTick
 .text.HAL_GetTick
                0x080013ec        0x8 ./Application/Core/sys_app.o
                0x080013ec                HAL_GetTick
 .text.HAL_Delay
                0x080013f4        0xc ./Application/Core/sys_app.o
                0x080013f4                HAL_Delay
 .text.DBG_ConfigForLpm.part.0
                0x08001400       0x20 ./Application/Core/sys_debug.o
 .text.DBG_Disable
                0x08001420        0x8 ./Application/Core/sys_debug.o
                0x08001420                DBG_Disable
 .text.DBG_ProbesInit
                0x08001428        0x2 ./Application/Core/sys_debug.o
                0x08001428                DBG_ProbesInit
 *fill*         0x0800142a        0x2 
 .text.MX_USART2_UART_Init
                0x0800142c       0x34 ./Application/Core/usart.o
                0x0800142c                MX_USART2_UART_Init
 .text.HAL_UART_MspInit
                0x08001460      0x174 ./Application/Core/usart.o
                0x08001460                HAL_UART_MspInit
 .text.HAL_UART_MspDeInit
                0x080015d4       0x3c ./Application/Core/usart.o
                0x080015d4                HAL_UART_MspDeInit
 .text.vcom_Init
                0x08001610       0x18 ./Application/Core/usart_if.o
                0x08001610                vcom_Init
 .text.vcom_DeInit
                0x08001628       0x34 ./Application/Core/usart_if.o
                0x08001628                vcom_DeInit
 .text.vcom_Trace_DMA
                0x0800165c       0x18 ./Application/Core/usart_if.o
                0x0800165c                vcom_Trace_DMA
 .text.vcom_ReceiveInit
                0x08001674       0x50 ./Application/Core/usart_if.o
                0x08001674                vcom_ReceiveInit
 .text.HAL_UART_TxCpltCallback
                0x080016c4       0x10 ./Application/Core/usart_if.o
                0x080016c4                HAL_UART_TxCpltCallback
 .text.HAL_UART_RxCpltCallback
                0x080016d4       0x30 ./Application/Core/usart_if.o
                0x080016d4                HAL_UART_RxCpltCallback
 .text.Reset_Handler
                0x08001704       0x50 ./Application/SW4STM32/startup_stm32l072xx.o
                0x08001704                Reset_Handler
 .text.Default_Handler
                0x08001754        0x2 ./Application/SW4STM32/startup_stm32l072xx.o
                0x08001754                TSC_IRQHandler
                0x08001754                ADC1_COMP_IRQHandler
                0x08001754                PVD_IRQHandler
                0x08001754                I2C1_IRQHandler
                0x08001754                RCC_CRS_IRQHandler
                0x08001754                SPI1_IRQHandler
                0x08001754                TIM6_DAC_IRQHandler
                0x08001754                I2C2_IRQHandler
                0x08001754                TIM3_IRQHandler
                0x08001754                DMA1_Channel1_IRQHandler
                0x08001754                USART4_5_IRQHandler
                0x08001754                Default_Handler
                0x08001754                TIM22_IRQHandler
                0x08001754                TIM7_IRQHandler
                0x08001754                USB_IRQHandler
                0x08001754                I2C3_IRQHandler
                0x08001754                SPI2_IRQHandler
                0x08001754                TIM21_IRQHandler
                0x08001754                WWDG_IRQHandler
                0x08001754                TIM2_IRQHandler
                0x08001754                DMA1_Channel2_3_IRQHandler
                0x08001754                FLASH_IRQHandler
                0x08001754                USART1_IRQHandler
                0x08001754                RNG_LPUART1_IRQHandler
                0x08001754                LPTIM1_IRQHandler
 *fill*         0x08001756        0x2 
 .text.BSP_SPI1_SendRecv
                0x08001758       0x2c ./Application/Target/b_l072z_lrwan1_bus.o
                0x08001758                BSP_SPI1_SendRecv
 .text.MX_SPI1_Init
                0x08001784       0x60 ./Application/Target/b_l072z_lrwan1_bus.o
                0x08001784                MX_SPI1_Init
 .text.BSP_SPI1_Init
                0x080017e4       0x80 ./Application/Target/b_l072z_lrwan1_bus.o
                0x080017e4                BSP_SPI1_Init
 .text.BSP_LED_Init
                0x08001864       0x84 ./Drivers/BSP/B-L072Z-LRWAN1/b-l072z-lrwan1.o
                0x08001864                BSP_LED_Init
 .text.BSP_LED_Off
                0x080018e8       0x20 ./Drivers/BSP/B-L072Z-LRWAN1/b-l072z-lrwan1.o
                0x080018e8                BSP_LED_Off
 .text.BSP_LED_Toggle
                0x08001908       0x1c ./Drivers/BSP/B-L072Z-LRWAN1/b-l072z-lrwan1.o
                0x08001908                BSP_LED_Toggle
 .text.CMWX1ZZABZ0XX_RADIO_GetWakeUpTime
                0x08001924        0x4 ./Drivers/BSP/CMWX1ZZABZ_0xx/cmwx1zzabz_0xx.o
                0x08001924                CMWX1ZZABZ0XX_RADIO_GetWakeUpTime
 .text.CMWX1ZZABZ0XX_RADIO_SetXO
                0x08001928       0x2c ./Drivers/BSP/CMWX1ZZABZ_0xx/cmwx1zzabz_0xx.o
                0x08001928                CMWX1ZZABZ0XX_RADIO_SetXO
 .text.CMWX1ZZABZ0XX_RADIO_IoInit
                0x08001954      0x1b4 ./Drivers/BSP/CMWX1ZZABZ_0xx/cmwx1zzabz_0xx.o
                0x08001954                CMWX1ZZABZ0XX_RADIO_IoInit
 .text.CMWX1ZZABZ0XX_RADIO_IoDeInit
                0x08001b08       0xb0 ./Drivers/BSP/CMWX1ZZABZ_0xx/cmwx1zzabz_0xx.o
                0x08001b08                CMWX1ZZABZ0XX_RADIO_IoDeInit
 .text.CMWX1ZZABZ0XX_RADIO_IoIrqInit
                0x08001bb8       0x5c ./Drivers/BSP/CMWX1ZZABZ_0xx/cmwx1zzabz_0xx.o
                0x08001bb8                CMWX1ZZABZ0XX_RADIO_IoIrqInit
 .text.CMWX1ZZABZ0XX_RADIO_GetPaSelect
                0x08001c14        0x4 ./Drivers/BSP/CMWX1ZZABZ_0xx/cmwx1zzabz_0xx.o
                0x08001c14                CMWX1ZZABZ0XX_RADIO_GetPaSelect
 .text.CMWX1ZZABZ0XX_RADIO_SetAntSw
                0x08001c18       0x4c ./Drivers/BSP/CMWX1ZZABZ_0xx/cmwx1zzabz_0xx.o
                0x08001c18                CMWX1ZZABZ0XX_RADIO_SetAntSw
 .text.CMWX1ZZABZ0XX_RADIO_CheckRfFrequency
                0x08001c64        0x4 ./Drivers/BSP/CMWX1ZZABZ_0xx/cmwx1zzabz_0xx.o
                0x08001c64                CMWX1ZZABZ0XX_RADIO_CheckRfFrequency
 .text.CMWX1ZZABZ0XX_RADIO_Reset
                0x08001c68       0x4c ./Drivers/BSP/CMWX1ZZABZ_0xx/cmwx1zzabz_0xx.o
                0x08001c68                CMWX1ZZABZ0XX_RADIO_Reset
 .text.CMWX1ZZABZ0XX_RADIO_Bus_Init
                0x08001cb4        0x8 ./Drivers/BSP/CMWX1ZZABZ_0xx/cmwx1zzabz_0xx.o
                0x08001cb4                CMWX1ZZABZ0XX_RADIO_Bus_Init
 .text.CMWX1ZZABZ0XX_RADIO_SendRecv
                0x08001cbc       0x1c ./Drivers/BSP/CMWX1ZZABZ_0xx/cmwx1zzabz_0xx.o
                0x08001cbc                CMWX1ZZABZ0XX_RADIO_SendRecv
 .text.CMWX1ZZABZ0XX_RADIO_ChipSelect
                0x08001cd8       0x1a ./Drivers/BSP/CMWX1ZZABZ_0xx/cmwx1zzabz_0xx.o
                0x08001cd8                CMWX1ZZABZ0XX_RADIO_ChipSelect
 *fill*         0x08001cf2        0x2 
 .text.CMWX1ZZABZ0XX_RADIO_GetDio1PinState
                0x08001cf4       0x10 ./Drivers/BSP/CMWX1ZZABZ_0xx/cmwx1zzabz_0xx.o
                0x08001cf4                CMWX1ZZABZ0XX_RADIO_GetDio1PinState
 .text.SystemInit
                0x08001d04       0x5c ./Drivers/CMSIS/system_stm32l0xx.o
                0x08001d04                SystemInit
 .text.HAL_Init
                0x08001d60       0x28 ./Drivers/STM32L0xx_HAL_Driver/stm32l0xx_hal.o
                0x08001d60                HAL_Init
 .text.HAL_IncTick
                0x08001d88       0x18 ./Drivers/STM32L0xx_HAL_Driver/stm32l0xx_hal.o
                0x08001d88                HAL_IncTick
 .text.HAL_DBGMCU_EnableDBGSleepMode
                0x08001da0       0x10 ./Drivers/STM32L0xx_HAL_Driver/stm32l0xx_hal.o
                0x08001da0                HAL_DBGMCU_EnableDBGSleepMode
 .text.HAL_DBGMCU_EnableDBGStopMode
                0x08001db0       0x10 ./Drivers/STM32L0xx_HAL_Driver/stm32l0xx_hal.o
                0x08001db0                HAL_DBGMCU_EnableDBGStopMode
 .text.HAL_DBGMCU_EnableDBGStandbyMode
                0x08001dc0       0x10 ./Drivers/STM32L0xx_HAL_Driver/stm32l0xx_hal.o
                0x08001dc0                HAL_DBGMCU_EnableDBGStandbyMode
 .text.HAL_NVIC_SetPriority
                0x08001dd0       0x54 ./Drivers/STM32L0xx_HAL_Driver/stm32l0xx_hal_cortex.o
                0x08001dd0                HAL_NVIC_SetPriority
 .text.HAL_NVIC_EnableIRQ
                0x08001e24       0x18 ./Drivers/STM32L0xx_HAL_Driver/stm32l0xx_hal_cortex.o
                0x08001e24                HAL_NVIC_EnableIRQ
 .text.HAL_NVIC_DisableIRQ
                0x08001e3c       0x20 ./Drivers/STM32L0xx_HAL_Driver/stm32l0xx_hal_cortex.o
                0x08001e3c                HAL_NVIC_DisableIRQ
 .text.HAL_DMA_Init
                0x08001e5c       0x88 ./Drivers/STM32L0xx_HAL_Driver/stm32l0xx_hal_dma.o
                0x08001e5c                HAL_DMA_Init
 .text.HAL_DMA_DeInit
                0x08001ee4       0x60 ./Drivers/STM32L0xx_HAL_Driver/stm32l0xx_hal_dma.o
                0x08001ee4                HAL_DMA_DeInit
 .text.HAL_DMA_Start_IT
                0x08001f44       0x7c ./Drivers/STM32L0xx_HAL_Driver/stm32l0xx_hal_dma.o
                0x08001f44                HAL_DMA_Start_IT
 .text.HAL_DMA_Abort
                0x08001fc0       0x40 ./Drivers/STM32L0xx_HAL_Driver/stm32l0xx_hal_dma.o
                0x08001fc0                HAL_DMA_Abort
 .text.HAL_DMA_Abort_IT
                0x08002000       0x46 ./Drivers/STM32L0xx_HAL_Driver/stm32l0xx_hal_dma.o
                0x08002000                HAL_DMA_Abort_IT
 .text.HAL_DMA_IRQHandler
                0x08002046       0x96 ./Drivers/STM32L0xx_HAL_Driver/stm32l0xx_hal_dma.o
                0x08002046                HAL_DMA_IRQHandler
 .text.HAL_EXTI_RegisterCallback
                0x080020dc        0xe ./Drivers/STM32L0xx_HAL_Driver/stm32l0xx_hal_exti.o
                0x080020dc                HAL_EXTI_RegisterCallback
 .text.HAL_EXTI_GetHandle
                0x080020ea        0xe ./Drivers/STM32L0xx_HAL_Driver/stm32l0xx_hal_exti.o
                0x080020ea                HAL_EXTI_GetHandle
 .text.HAL_EXTI_IRQHandler
                0x080020f8       0x24 ./Drivers/STM32L0xx_HAL_Driver/stm32l0xx_hal_exti.o
                0x080020f8                HAL_EXTI_IRQHandler
 .text.HAL_GPIO_Init
                0x0800211c      0x178 ./Drivers/STM32L0xx_HAL_Driver/stm32l0xx_hal_gpio.o
                0x0800211c                HAL_GPIO_Init
 .text.HAL_GPIO_DeInit
                0x08002294       0xf8 ./Drivers/STM32L0xx_HAL_Driver/stm32l0xx_hal_gpio.o
                0x08002294                HAL_GPIO_DeInit
 .text.HAL_GPIO_ReadPin
                0x0800238c        0xc ./Drivers/STM32L0xx_HAL_Driver/stm32l0xx_hal_gpio.o
                0x0800238c                HAL_GPIO_ReadPin
 .text.HAL_GPIO_WritePin
                0x08002398        0xc ./Drivers/STM32L0xx_HAL_Driver/stm32l0xx_hal_gpio.o
                0x08002398                HAL_GPIO_WritePin
 .text.HAL_GPIO_TogglePin
                0x080023a4       0x10 ./Drivers/STM32L0xx_HAL_Driver/stm32l0xx_hal_gpio.o
                0x080023a4                HAL_GPIO_TogglePin
 .text.HAL_PWR_DisablePVD
                0x080023b4       0x10 ./Drivers/STM32L0xx_HAL_Driver/stm32l0xx_hal_pwr.o
                0x080023b4                HAL_PWR_DisablePVD
 .text.HAL_PWR_EnterSLEEPMode
                0x080023c4       0x70 ./Drivers/STM32L0xx_HAL_Driver/stm32l0xx_hal_pwr.o
                0x080023c4                HAL_PWR_EnterSLEEPMode
 .text.HAL_PWR_EnterSTOPMode
                0x08002434       0x78 ./Drivers/STM32L0xx_HAL_Driver/stm32l0xx_hal_pwr.o
                0x08002434                HAL_PWR_EnterSTOPMode
 .text.HAL_PWREx_EnableFastWakeUp
                0x080024ac       0x14 ./Drivers/STM32L0xx_HAL_Driver/stm32l0xx_hal_pwr_ex.o
                0x080024ac                HAL_PWREx_EnableFastWakeUp
 .text.HAL_PWREx_EnableUltraLowPower
                0x080024c0       0x14 ./Drivers/STM32L0xx_HAL_Driver/stm32l0xx_hal_pwr_ex.o
                0x080024c0                HAL_PWREx_EnableUltraLowPower
 .text.HAL_RCC_GetSysClockFreq
                0x080024d4       0x94 ./Drivers/STM32L0xx_HAL_Driver/stm32l0xx_hal_rcc.o
                0x080024d4                HAL_RCC_GetSysClockFreq
 .text.HAL_RCC_OscConfig
                0x08002568      0x514 ./Drivers/STM32L0xx_HAL_Driver/stm32l0xx_hal_rcc.o
                0x08002568                HAL_RCC_OscConfig
 .text.HAL_RCC_ClockConfig
                0x08002a7c      0x19c ./Drivers/STM32L0xx_HAL_Driver/stm32l0xx_hal_rcc.o
                0x08002a7c                HAL_RCC_ClockConfig
 .text.HAL_RCC_GetPCLK1Freq
                0x08002c18       0x20 ./Drivers/STM32L0xx_HAL_Driver/stm32l0xx_hal_rcc.o
                0x08002c18                HAL_RCC_GetPCLK1Freq
 .text.HAL_RCC_GetPCLK2Freq
                0x08002c38       0x20 ./Drivers/STM32L0xx_HAL_Driver/stm32l0xx_hal_rcc.o
                0x08002c38                HAL_RCC_GetPCLK2Freq
 .text.HAL_RCCEx_PeriphCLKConfig
                0x08002c58      0x1b8 ./Drivers/STM32L0xx_HAL_Driver/stm32l0xx_hal_rcc_ex.o
                0x08002c58                HAL_RCCEx_PeriphCLKConfig
 .text.HAL_RTC_DeactivateAlarm
                0x08002e10       0xbc ./Drivers/STM32L0xx_HAL_Driver/stm32l0xx_hal_rtc.o
                0x08002e10                HAL_RTC_DeactivateAlarm
 .text.HAL_RTC_AlarmIRQHandler
                0x08002ecc       0x60 ./Drivers/STM32L0xx_HAL_Driver/stm32l0xx_hal_rtc.o
                0x08002ecc                HAL_RTC_AlarmIRQHandler
 .text.HAL_RTC_WaitForSynchro
                0x08002f2c       0x34 ./Drivers/STM32L0xx_HAL_Driver/stm32l0xx_hal_rtc.o
                0x08002f2c                HAL_RTC_WaitForSynchro
 .text.RTC_EnterInitMode
                0x08002f60       0x38 ./Drivers/STM32L0xx_HAL_Driver/stm32l0xx_hal_rtc.o
                0x08002f60                RTC_EnterInitMode
 .text.HAL_RTC_Init
                0x08002f98       0xb8 ./Drivers/STM32L0xx_HAL_Driver/stm32l0xx_hal_rtc.o
                0x08002f98                HAL_RTC_Init
 .text.RTC_ByteToBcd2
                0x08003050       0x16 ./Drivers/STM32L0xx_HAL_Driver/stm32l0xx_hal_rtc.o
                0x08003050                RTC_ByteToBcd2
 *fill*         0x08003066        0x2 
 .text.HAL_RTC_SetTime
                0x08003068      0x10c ./Drivers/STM32L0xx_HAL_Driver/stm32l0xx_hal_rtc.o
                0x08003068                HAL_RTC_SetTime
 .text.HAL_RTC_SetDate
                0x08003174       0xdc ./Drivers/STM32L0xx_HAL_Driver/stm32l0xx_hal_rtc.o
                0x08003174                HAL_RTC_SetDate
 .text.HAL_RTC_SetAlarm_IT
                0x08003250      0x1a0 ./Drivers/STM32L0xx_HAL_Driver/stm32l0xx_hal_rtc.o
                0x08003250                HAL_RTC_SetAlarm_IT
 .text.RTC_Bcd2ToByte
                0x080033f0       0x12 ./Drivers/STM32L0xx_HAL_Driver/stm32l0xx_hal_rtc.o
                0x080033f0                RTC_Bcd2ToByte
 *fill*         0x08003402        0x2 
 .text.HAL_RTC_GetTime
                0x08003404       0x54 ./Drivers/STM32L0xx_HAL_Driver/stm32l0xx_hal_rtc.o
                0x08003404                HAL_RTC_GetTime
 .text.HAL_RTC_GetDate
                0x08003458       0x44 ./Drivers/STM32L0xx_HAL_Driver/stm32l0xx_hal_rtc.o
                0x08003458                HAL_RTC_GetDate
 .text.HAL_RTCEx_BKUPWrite
                0x0800349c        0xc ./Drivers/STM32L0xx_HAL_Driver/stm32l0xx_hal_rtc_ex.o
                0x0800349c                HAL_RTCEx_BKUPWrite
 .text.HAL_RTCEx_BKUPRead
                0x080034a8        0xc ./Drivers/STM32L0xx_HAL_Driver/stm32l0xx_hal_rtc_ex.o
                0x080034a8                HAL_RTCEx_BKUPRead
 .text.HAL_RTCEx_EnableBypassShadow
                0x080034b4       0x34 ./Drivers/STM32L0xx_HAL_Driver/stm32l0xx_hal_rtc_ex.o
                0x080034b4                HAL_RTCEx_EnableBypassShadow
 .text.HAL_RTCEx_AlarmBEventCallback
                0x080034e8        0x2 ./Drivers/STM32L0xx_HAL_Driver/stm32l0xx_hal_rtc_ex.o
                0x080034e8                HAL_RTCEx_AlarmBEventCallback
 *fill*         0x080034ea        0x2 
 .text.SPI_WaitFlagStateUntilTimeout
                0x080034ec       0xc4 ./Drivers/STM32L0xx_HAL_Driver/stm32l0xx_hal_spi.o
 .text.SPI_EndRxTxTransaction
                0x080035b0       0x68 ./Drivers/STM32L0xx_HAL_Driver/stm32l0xx_hal_spi.o
 .text.HAL_SPI_MspInit
                0x08003618        0x2 ./Drivers/STM32L0xx_HAL_Driver/stm32l0xx_hal_spi.o
                0x08003618                HAL_SPI_MspInit
 *fill*         0x0800361a        0x2 
 .text.HAL_SPI_Init
                0x0800361c       0xd0 ./Drivers/STM32L0xx_HAL_Driver/stm32l0xx_hal_spi.o
                0x0800361c                HAL_SPI_Init
 .text.HAL_SPI_TransmitReceive
                0x080036ec      0x288 ./Drivers/STM32L0xx_HAL_Driver/stm32l0xx_hal_spi.o
                0x080036ec                HAL_SPI_TransmitReceive
 .text.HAL_SPI_GetState
                0x08003974        0x8 ./Drivers/STM32L0xx_HAL_Driver/stm32l0xx_hal_spi.o
                0x08003974                HAL_SPI_GetState
 .text.UART_EndRxTransfer
                0x0800397c       0x34 ./Drivers/STM32L0xx_HAL_Driver/stm32l0xx_hal_uart.o
 .text.HAL_UART_Transmit_DMA
                0x080039b0       0xa4 ./Drivers/STM32L0xx_HAL_Driver/stm32l0xx_hal_uart.o
                0x080039b0                HAL_UART_Transmit_DMA
 .text.UART_DMATransmitCplt
                0x08003a54       0x34 ./Drivers/STM32L0xx_HAL_Driver/stm32l0xx_hal_uart.o
 .text.HAL_UART_TxHalfCpltCallback
                0x08003a88        0x2 ./Drivers/STM32L0xx_HAL_Driver/stm32l0xx_hal_uart.o
                0x08003a88                HAL_UART_TxHalfCpltCallback
 .text.UART_DMATxHalfCplt
                0x08003a8a        0xa ./Drivers/STM32L0xx_HAL_Driver/stm32l0xx_hal_uart.o
 .text.HAL_UART_ErrorCallback
                0x08003a94        0x2 ./Drivers/STM32L0xx_HAL_Driver/stm32l0xx_hal_uart.o
                0x08003a94                HAL_UART_ErrorCallback
 .text.UART_DMAError
                0x08003a96       0x52 ./Drivers/STM32L0xx_HAL_Driver/stm32l0xx_hal_uart.o
 .text.UART_DMAAbortOnError
                0x08003ae8       0x16 ./Drivers/STM32L0xx_HAL_Driver/stm32l0xx_hal_uart.o
 .text.HAL_UARTEx_RxEventCallback
                0x08003afe        0x2 ./Drivers/STM32L0xx_HAL_Driver/stm32l0xx_hal_uart.o
                0x08003afe                HAL_UARTEx_RxEventCallback
 .text.HAL_UART_IRQHandler
                0x08003b00      0x230 ./Drivers/STM32L0xx_HAL_Driver/stm32l0xx_hal_uart.o
                0x08003b00                HAL_UART_IRQHandler
 .text.UART_RxISR_8BIT
                0x08003d30       0x84 ./Drivers/STM32L0xx_HAL_Driver/stm32l0xx_hal_uart.o
 .text.UART_RxISR_16BIT
                0x08003db4       0x80 ./Drivers/STM32L0xx_HAL_Driver/stm32l0xx_hal_uart.o
 .text.UART_SetConfig
                0x08003e34      0x20c ./Drivers/STM32L0xx_HAL_Driver/stm32l0xx_hal_uart.o
                0x08003e34                UART_SetConfig
 .text.UART_AdvFeatureConfig
                0x08004040       0xd0 ./Drivers/STM32L0xx_HAL_Driver/stm32l0xx_hal_uart.o
                0x08004040                UART_AdvFeatureConfig
 .text.UART_WaitOnFlagUntilTimeout
                0x08004110       0x8c ./Drivers/STM32L0xx_HAL_Driver/stm32l0xx_hal_uart.o
                0x08004110                UART_WaitOnFlagUntilTimeout
 .text.HAL_UART_Transmit
                0x0800419c       0xdc ./Drivers/STM32L0xx_HAL_Driver/stm32l0xx_hal_uart.o
                0x0800419c                HAL_UART_Transmit
 .text.HAL_UART_Receive
                0x08004278      0x10c ./Drivers/STM32L0xx_HAL_Driver/stm32l0xx_hal_uart.o
                0x08004278                HAL_UART_Receive
 .text.UART_CheckIdleState
                0x08004384       0x64 ./Drivers/STM32L0xx_HAL_Driver/stm32l0xx_hal_uart.o
                0x08004384                UART_CheckIdleState
 .text.HAL_UART_Init
                0x080043e8       0x64 ./Drivers/STM32L0xx_HAL_Driver/stm32l0xx_hal_uart.o
                0x080043e8                HAL_UART_Init
 .text.UART_Start_Receive_IT
                0x0800444c       0x94 ./Drivers/STM32L0xx_HAL_Driver/stm32l0xx_hal_uart.o
                0x0800444c                UART_Start_Receive_IT
 .text.HAL_UART_Receive_IT
                0x080044e0       0x64 ./Drivers/STM32L0xx_HAL_Driver/stm32l0xx_hal_uart.o
                0x080044e0                HAL_UART_Receive_IT
 .text.HAL_UARTEx_WakeupCallback
                0x08004544        0x2 ./Drivers/STM32L0xx_HAL_Driver/stm32l0xx_hal_uart_ex.o
                0x08004544                HAL_UARTEx_WakeupCallback
 *fill*         0x08004546        0x2 
 .text.HAL_UARTEx_StopModeWakeUpSourceConfig
                0x08004548       0x8c ./Drivers/STM32L0xx_HAL_Driver/stm32l0xx_hal_uart_ex.o
                0x08004548                HAL_UARTEx_StopModeWakeUpSourceConfig
 .text.HAL_UARTEx_EnableStopMode
                0x080045d4       0x20 ./Drivers/STM32L0xx_HAL_Driver/stm32l0xx_hal_uart_ex.o
                0x080045d4                HAL_UARTEx_EnableStopMode
 .text.SX1276GetStatus
                0x080045f4        0xc ./Middlewares/SubGHz_Phy/sx1276.o
                0x080045f4                SX1276GetStatus
 .text.GetFskBandwidthRegValue
                0x08004600       0x2c ./Middlewares/SubGHz_Phy/sx1276.o
 .text.SX1276GetTimeOnAir
                0x0800462c       0xec ./Middlewares/SubGHz_Phy/sx1276.o
                0x0800462c                SX1276GetTimeOnAir
 .text.SX1276GetWakeupTime
                0x08004718        0xa ./Middlewares/SubGHz_Phy/sx1276.o
                0x08004718                SX1276GetWakeupTime
 .text.SX1276WriteBuffer
                0x08004722       0x30 ./Middlewares/SubGHz_Phy/sx1276.o
                0x08004722                SX1276WriteBuffer
 .text.SX1276Write
                0x08004752       0x12 ./Middlewares/SubGHz_Phy/sx1276.o
                0x08004752                SX1276Write
 .text.SX1276SetChannel
                0x08004764       0x54 ./Middlewares/SubGHz_Phy/sx1276.o
                0x08004764                SX1276SetChannel
 .text.SX1276ReadBuffer
                0x080047b8       0x30 ./Middlewares/SubGHz_Phy/sx1276.o
                0x080047b8                SX1276ReadBuffer
 .text.SX1276Read
                0x080047e8       0x12 ./Middlewares/SubGHz_Phy/sx1276.o
                0x080047e8                SX1276Read
 *fill*         0x080047fa        0x2 
 .text.SX1276OnDio2Irq
                0x080047fc       0xc0 ./Middlewares/SubGHz_Phy/sx1276.o
 .text.SX1276OnDio4Irq
                0x080048bc       0x1c ./Middlewares/SubGHz_Phy/sx1276.o
 .text.SX1276OnDio3Irq
                0x080048d8       0x54 ./Middlewares/SubGHz_Phy/sx1276.o
 .text.SX1276SetOpMode.part.0
                0x0800492c       0x56 ./Middlewares/SubGHz_Phy/sx1276.o
 *fill*         0x08004982        0x2 
 .text.SX1276SetStby
                0x08004984       0x38 ./Middlewares/SubGHz_Phy/sx1276.o
                0x08004984                SX1276SetStby
 .text.SX1276SetRx
                0x080049bc      0x214 ./Middlewares/SubGHz_Phy/sx1276.o
                0x080049bc                SX1276SetRx
 .text.SX1276StartCad
                0x08004bd0       0x34 ./Middlewares/SubGHz_Phy/sx1276.o
                0x08004bd0                SX1276StartCad
 .text.SX1276ReadRssi
                0x08004c04       0x44 ./Middlewares/SubGHz_Phy/sx1276.o
                0x08004c04                SX1276ReadRssi
 .text.SX1276SetOpMode.constprop.0
                0x08004c48       0x20 ./Middlewares/SubGHz_Phy/sx1276.o
 .text.SX1276SetModem
                0x08004c68       0x6c ./Middlewares/SubGHz_Phy/sx1276.o
                0x08004c68                SX1276SetModem
 .text.SX1276SetMaxPayloadLength
                0x08004cd4       0x30 ./Middlewares/SubGHz_Phy/sx1276.o
                0x08004cd4                SX1276SetMaxPayloadLength
 .text.SX1276SetPublicNetwork
                0x08004d04       0x24 ./Middlewares/SubGHz_Phy/sx1276.o
                0x08004d04                SX1276SetPublicNetwork
 .text.SX1276SetRxConfig
                0x08004d28      0x2d8 ./Middlewares/SubGHz_Phy/sx1276.o
                0x08004d28                SX1276SetRxConfig
 .text.SX1276SetSleep
                0x08005000       0x3c ./Middlewares/SubGHz_Phy/sx1276.o
                0x08005000                SX1276SetSleep
 .text.SX1276IsChannelFree
                0x0800503c       0x66 ./Middlewares/SubGHz_Phy/sx1276.o
                0x0800503c                SX1276IsChannelFree
 .text.SX1276Random
                0x080050a2       0x3c ./Middlewares/SubGHz_Phy/sx1276.o
                0x080050a2                SX1276Random
 *fill*         0x080050de        0x2 
 .text.SX1276SetTxConfig
                0x080050e0      0x330 ./Middlewares/SubGHz_Phy/sx1276.o
                0x080050e0                SX1276SetTxConfig
 .text.SX1276SetTxContinuousWave
                0x08005410       0x80 ./Middlewares/SubGHz_Phy/sx1276.o
                0x08005410                SX1276SetTxContinuousWave
 .text.RxChainCalibration
                0x08005490       0x98 ./Middlewares/SubGHz_Phy/sx1276.o
 .text.SX1276Init
                0x08005528       0x9c ./Middlewares/SubGHz_Phy/sx1276.o
                0x08005528                SX1276Init
 .text.SX1276OnTimeoutIrq
                0x080055c4       0xb8 ./Middlewares/SubGHz_Phy/sx1276.o
 .text.SX1276OnDio0Irq
                0x0800567c      0x250 ./Middlewares/SubGHz_Phy/sx1276.o
 .text.SX1276Send
                0x080058cc      0x194 ./Middlewares/SubGHz_Phy/sx1276.o
                0x080058cc                SX1276Send
 .text.SX1276OnDio1Irq
                0x08005a60       0xf8 ./Middlewares/SubGHz_Phy/sx1276.o
 .text.TRACE_AllocateBufer
                0x08005b58       0x68 ./Utilities/stm32_adv_trace.o
 .text.TRACE_Lock
                0x08005bc0       0x18 ./Utilities/stm32_adv_trace.o
 .text.TRACE_UnLock
                0x08005bd8       0x18 ./Utilities/stm32_adv_trace.o
 .text.UTIL_ADV_TRACE_Init
                0x08005bf0       0x34 ./Utilities/stm32_adv_trace.o
                0x08005bf0                UTIL_ADV_TRACE_Init
 .text.UTIL_ADV_TRACE_RegisterTimeStampFunction
                0x08005c24        0xc ./Utilities/stm32_adv_trace.o
                0x08005c24                UTIL_ADV_TRACE_RegisterTimeStampFunction
 .text.UTIL_ADV_TRACE_SetVerboseLevel
                0x08005c30        0xc ./Utilities/stm32_adv_trace.o
                0x08005c30                UTIL_ADV_TRACE_SetVerboseLevel
 .text.TRACE_Send
                0x08005c3c       0x84 ./Utilities/stm32_adv_trace.o
 .text.UTIL_ADV_TRACE_COND_FSend
                0x08005cc0       0xc8 ./Utilities/stm32_adv_trace.o
                0x08005cc0                UTIL_ADV_TRACE_COND_FSend
 .text.TRACE_TxCpltCallback
                0x08005d88       0x94 ./Utilities/stm32_adv_trace.o
 .text.UTIL_LPM_Init
                0x08005e1c       0x10 ./Utilities/stm32_lpm.o
                0x08005e1c                UTIL_LPM_Init
 .text.UTIL_LPM_SetStopMode
                0x08005e2c       0x2c ./Utilities/stm32_lpm.o
                0x08005e2c                UTIL_LPM_SetStopMode
 .text.UTIL_LPM_SetOffMode
                0x08005e58       0x2c ./Utilities/stm32_lpm.o
                0x08005e58                UTIL_LPM_SetOffMode
 .text.UTIL_LPM_GetMode
                0x08005e84       0x24 ./Utilities/stm32_lpm.o
                0x08005e84                UTIL_LPM_GetMode
 .text.UTIL_LPM_EnterLowPower
                0x08005ea8       0x40 ./Utilities/stm32_lpm.o
                0x08005ea8                UTIL_LPM_EnterLowPower
 .text.UTIL_MEM_cpy_8
                0x08005ee8       0x12 ./Utilities/stm32_mem.o
                0x08005ee8                UTIL_MEM_cpy_8
 *fill*         0x08005efa        0x2 
 .text.UTIL_MEM_set_8
                0x08005efc       0x18 ./Utilities/stm32_mem.o
                0x08005efc                UTIL_MEM_set_8
 .text.UTIL_SEQ_SetTask
                0x08005f14       0x24 ./Utilities/stm32_seq.o
                0x08005f14                UTIL_SEQ_SetTask
 .text.UTIL_SEQ_PreIdle
                0x08005f38        0x2 ./Utilities/stm32_seq.o
                0x08005f38                UTIL_SEQ_PreIdle
 .text.UTIL_SEQ_PostIdle
                0x08005f3a        0x2 ./Utilities/stm32_seq.o
                0x08005f3a                UTIL_SEQ_PostIdle
 .text.SEQ_BitPosition
                0x08005f3c       0x40 ./Utilities/stm32_seq.o
                0x08005f3c                SEQ_BitPosition
 .text.UTIL_SEQ_Run
                0x08005f7c       0xcc ./Utilities/stm32_seq.o
                0x08005f7c                UTIL_SEQ_Run
 .text.UTIL_SEQ_RegTask
                0x08006048       0x20 ./Utilities/stm32_seq.o
                0x08006048                UTIL_SEQ_RegTask
 .text.SysTimeGet
                0x08006068       0x50 ./Utilities/stm32_systime.o
                0x08006068                SysTimeGet
 .text.UTIL_TIMER_Init
                0x080060b8       0x18 ./Utilities/stm32_timer.o
                0x080060b8                UTIL_TIMER_Init
 .text.UTIL_TIMER_Create
                0x080060d0       0x38 ./Utilities/stm32_timer.o
                0x080060d0                UTIL_TIMER_Create
 .text.UTIL_TIMER_GetCurrentTime
                0x08006108       0x14 ./Utilities/stm32_timer.o
                0x08006108                UTIL_TIMER_GetCurrentTime
 .text.UTIL_TIMER_GetElapsedTime
                0x0800611c       0x20 ./Utilities/stm32_timer.o
                0x0800611c                UTIL_TIMER_GetElapsedTime
 .text.TimerExists
                0x0800613c       0x1c ./Utilities/stm32_timer.o
                0x0800613c                TimerExists
 .text.TimerSetTimeout
                0x08006158       0x34 ./Utilities/stm32_timer.o
                0x08006158                TimerSetTimeout
 .text.UTIL_TIMER_Stop
                0x0800618c       0x60 ./Utilities/stm32_timer.o
                0x0800618c                UTIL_TIMER_Stop
 .text.TimerInsertTimer
                0x080061ec       0x2c ./Utilities/stm32_timer.o
                0x080061ec                TimerInsertTimer
 .text.TimerInsertNewHeadTimer
                0x08006218       0x1c ./Utilities/stm32_timer.o
                0x08006218                TimerInsertNewHeadTimer
 .text.UTIL_TIMER_Start
                0x08006234       0x7c ./Utilities/stm32_timer.o
                0x08006234                UTIL_TIMER_Start
 .text.UTIL_TIMER_SetPeriod
                0x080062b0       0x38 ./Utilities/stm32_timer.o
                0x080062b0                UTIL_TIMER_SetPeriod
 .text.UTIL_TIMER_IRQ_Handler
                0x080062e8       0x84 ./Utilities/stm32_timer.o
                0x080062e8                UTIL_TIMER_IRQ_Handler
 .text.tiny_vsnprintf_like
                0x0800636c      0x268 ./Utilities/stm32_tiny_vsnprintf.o
                0x0800636c                tiny_vsnprintf_like
 .text.memset   0x080065d4       0x10 /opt/st/stm32cubeide_1.18.1/plugins/com.st.stm32cube.ide.mcu.externaltools.gnu-tools-for-stm32.13.3.rel1.linux64_1.0.0.202410170706/tools/bin/../lib/gcc/arm-none-eabi/13.3.1/../../../../arm-none-eabi/lib/thumb/v6-m/nofp/libc_nano.a(libc_a-memset.o)
                0x080065d4                memset
 .text.__libc_init_array
                0x080065e4       0x48 /opt/st/stm32cubeide_1.18.1/plugins/com.st.stm32cube.ide.mcu.externaltools.gnu-tools-for-stm32.13.3.rel1.linux64_1.0.0.202410170706/tools/bin/../lib/gcc/arm-none-eabi/13.3.1/../../../../arm-none-eabi/lib/thumb/v6-m/nofp/libc_nano.a(libc_a-init.o)
                0x080065e4                __libc_init_array
 .text.memcpy   0x0800662c       0x12 /opt/st/stm32cubeide_1.18.1/plugins/com.st.stm32cube.ide.mcu.externaltools.gnu-tools-for-stm32.13.3.rel1.linux64_1.0.0.202410170706/tools/bin/../lib/gcc/arm-none-eabi/13.3.1/../../../../arm-none-eabi/lib/thumb/v6-m/nofp/libc_nano.a(libc_a-memcpy-stub.o)
                0x0800662c                memcpy
 *(.glue_7)
 .glue_7        0x0800663e        0x0 linker stubs
 *(.glue_7t)
 .glue_7t       0x0800663e        0x0 linker stubs
 *(.eh_frame)
 *fill*         0x0800663e        0x2 
 .eh_frame      0x08006640        0x0 /opt/st/stm32cubeide_1.18.1/plugins/com.st.stm32cube.ide.mcu.externaltools.gnu-tools-for-stm32.13.3.rel1.linux64_1.0.0.202410170706/tools/bin/../lib/gcc/arm-none-eabi/13.3.1/thumb/v6-m/nofp/crtbegin.o
 *(.init)
 .init          0x08006640        0x4 /opt/st/stm32cubeide_1.18.1/plugins/com.st.stm32cube.ide.mcu.externaltools.gnu-tools-for-stm32.13.3.rel1.linux64_1.0.0.202410170706/tools/bin/../lib/gcc/arm-none-eabi/13.3.1/thumb/v6-m/nofp/crti.o
                0x08006640                _init
 .init          0x08006644        0x8 /opt/st/stm32cubeide_1.18.1/plugins/com.st.stm32cube.ide.mcu.externaltools.gnu-tools-for-stm32.13.3.rel1.linux64_1.0.0.202410170706/tools/bin/../lib/gcc/arm-none-eabi/13.3.1/thumb/v6-m/nofp/crtn.o
 *(.fini)
 .fini          0x0800664c        0x4 /opt/st/stm32cubeide_1.18.1/plugins/com.st.stm32cube.ide.mcu.externaltools.gnu-tools-for-stm32.13.3.rel1.linux64_1.0.0.202410170706/tools/bin/../lib/gcc/arm-none-eabi/13.3.1/thumb/v6-m/nofp/crti.o
                0x0800664c                _fini
 .fini          0x08006650        0x8 /opt/st/stm32cubeide_1.18.1/plugins/com.st.stm32cube.ide.mcu.externaltools.gnu-tools-for-stm32.13.3.rel1.linux64_1.0.0.202410170706/tools/bin/../lib/gcc/arm-none-eabi/13.3.1/thumb/v6-m/nofp/crtn.o
                0x08006658                        . = ALIGN (0x4)
                0x08006658                        _etext = .

.vfp11_veneer   0x08006658        0x0
 .vfp11_veneer  0x08006658        0x0 linker stubs

.v4_bx          0x08006658        0x0
 .v4_bx         0x08006658        0x0 linker stubs

.iplt           0x08006658        0x0
 .iplt          0x08006658        0x0 /opt/st/stm32cubeide_1.18.1/plugins/com.st.stm32cube.ide.mcu.externaltools.gnu-tools-for-stm32.13.3.rel1.linux64_1.0.0.202410170706/tools/bin/../lib/gcc/arm-none-eabi/13.3.1/thumb/v6-m/nofp/crtbegin.o

.rodata         0x08006658      0x408
                0x08006658                        . = ALIGN (0x4)
 *(.rodata)
 .rodata        0x08006658       0x58 ./Application/Core/rtc_if.o
                0x08006670                UTIL_SYSTIMDriver
                0x08006684                UTIL_TimerDriver
 .rodata        0x080066b0       0x18 ./Application/Core/stm32_lpm_if.o
                0x080066b0                UTIL_PowerDriver
 .rodata        0x080066c8       0x10 ./Application/Core/usart_if.o
                0x080066c8                UTIL_TraceDriver
 .rodata        0x080066d8       0x20 ./Application/Target/b_l072z_lrwan1_bus.o
 .rodata        0x080066f8        0xc ./Drivers/BSP/B-L072Z-LRWAN1/b-l072z-lrwan1.o
                0x080066f8                LED_PIN
                0x08006700                BUTTON_IRQn
                0x08006702                BUTTON_PIN
 .rodata        0x08006704       0x24 ./Drivers/BSP/CMWX1ZZABZ_0xx/cmwx1zzabz_0xx.o
 .rodata        0x08006728       0x21 ./Drivers/CMSIS/system_stm32l0xx.o
                0x08006728                PLLMulTable
                0x08006731                AHBPrescTable
                0x08006741                APBPrescTable
 *fill*         0x08006749        0x3 
 .rodata        0x0800674c      0x158 ./Middlewares/SubGHz_Phy/sx1276.o
                0x08006758                RadioRegsInit
                0x08006788                FskBandwidths
                0x08006838                Radio
 .rodata        0x080068a4       0x10 ./Utilities/stm32_seq.o
 *(.rodata*)
 .rodata.str1.1
                0x080068b4      0x1a8 ./Application/App/subghz_phy_app.o
                                0x134 (size before relaxing)
 .rodata.str1.1
                0x08006a5c       0x28 ./Application/Core/main.o
 .rodata.str1.1
                0x08006a5c        0x9 ./Application/Core/sys_app.o
 .rodata.cst1   0x08006a5c        0x1 ./Middlewares/SubGHz_Phy/sx1276.o
 .rodata.str1.1
                0x08006a5d       0x51 ./Utilities/stm32_tiny_vsnprintf.o
                0x08006ab0                        . = ALIGN (0x4)
 *fill*         0x08006a5d        0x3 

.ARM.extab
 *(.ARM.extab* .gnu.linkonce.armextab.*)

.ARM            0x08006a60        0x8
                0x08006a60                        __exidx_start = .
 *(.ARM.exidx*)
 .ARM.exidx     0x08006a60        0x8 /opt/st/stm32cubeide_1.18.1/plugins/com.st.stm32cube.ide.mcu.externaltools.gnu-tools-for-stm32.13.3.rel1.linux64_1.0.0.202410170706/tools/bin/../lib/gcc/arm-none-eabi/13.3.1/thumb/v6-m/nofp/libgcc.a(_udivmoddi4.o)
                0x08006a68                        __exidx_end = .

.rel.dyn        0x08006a68        0x0
 .rel.iplt      0x08006a68        0x0 /opt/st/stm32cubeide_1.18.1/plugins/com.st.stm32cube.ide.mcu.externaltools.gnu-tools-for-stm32.13.3.rel1.linux64_1.0.0.202410170706/tools/bin/../lib/gcc/arm-none-eabi/13.3.1/thumb/v6-m/nofp/crtbegin.o

.preinit_array  0x08006a68        0x0
                0x08006a68                        PROVIDE (__preinit_array_start = .)
 *(.preinit_array*)
                0x08006a68                        PROVIDE (__preinit_array_end = .)

.init_array     0x08006a68        0x4
                0x08006a68                        PROVIDE (__init_array_start = .)
 *(SORT_BY_NAME(.init_array.*))
 *(.init_array*)
 .init_array    0x08006a68        0x4 /opt/st/stm32cubeide_1.18.1/plugins/com.st.stm32cube.ide.mcu.externaltools.gnu-tools-for-stm32.13.3.rel1.linux64_1.0.0.202410170706/tools/bin/../lib/gcc/arm-none-eabi/13.3.1/thumb/v6-m/nofp/crtbegin.o
                0x08006a6c                        PROVIDE (__init_array_end = .)

.fini_array     0x08006a6c        0x4
                [!provide]                        PROVIDE (__fini_array_start = .)
 *(SORT_BY_NAME(.fini_array.*))
 *(.fini_array*)
 .fini_array    0x08006a6c        0x4 /opt/st/stm32cubeide_1.18.1/plugins/com.st.stm32cube.ide.mcu.externaltools.gnu-tools-for-stm32.13.3.rel1.linux64_1.0.0.202410170706/tools/bin/../lib/gcc/arm-none-eabi/13.3.1/thumb/v6-m/nofp/crtbegin.o
                [!provide]                        PROVIDE (__fini_array_end = .)
                0x08006a70                        _sidata = LOADADDR (.data)

.data           0x20000000       0x44 load address 0x08006a70
                0x20000000                        . = ALIGN (0x4)
                0x20000000                        _sdata = .
 *(.data)
 .data          0x20000000        0x1 ./Application/App/subghz_phy_app.o
                0x20000000                isMaster
 *fill*         0x20000001        0x3 
 .data          0x20000004       0x14 ./Drivers/BSP/B-L072Z-LRWAN1/b-l072z-lrwan1.o
                0x20000004                LED_PORT
                0x20000014                BUTTON_PORT
 .data          0x20000018        0x4 ./Drivers/CMSIS/system_stm32l0xx.o
                0x20000018                SystemCoreClock
 .data          0x2000001c        0x8 ./Drivers/STM32L0xx_HAL_Driver/stm32l0xx_hal.o
                0x2000001c                uwTickFreq
                0x20000020                uwTickPrio
 .data          0x20000024       0x18 ./Middlewares/SubGHz_Phy/sx1276.o
                0x20000024                DioIrq
 .data          0x2000003c        0x8 ./Utilities/stm32_seq.o
 *(.data*)
                0x20000044                        . = ALIGN (0x4)
                0x20000044                        _edata = .

.igot.plt       0x20000044        0x0 load address 0x08006ab4
 .igot.plt      0x20000044        0x0 /opt/st/stm32cubeide_1.18.1/plugins/com.st.stm32cube.ide.mcu.externaltools.gnu-tools-for-stm32.13.3.rel1.linux64_1.0.0.202410170706/tools/bin/../lib/gcc/arm-none-eabi/13.3.1/thumb/v6-m/nofp/crtbegin.o
                0x20000044                        . = ALIGN (0x4)

.bss            0x20000044      0xab0 load address 0x08006ab4
                0x20000044                        _sbss = .
                0x20000044                        __bss_start__ = _sbss
 *(.bss)
 .bss           0x20000044       0x1c /opt/st/stm32cubeide_1.18.1/plugins/com.st.stm32cube.ide.mcu.externaltools.gnu-tools-for-stm32.13.3.rel1.linux64_1.0.0.202410170706/tools/bin/../lib/gcc/arm-none-eabi/13.3.1/thumb/v6-m/nofp/crtbegin.o
 .bss           0x20000060      0x23e ./Application/App/subghz_phy_app.o
                0x2000007a                RxBufferSize
                0x20000080                SnrValue
                0x20000081                RssiValue
 *fill*         0x2000029e        0x2 
 .bss           0x200002a0      0x11c ./Application/Core/main.o
                0x200002a0                rxBuffer
                0x20000338                huart1
 .bss           0x200003bc       0x24 ./Application/Core/rtc.o
                0x200003bc                hrtc
 .bss           0x200003e0       0x45 ./Application/Core/rtc_if.o
 *fill*         0x20000425        0x3 
 .bss           0x20000428       0xcc ./Application/Core/usart.o
                0x20000428                hdma_usart2_tx
                0x20000470                huart2
 .bss           0x200004f4        0x9 ./Application/Core/usart_if.o
                0x200004fc                charRx
 *fill*         0x200004fd        0x3 
 .bss           0x20000500       0x58 ./Application/Target/b_l072z_lrwan1_bus.o
                0x20000500                hspi1
 .bss           0x20000558       0x20 ./Drivers/BSP/CMWX1ZZABZ_0xx/cmwx1zzabz_0xx.o
                0x20000558                hRADIO_DIO_exti
 .bss           0x20000578        0x4 ./Drivers/STM32L0xx_HAL_Driver/stm32l0xx_hal.o
                0x20000578                uwTick
 .bss           0x2000057c      0x1b4 ./Middlewares/SubGHz_Phy/sx1276.o
                0x2000057c                SX1276
                0x200005e4                RxTimeoutSyncWord
                0x20000600                RxTimeoutTimer
                0x20000618                TxTimeoutTimer
 .bss           0x20000730      0x318 ./Utilities/stm32_adv_trace.o
 .bss           0x20000a48        0x8 ./Utilities/stm32_lpm.o
 .bss           0x20000a50       0xa0 ./Utilities/stm32_seq.o
 .bss           0x20000af0        0x4 ./Utilities/stm32_timer.o
 *(.bss*)
 *(COMMON)
                0x20000af4                        . = ALIGN (0x4)
                0x20000af4                        _ebss = .
                0x20000af4                        __bss_end__ = _ebss

._user_heap_stack
                0x20000af4      0x604 load address 0x08006ab4
                0x20000af8                        . = ALIGN (0x8)
 *fill*         0x20000af4        0x4 
                0x20000af8                        PROVIDE (end = .)
                [!provide]                        PROVIDE (_end = .)
                0x20000cf8                        . = (. + _Min_Heap_Size)
 *fill*         0x20000af8      0x200 
                0x200010f8                        . = (. + _Min_Stack_Size)
 *fill*         0x20000cf8      0x400 
                0x200010f8                        . = ALIGN (0x8)

/DISCARD/
 libc.a(*)
 libm.a(*)
 libgcc.a(*)

.ARM.attributes
                0x00000000       0x28
 *(.ARM.attributes)
 .ARM.attributes
                0x00000000       0x1e /opt/st/stm32cubeide_1.18.1/plugins/com.st.stm32cube.ide.mcu.externaltools.gnu-tools-for-stm32.13.3.rel1.linux64_1.0.0.202410170706/tools/bin/../lib/gcc/arm-none-eabi/13.3.1/thumb/v6-m/nofp/crti.o
 .ARM.attributes
                0x0000001e       0x2c /opt/st/stm32cubeide_1.18.1/plugins/com.st.stm32cube.ide.mcu.externaltools.gnu-tools-for-stm32.13.3.rel1.linux64_1.0.0.202410170706/tools/bin/../lib/gcc/arm-none-eabi/13.3.1/thumb/v6-m/nofp/crtbegin.o
 .ARM.attributes
                0x0000004a       0x2c ./Application/App/app_subghz_phy.o
 .ARM.attributes
                0x00000076       0x2c ./Application/App/subghz_phy_app.o
 .ARM.attributes
                0x000000a2       0x2c ./Application/Core/dma.o
 .ARM.attributes
                0x000000ce       0x2c ./Application/Core/main.o
 .ARM.attributes
                0x000000fa       0x2c ./Application/Core/rtc.o
 .ARM.attributes
                0x00000126       0x2c ./Application/Core/rtc_if.o
 .ARM.attributes
                0x00000152       0x2c ./Application/Core/stm32_lpm_if.o
 .ARM.attributes
                0x0000017e       0x2c ./Application/Core/stm32l0xx_hal_msp.o
 .ARM.attributes
                0x000001aa       0x2c ./Application/Core/stm32l0xx_it.o
 .ARM.attributes
                0x000001d6       0x2c ./Application/Core/sys_app.o
 .ARM.attributes
                0x00000202       0x2c ./Application/Core/sys_debug.o
 .ARM.attributes
                0x0000022e       0x2c ./Application/Core/usart.o
 .ARM.attributes
                0x0000025a       0x2c ./Application/Core/usart_if.o
 .ARM.attributes
                0x00000286       0x22 ./Application/SW4STM32/startup_stm32l072xx.o
 .ARM.attributes
                0x000002a8       0x2c ./Application/Target/b_l072z_lrwan1_bus.o
 .ARM.attributes
                0x000002d4       0x2c ./Drivers/BSP/B-L072Z-LRWAN1/b-l072z-lrwan1.o
 .ARM.attributes
                0x00000300       0x2c ./Drivers/BSP/CMWX1ZZABZ_0xx/cmwx1zzabz_0xx.o
 .ARM.attributes
                0x0000032c       0x2c ./Drivers/CMSIS/system_stm32l0xx.o
 .ARM.attributes
                0x00000358       0x2c ./Drivers/STM32L0xx_HAL_Driver/stm32l0xx_hal.o
 .ARM.attributes
                0x00000384       0x2c ./Drivers/STM32L0xx_HAL_Driver/stm32l0xx_hal_cortex.o
 .ARM.attributes
                0x000003b0       0x2c ./Drivers/STM32L0xx_HAL_Driver/stm32l0xx_hal_dma.o
 .ARM.attributes
                0x000003dc       0x2c ./Drivers/STM32L0xx_HAL_Driver/stm32l0xx_hal_exti.o
 .ARM.attributes
                0x00000408       0x2c ./Drivers/STM32L0xx_HAL_Driver/stm32l0xx_hal_gpio.o
 .ARM.attributes
                0x00000434       0x2c ./Drivers/STM32L0xx_HAL_Driver/stm32l0xx_hal_pwr.o
 .ARM.attributes
                0x00000460       0x2c ./Drivers/STM32L0xx_HAL_Driver/stm32l0xx_hal_pwr_ex.o
 .ARM.attributes
                0x0000048c       0x2c ./Drivers/STM32L0xx_HAL_Driver/stm32l0xx_hal_rcc.o
 .ARM.attributes
                0x000004b8       0x2c ./Drivers/STM32L0xx_HAL_Driver/stm32l0xx_hal_rcc_ex.o
 .ARM.attributes
                0x000004e4       0x2c ./Drivers/STM32L0xx_HAL_Driver/stm32l0xx_hal_rtc.o
 .ARM.attributes
                0x00000510       0x2c ./Drivers/STM32L0xx_HAL_Driver/stm32l0xx_hal_rtc_ex.o
 .ARM.attributes
                0x0000053c       0x2c ./Drivers/STM32L0xx_HAL_Driver/stm32l0xx_hal_spi.o
 .ARM.attributes
                0x00000568       0x2c ./Drivers/STM32L0xx_HAL_Driver/stm32l0xx_hal_uart.o
 .ARM.attributes
                0x00000594       0x2c ./Drivers/STM32L0xx_HAL_Driver/stm32l0xx_hal_uart_ex.o
 .ARM.attributes
                0x000005c0       0x2c ./Middlewares/SubGHz_Phy/sx1276.o
 .ARM.attributes
                0x000005ec       0x2c ./Utilities/stm32_adv_trace.o
 .ARM.attributes
                0x00000618       0x2c ./Utilities/stm32_lpm.o
 .ARM.attributes
                0x00000644       0x2c ./Utilities/stm32_mem.o
 .ARM.attributes
                0x00000670       0x2c ./Utilities/stm32_seq.o
 .ARM.attributes
                0x0000069c       0x2c ./Utilities/stm32_systime.o
 .ARM.attributes
                0x000006c8       0x2c ./Utilities/stm32_timer.o
 .ARM.attributes
                0x000006f4       0x2c ./Utilities/stm32_tiny_vsnprintf.o
 .ARM.attributes
                0x00000720       0x2c /opt/st/stm32cubeide_1.18.1/plugins/com.st.stm32cube.ide.mcu.externaltools.gnu-tools-for-stm32.13.3.rel1.linux64_1.0.0.202410170706/tools/bin/../lib/gcc/arm-none-eabi/13.3.1/../../../../arm-none-eabi/lib/thumb/v6-m/nofp/libc_nano.a(libc_a-memset.o)
 .ARM.attributes
                0x0000074c       0x2c /opt/st/stm32cubeide_1.18.1/plugins/com.st.stm32cube.ide.mcu.externaltools.gnu-tools-for-stm32.13.3.rel1.linux64_1.0.0.202410170706/tools/bin/../lib/gcc/arm-none-eabi/13.3.1/../../../../arm-none-eabi/lib/thumb/v6-m/nofp/libc_nano.a(libc_a-init.o)
 .ARM.attributes
                0x00000778       0x2c /opt/st/stm32cubeide_1.18.1/plugins/com.st.stm32cube.ide.mcu.externaltools.gnu-tools-for-stm32.13.3.rel1.linux64_1.0.0.202410170706/tools/bin/../lib/gcc/arm-none-eabi/13.3.1/../../../../arm-none-eabi/lib/thumb/v6-m/nofp/libc_nano.a(libc_a-memcpy-stub.o)
 .ARM.attributes
                0x000007a4       0x1c /opt/st/stm32cubeide_1.18.1/plugins/com.st.stm32cube.ide.mcu.externaltools.gnu-tools-for-stm32.13.3.rel1.linux64_1.0.0.202410170706/tools/bin/../lib/gcc/arm-none-eabi/13.3.1/../../../../arm-none-eabi/lib/thumb/v6-m/nofp/libc_nano.a(libc_a-strlen.o)
 .ARM.attributes
                0x000007c0       0x1e /opt/st/stm32cubeide_1.18.1/plugins/com.st.stm32cube.ide.mcu.externaltools.gnu-tools-for-stm32.13.3.rel1.linux64_1.0.0.202410170706/tools/bin/../lib/gcc/arm-none-eabi/13.3.1/thumb/v6-m/nofp/libgcc.a(_thumb1_case_uqi.o)
 .ARM.attributes
                0x000007de       0x1e /opt/st/stm32cubeide_1.18.1/plugins/com.st.stm32cube.ide.mcu.externaltools.gnu-tools-for-stm32.13.3.rel1.linux64_1.0.0.202410170706/tools/bin/../lib/gcc/arm-none-eabi/13.3.1/thumb/v6-m/nofp/libgcc.a(_udivsi3.o)
 .ARM.attributes
                0x000007fc       0x1e /opt/st/stm32cubeide_1.18.1/plugins/com.st.stm32cube.ide.mcu.externaltools.gnu-tools-for-stm32.13.3.rel1.linux64_1.0.0.202410170706/tools/bin/../lib/gcc/arm-none-eabi/13.3.1/thumb/v6-m/nofp/libgcc.a(_divsi3.o)
 .ARM.attributes
                0x0000081a       0x1e /opt/st/stm32cubeide_1.18.1/plugins/com.st.stm32cube.ide.mcu.externaltools.gnu-tools-for-stm32.13.3.rel1.linux64_1.0.0.202410170706/tools/bin/../lib/gcc/arm-none-eabi/13.3.1/thumb/v6-m/nofp/libgcc.a(_dvmd_tls.o)
 .ARM.attributes
                0x00000838       0x1e /opt/st/stm32cubeide_1.18.1/plugins/com.st.stm32cube.ide.mcu.externaltools.gnu-tools-for-stm32.13.3.rel1.linux64_1.0.0.202410170706/tools/bin/../lib/gcc/arm-none-eabi/13.3.1/thumb/v6-m/nofp/libgcc.a(_aeabi_uldivmod.o)
 .ARM.attributes
                0x00000856       0x2c /opt/st/stm32cubeide_1.18.1/plugins/com.st.stm32cube.ide.mcu.externaltools.gnu-tools-for-stm32.13.3.rel1.linux64_1.0.0.202410170706/tools/bin/../lib/gcc/arm-none-eabi/13.3.1/thumb/v6-m/nofp/libgcc.a(_muldi3.o)
 .ARM.attributes
                0x00000882       0x2c /opt/st/stm32cubeide_1.18.1/plugins/com.st.stm32cube.ide.mcu.externaltools.gnu-tools-for-stm32.13.3.rel1.linux64_1.0.0.202410170706/tools/bin/../lib/gcc/arm-none-eabi/13.3.1/thumb/v6-m/nofp/libgcc.a(_udivmoddi4.o)
 .ARM.attributes
                0x000008ae       0x1e /opt/st/stm32cubeide_1.18.1/plugins/com.st.stm32cube.ide.mcu.externaltools.gnu-tools-for-stm32.13.3.rel1.linux64_1.0.0.202410170706/tools/bin/../lib/gcc/arm-none-eabi/13.3.1/thumb/v6-m/nofp/libgcc.a(_clzdi2.o)
 .ARM.attributes
                0x000008cc       0x1e /opt/st/stm32cubeide_1.18.1/plugins/com.st.stm32cube.ide.mcu.externaltools.gnu-tools-for-stm32.13.3.rel1.linux64_1.0.0.202410170706/tools/bin/../lib/gcc/arm-none-eabi/13.3.1/thumb/v6-m/nofp/libgcc.a(_clzsi2.o)
 .ARM.attributes
                0x000008ea       0x1e /opt/st/stm32cubeide_1.18.1/plugins/com.st.stm32cube.ide.mcu.externaltools.gnu-tools-for-stm32.13.3.rel1.linux64_1.0.0.202410170706/tools/bin/../lib/gcc/arm-none-eabi/13.3.1/thumb/v6-m/nofp/crtn.o
OUTPUT(cmwx1zzabz_0xx.elf elf32-littlearm)
LOAD linker stubs
LOAD /opt/st/stm32cubeide_1.18.1/plugins/com.st.stm32cube.ide.mcu.externaltools.gnu-tools-for-stm32.13.3.rel1.linux64_1.0.0.202410170706/tools/bin/../lib/gcc/arm-none-eabi/13.3.1/../../../../arm-none-eabi/lib/thumb/v6-m/nofp/libc.a
LOAD /opt/st/stm32cubeide_1.18.1/plugins/com.st.stm32cube.ide.mcu.externaltools.gnu-tools-for-stm32.13.3.rel1.linux64_1.0.0.202410170706/tools/bin/../lib/gcc/arm-none-eabi/13.3.1/../../../../arm-none-eabi/lib/thumb/v6-m/nofp/libm.a
LOAD /opt/st/stm32cubeide_1.18.1/plugins/com.st.stm32cube.ide.mcu.externaltools.gnu-tools-for-stm32.13.3.rel1.linux64_1.0.0.202410170706/tools/bin/../lib/gcc/arm-none-eabi/13.3.1/thumb/v6-m/nofp/libgcc.a

.debug_info     0x00000000    0x1cf7e
 .debug_info    0x00000000      0x10f ./Application/App/app_subghz_phy.o
 .debug_info    0x0000010f     0x12f6 ./Application/App/subghz_phy_app.o
 .debug_info    0x00001405      0x317 ./Application/Core/dma.o
 .debug_info    0x0000171c      0xe22 ./Application/Core/main.o
 .debug_info    0x0000253e      0xaa7 ./Application/Core/rtc.o
 .debug_info    0x00002fe5     0x1185 ./Application/Core/rtc_if.o
 .debug_info    0x0000416a      0x467 ./Application/Core/stm32_lpm_if.o
 .debug_info    0x000045d1      0x29a ./Application/Core/stm32l0xx_hal_msp.o
 .debug_info    0x0000486b      0xa43 ./Application/Core/stm32l0xx_it.o
 .debug_info    0x000052ae      0xa12 ./Application/Core/sys_app.o
 .debug_info    0x00005cc0      0x317 ./Application/Core/sys_debug.o
 .debug_info    0x00005fd7      0xd54 ./Application/Core/usart.o
 .debug_info    0x00006d2b      0xd61 ./Application/Core/usart_if.o
 .debug_info    0x00007a8c       0x30 ./Application/SW4STM32/startup_stm32l072xx.o
 .debug_info    0x00007abc      0xd68 ./Application/Target/b_l072z_lrwan1_bus.o
 .debug_info    0x00008824      0xa63 ./Drivers/BSP/B-L072Z-LRWAN1/b-l072z-lrwan1.o
 .debug_info    0x00009287     0x15d5 ./Drivers/BSP/CMWX1ZZABZ_0xx/cmwx1zzabz_0xx.o
 .debug_info    0x0000a85c      0x3ca ./Drivers/CMSIS/system_stm32l0xx.o
 .debug_info    0x0000ac26      0x989 ./Drivers/STM32L0xx_HAL_Driver/stm32l0xx_hal.o
 .debug_info    0x0000b5af      0x9e9 ./Drivers/STM32L0xx_HAL_Driver/stm32l0xx_hal_cortex.o
 .debug_info    0x0000bf98      0x847 ./Drivers/STM32L0xx_HAL_Driver/stm32l0xx_hal_dma.o
 .debug_info    0x0000c7df      0x578 ./Drivers/STM32L0xx_HAL_Driver/stm32l0xx_hal_exti.o
 .debug_info    0x0000cd57      0x663 ./Drivers/STM32L0xx_HAL_Driver/stm32l0xx_hal_gpio.o
 .debug_info    0x0000d3ba      0x64e ./Drivers/STM32L0xx_HAL_Driver/stm32l0xx_hal_pwr.o
 .debug_info    0x0000da08      0x1aa ./Drivers/STM32L0xx_HAL_Driver/stm32l0xx_hal_pwr_ex.o
 .debug_info    0x0000dbb2      0xcfc ./Drivers/STM32L0xx_HAL_Driver/stm32l0xx_hal_rcc.o
 .debug_info    0x0000e8ae      0x8f4 ./Drivers/STM32L0xx_HAL_Driver/stm32l0xx_hal_rcc_ex.o
 .debug_info    0x0000f1a2      0xe24 ./Drivers/STM32L0xx_HAL_Driver/stm32l0xx_hal_rtc.o
 .debug_info    0x0000ffc6     0x10b4 ./Drivers/STM32L0xx_HAL_Driver/stm32l0xx_hal_rtc_ex.o
 .debug_info    0x0001107a     0x1f95 ./Drivers/STM32L0xx_HAL_Driver/stm32l0xx_hal_spi.o
 .debug_info    0x0001300f     0x1f1f ./Drivers/STM32L0xx_HAL_Driver/stm32l0xx_hal_uart.o
 .debug_info    0x00014f2e      0xbfa ./Drivers/STM32L0xx_HAL_Driver/stm32l0xx_hal_uart_ex.o
 .debug_info    0x00015b28     0x3a4b ./Middlewares/SubGHz_Phy/sx1276.o
 .debug_info    0x00019573      0xfa7 ./Utilities/stm32_adv_trace.o
 .debug_info    0x0001a51a      0x3f1 ./Utilities/stm32_lpm.o
 .debug_info    0x0001a90b      0x1ec ./Utilities/stm32_mem.o
 .debug_info    0x0001aaf7      0xac4 ./Utilities/stm32_seq.o
 .debug_info    0x0001b5bb      0x9b7 ./Utilities/stm32_systime.o
 .debug_info    0x0001bf72      0xc26 ./Utilities/stm32_timer.o
 .debug_info    0x0001cb98      0x3e6 ./Utilities/stm32_tiny_vsnprintf.o

.debug_abbrev   0x00000000     0x625a
 .debug_abbrev  0x00000000       0xba ./Application/App/app_subghz_phy.o
 .debug_abbrev  0x000000ba      0x26d ./Application/App/subghz_phy_app.o
 .debug_abbrev  0x00000327      0x119 ./Application/Core/dma.o
 .debug_abbrev  0x00000440      0x311 ./Application/Core/main.o
 .debug_abbrev  0x00000751      0x1bd ./Application/Core/rtc.o
 .debug_abbrev  0x0000090e      0x400 ./Application/Core/rtc_if.o
 .debug_abbrev  0x00000d0e      0x29d ./Application/Core/stm32_lpm_if.o
 .debug_abbrev  0x00000fab       0xe6 ./Application/Core/stm32l0xx_hal_msp.o
 .debug_abbrev  0x00001091      0x1f7 ./Application/Core/stm32l0xx_it.o
 .debug_abbrev  0x00001288      0x364 ./Application/Core/sys_app.o
 .debug_abbrev  0x000015ec      0x18c ./Application/Core/sys_debug.o
 .debug_abbrev  0x00001778      0x244 ./Application/Core/usart.o
 .debug_abbrev  0x000019bc      0x2a7 ./Application/Core/usart_if.o
 .debug_abbrev  0x00001c63       0x24 ./Application/SW4STM32/startup_stm32l072xx.o
 .debug_abbrev  0x00001c87      0x2f4 ./Application/Target/b_l072z_lrwan1_bus.o
 .debug_abbrev  0x00001f7b      0x299 ./Drivers/BSP/B-L072Z-LRWAN1/b-l072z-lrwan1.o
 .debug_abbrev  0x00002214      0x41f ./Drivers/BSP/CMWX1ZZABZ_0xx/cmwx1zzabz_0xx.o
 .debug_abbrev  0x00002633      0x136 ./Drivers/CMSIS/system_stm32l0xx.o
 .debug_abbrev  0x00002769      0x300 ./Drivers/STM32L0xx_HAL_Driver/stm32l0xx_hal.o
 .debug_abbrev  0x00002a69      0x2ba ./Drivers/STM32L0xx_HAL_Driver/stm32l0xx_hal_cortex.o
 .debug_abbrev  0x00002d23      0x218 ./Drivers/STM32L0xx_HAL_Driver/stm32l0xx_hal_dma.o
 .debug_abbrev  0x00002f3b      0x1f4 ./Drivers/STM32L0xx_HAL_Driver/stm32l0xx_hal_exti.o
 .debug_abbrev  0x0000312f      0x1f2 ./Drivers/STM32L0xx_HAL_Driver/stm32l0xx_hal_gpio.o
 .debug_abbrev  0x00003321      0x181 ./Drivers/STM32L0xx_HAL_Driver/stm32l0xx_hal_pwr.o
 .debug_abbrev  0x000034a2      0x11f ./Drivers/STM32L0xx_HAL_Driver/stm32l0xx_hal_pwr_ex.o
 .debug_abbrev  0x000035c1      0x2ee ./Drivers/STM32L0xx_HAL_Driver/stm32l0xx_hal_rcc.o
 .debug_abbrev  0x000038af      0x250 ./Drivers/STM32L0xx_HAL_Driver/stm32l0xx_hal_rcc_ex.o
 .debug_abbrev  0x00003aff      0x226 ./Drivers/STM32L0xx_HAL_Driver/stm32l0xx_hal_rtc.o
 .debug_abbrev  0x00003d25      0x258 ./Drivers/STM32L0xx_HAL_Driver/stm32l0xx_hal_rtc_ex.o
 .debug_abbrev  0x00003f7d      0x318 ./Drivers/STM32L0xx_HAL_Driver/stm32l0xx_hal_spi.o
 .debug_abbrev  0x00004295      0x378 ./Drivers/STM32L0xx_HAL_Driver/stm32l0xx_hal_uart.o
 .debug_abbrev  0x0000460d      0x29b ./Drivers/STM32L0xx_HAL_Driver/stm32l0xx_hal_uart_ex.o
 .debug_abbrev  0x000048a8      0x51a ./Middlewares/SubGHz_Phy/sx1276.o
 .debug_abbrev  0x00004dc2      0x47e ./Utilities/stm32_adv_trace.o
 .debug_abbrev  0x00005240      0x23b ./Utilities/stm32_lpm.o
 .debug_abbrev  0x0000547b       0xe9 ./Utilities/stm32_mem.o
 .debug_abbrev  0x00005564      0x333 ./Utilities/stm32_seq.o
 .debug_abbrev  0x00005897      0x3c4 ./Utilities/stm32_systime.o
 .debug_abbrev  0x00005c5b      0x411 ./Utilities/stm32_timer.o
 .debug_abbrev  0x0000606c      0x1ee ./Utilities/stm32_tiny_vsnprintf.o

.debug_aranges  0x00000000     0x14e8
 .debug_aranges
                0x00000000       0x28 ./Application/App/app_subghz_phy.o
 .debug_aranges
                0x00000028       0x58 ./Application/App/subghz_phy_app.o
 .debug_aranges
                0x00000080       0x20 ./Application/Core/dma.o
 .debug_aranges
                0x000000a0       0x30 ./Application/Core/main.o
 .debug_aranges
                0x000000d0       0x30 ./Application/Core/rtc.o
 .debug_aranges
                0x00000100       0xa8 ./Application/Core/rtc_if.o
 .debug_aranges
                0x000001a8       0x48 ./Application/Core/stm32_lpm_if.o
 .debug_aranges
                0x000001f0       0x20 ./Application/Core/stm32l0xx_hal_msp.o
 .debug_aranges
                0x00000210       0x90 ./Application/Core/stm32l0xx_it.o
 .debug_aranges
                0x000002a0       0x60 ./Application/Core/sys_app.o
 .debug_aranges
                0x00000300       0x38 ./Application/Core/sys_debug.o
 .debug_aranges
                0x00000338       0x30 ./Application/Core/usart.o
 .debug_aranges
                0x00000368       0x58 ./Application/Core/usart_if.o
 .debug_aranges
                0x000003c0       0x28 ./Application/SW4STM32/startup_stm32l072xx.o
 .debug_aranges
                0x000003e8       0x50 ./Application/Target/b_l072z_lrwan1_bus.o
 .debug_aranges
                0x00000438       0x50 ./Drivers/BSP/B-L072Z-LRWAN1/b-l072z-lrwan1.o
 .debug_aranges
                0x00000488       0x90 ./Drivers/BSP/CMWX1ZZABZ_0xx/cmwx1zzabz_0xx.o
 .debug_aranges
                0x00000518       0x28 ./Drivers/CMSIS/system_stm32l0xx.o
 .debug_aranges
                0x00000540      0x110 ./Drivers/STM32L0xx_HAL_Driver/stm32l0xx_hal.o
 .debug_aranges
                0x00000650       0x90 ./Drivers/STM32L0xx_HAL_Driver/stm32l0xx_hal_cortex.o
 .debug_aranges
                0x000006e0       0x78 ./Drivers/STM32L0xx_HAL_Driver/stm32l0xx_hal_dma.o
 .debug_aranges
                0x00000758       0x60 ./Drivers/STM32L0xx_HAL_Driver/stm32l0xx_hal_exti.o
 .debug_aranges
                0x000007b8       0x58 ./Drivers/STM32L0xx_HAL_Driver/stm32l0xx_hal_gpio.o
 .debug_aranges
                0x00000810       0xa0 ./Drivers/STM32L0xx_HAL_Driver/stm32l0xx_hal_pwr.o
 .debug_aranges
                0x000008b0       0x50 ./Drivers/STM32L0xx_HAL_Driver/stm32l0xx_hal_pwr_ex.o
 .debug_aranges
                0x00000900       0x80 ./Drivers/STM32L0xx_HAL_Driver/stm32l0xx_hal_rcc.o
 .debug_aranges
                0x00000980       0xb0 ./Drivers/STM32L0xx_HAL_Driver/stm32l0xx_hal_rcc_ex.o
 .debug_aranges
                0x00000a30       0xb8 ./Drivers/STM32L0xx_HAL_Driver/stm32l0xx_hal_rtc.o
 .debug_aranges
                0x00000ae8      0x130 ./Drivers/STM32L0xx_HAL_Driver/stm32l0xx_hal_rtc_ex.o
 .debug_aranges
                0x00000c18      0x1f0 ./Drivers/STM32L0xx_HAL_Driver/stm32l0xx_hal_spi.o
 .debug_aranges
                0x00000e08      0x218 ./Drivers/STM32L0xx_HAL_Driver/stm32l0xx_hal_uart.o
 .debug_aranges
                0x00001020       0x70 ./Drivers/STM32L0xx_HAL_Driver/stm32l0xx_hal_uart_ex.o
 .debug_aranges
                0x00001090      0x120 ./Middlewares/SubGHz_Phy/sx1276.o
 .debug_aranges
                0x000011b0       0xe0 ./Utilities/stm32_adv_trace.o
 .debug_aranges
                0x00001290       0x48 ./Utilities/stm32_lpm.o
 .debug_aranges
                0x000012d8       0x30 ./Utilities/stm32_mem.o
 .debug_aranges
                0x00001308       0xa8 ./Utilities/stm32_seq.o
 .debug_aranges
                0x000013b0       0x70 ./Utilities/stm32_systime.o
 .debug_aranges
                0x00001420       0xa8 ./Utilities/stm32_timer.o
 .debug_aranges
                0x000014c8       0x20 ./Utilities/stm32_tiny_vsnprintf.o

.debug_rnglists
                0x00000000     0x147b
 .debug_rnglists
                0x00000000       0x19 ./Application/App/app_subghz_phy.o
 .debug_rnglists
                0x00000019       0x40 ./Application/App/subghz_phy_app.o
 .debug_rnglists
                0x00000059       0x2b ./Application/Core/dma.o
 .debug_rnglists
                0x00000084       0x4b ./Application/Core/main.o
 .debug_rnglists
                0x000000cf       0x20 ./Application/Core/rtc.o
 .debug_rnglists
                0x000000ef       0xb4 ./Application/Core/rtc_if.o
 .debug_rnglists
                0x000001a3       0x49 ./Application/Core/stm32_lpm_if.o
 .debug_rnglists
                0x000001ec       0x13 ./Application/Core/stm32l0xx_hal_msp.o
 .debug_rnglists
                0x000001ff       0x67 ./Application/Core/stm32l0xx_it.o
 .debug_rnglists
                0x00000266       0x8d ./Application/Core/sys_app.o
 .debug_rnglists
                0x000002f3       0x31 ./Application/Core/sys_debug.o
 .debug_rnglists
                0x00000324       0x4a ./Application/Core/usart.o
 .debug_rnglists
                0x0000036e       0x3d ./Application/Core/usart_if.o
 .debug_rnglists
                0x000003ab       0x19 ./Application/SW4STM32/startup_stm32l072xx.o
 .debug_rnglists
                0x000003c4       0x50 ./Application/Target/b_l072z_lrwan1_bus.o
 .debug_rnglists
                0x00000414       0x54 ./Drivers/BSP/B-L072Z-LRWAN1/b-l072z-lrwan1.o
 .debug_rnglists
                0x00000468      0x123 ./Drivers/BSP/CMWX1ZZABZ_0xx/cmwx1zzabz_0xx.o
 .debug_rnglists
                0x0000058b       0x1a ./Drivers/CMSIS/system_stm32l0xx.o
 .debug_rnglists
                0x000005a5       0xc7 ./Drivers/STM32L0xx_HAL_Driver/stm32l0xx_hal.o
 .debug_rnglists
                0x0000066c       0x97 ./Drivers/STM32L0xx_HAL_Driver/stm32l0xx_hal_cortex.o
 .debug_rnglists
                0x00000703       0x76 ./Drivers/STM32L0xx_HAL_Driver/stm32l0xx_hal_dma.o
 .debug_rnglists
                0x00000779       0x45 ./Drivers/STM32L0xx_HAL_Driver/stm32l0xx_hal_exti.o
 .debug_rnglists
                0x000007be       0x3f ./Drivers/STM32L0xx_HAL_Driver/stm32l0xx_hal_gpio.o
 .debug_rnglists
                0x000007fd       0x73 ./Drivers/STM32L0xx_HAL_Driver/stm32l0xx_hal_pwr.o
 .debug_rnglists
                0x00000870       0x37 ./Drivers/STM32L0xx_HAL_Driver/stm32l0xx_hal_pwr_ex.o
 .debug_rnglists
                0x000008a7       0xac ./Drivers/STM32L0xx_HAL_Driver/stm32l0xx_hal_rcc.o
 .debug_rnglists
                0x00000953       0x81 ./Drivers/STM32L0xx_HAL_Driver/stm32l0xx_hal_rcc_ex.o
 .debug_rnglists
                0x000009d4       0x8d ./Drivers/STM32L0xx_HAL_Driver/stm32l0xx_hal_rtc.o
 .debug_rnglists
                0x00000a61       0xe9 ./Drivers/STM32L0xx_HAL_Driver/stm32l0xx_hal_rtc_ex.o
 .debug_rnglists
                0x00000b4a      0x206 ./Drivers/STM32L0xx_HAL_Driver/stm32l0xx_hal_spi.o
 .debug_rnglists
                0x00000d50      0x1aa ./Drivers/STM32L0xx_HAL_Driver/stm32l0xx_hal_uart.o
 .debug_rnglists
                0x00000efa       0x52 ./Drivers/STM32L0xx_HAL_Driver/stm32l0xx_hal_uart_ex.o
 .debug_rnglists
                0x00000f4c      0x1be ./Middlewares/SubGHz_Phy/sx1276.o
 .debug_rnglists
                0x0000110a       0xd8 ./Utilities/stm32_adv_trace.o
 .debug_rnglists
                0x000011e2       0x55 ./Utilities/stm32_lpm.o
 .debug_rnglists
                0x00001237       0x1f ./Utilities/stm32_mem.o
 .debug_rnglists
                0x00001256       0xc2 ./Utilities/stm32_seq.o
 .debug_rnglists
                0x00001318       0x7d ./Utilities/stm32_systime.o
 .debug_rnglists
                0x00001395       0xb6 ./Utilities/stm32_timer.o
 .debug_rnglists
                0x0000144b       0x30 ./Utilities/stm32_tiny_vsnprintf.o

.debug_macro    0x00000000    0x1cce7
 .debug_macro   0x00000000      0x1bc ./Application/App/app_subghz_phy.o
 .debug_macro   0x000001bc      0xaae ./Application/App/app_subghz_phy.o
 .debug_macro   0x00000c6a       0x58 ./Application/App/app_subghz_phy.o
 .debug_macro   0x00000cc2       0x22 ./Application/App/app_subghz_phy.o
 .debug_macro   0x00000ce4       0x8e ./Application/App/app_subghz_phy.o
 .debug_macro   0x00000d72       0x51 ./Application/App/app_subghz_phy.o
 .debug_macro   0x00000dc3      0x103 ./Application/App/app_subghz_phy.o
 .debug_macro   0x00000ec6       0x6a ./Application/App/app_subghz_phy.o
 .debug_macro   0x00000f30      0x1df ./Application/App/app_subghz_phy.o
 .debug_macro   0x0000110f       0x28 ./Application/App/app_subghz_phy.o
 .debug_macro   0x00001137       0xd1 ./Application/App/app_subghz_phy.o
 .debug_macro   0x00001208       0x10 ./Application/App/app_subghz_phy.o
 .debug_macro   0x00001218       0x58 ./Application/App/app_subghz_phy.o
 .debug_macro   0x00001270       0x61 ./Application/App/app_subghz_phy.o
 .debug_macro   0x000012d1       0x24 ./Application/App/app_subghz_phy.o
 .debug_macro   0x000012f5       0x43 ./Application/App/app_subghz_phy.o
 .debug_macro   0x00001338       0x34 ./Application/App/app_subghz_phy.o
 .debug_macro   0x0000136c      0x190 ./Application/App/app_subghz_phy.o
 .debug_macro   0x000014fc      0x370 ./Application/App/app_subghz_phy.o
 .debug_macro   0x0000186c       0x16 ./Application/App/app_subghz_phy.o
 .debug_macro   0x00001882       0x4a ./Application/App/app_subghz_phy.o
 .debug_macro   0x000018cc       0x34 ./Application/App/app_subghz_phy.o
 .debug_macro   0x00001900       0x10 ./Application/App/app_subghz_phy.o
 .debug_macro   0x00001910       0x58 ./Application/App/app_subghz_phy.o
 .debug_macro   0x00001968       0x8e ./Application/App/app_subghz_phy.o
 .debug_macro   0x000019f6       0x1c ./Application/App/app_subghz_phy.o
 .debug_macro   0x00001a12      0x185 ./Application/App/app_subghz_phy.o
 .debug_macro   0x00001b97       0x10 ./Application/App/app_subghz_phy.o
 .debug_macro   0x00001ba7       0x3c ./Application/App/app_subghz_phy.o
 .debug_macro   0x00001be3       0x20 ./Application/App/app_subghz_phy.o
 .debug_macro   0x00001c03       0xbd ./Application/App/app_subghz_phy.o
 .debug_macro   0x00001cc0       0x34 ./Application/App/app_subghz_phy.o
 .debug_macro   0x00001cf4       0x16 ./Application/App/app_subghz_phy.o
 .debug_macro   0x00001d0a      0x40a ./Application/App/subghz_phy_app.o
 .debug_macro   0x00002114       0x22 ./Application/App/subghz_phy_app.o
 .debug_macro   0x00002136       0x2e ./Application/App/subghz_phy_app.o
 .debug_macro   0x00002164       0x28 ./Application/App/subghz_phy_app.o
 .debug_macro   0x0000218c       0x1c ./Application/App/subghz_phy_app.o
 .debug_macro   0x000021a8       0x22 ./Application/App/subghz_phy_app.o
 .debug_macro   0x000021ca      0x4da ./Application/App/subghz_phy_app.o
 .debug_macro   0x000026a4      0x11f ./Application/App/subghz_phy_app.o
 .debug_macro   0x000027c3     0xa0fd ./Application/App/subghz_phy_app.o
 .debug_macro   0x0000c8c0       0x3c ./Application/App/subghz_phy_app.o
 .debug_macro   0x0000c8fc      0x137 ./Application/App/subghz_phy_app.o
 .debug_macro   0x0000ca33     0x352b ./Application/App/subghz_phy_app.o
 .debug_macro   0x0000ff5e       0x5b ./Application/App/subghz_phy_app.o
 .debug_macro   0x0000ffb9      0x8eb ./Application/App/subghz_phy_app.o
 .debug_macro   0x000108a4      0xb52 ./Application/App/subghz_phy_app.o
 .debug_macro   0x000113f6      0x13f ./Application/App/subghz_phy_app.o
 .debug_macro   0x00011535      0x1ca ./Application/App/subghz_phy_app.o
 .debug_macro   0x000116ff      0x28e ./Application/App/subghz_phy_app.o
 .debug_macro   0x0001198d      0x197 ./Application/App/subghz_phy_app.o
 .debug_macro   0x00011b24      0x1e9 ./Application/App/subghz_phy_app.o
 .debug_macro   0x00011d0d      0x13e ./Application/App/subghz_phy_app.o
 .debug_macro   0x00011e4b      0x4b5 ./Application/App/subghz_phy_app.o
 .debug_macro   0x00012300      0x22c ./Application/App/subghz_phy_app.o
 .debug_macro   0x0001252c       0x5b ./Application/App/subghz_phy_app.o
 .debug_macro   0x00012587       0xa5 ./Application/App/subghz_phy_app.o
 .debug_macro   0x0001262c      0x18d ./Application/App/subghz_phy_app.o
 .debug_macro   0x000127b9       0x16 ./Application/App/subghz_phy_app.o
 .debug_macro   0x000127cf      0x30c ./Application/App/subghz_phy_app.o
 .debug_macro   0x00012adb      0x418 ./Application/App/subghz_phy_app.o
 .debug_macro   0x00012ef3       0xdd ./Application/App/subghz_phy_app.o
 .debug_macro   0x00012fd0      0x22c ./Application/App/subghz_phy_app.o
 .debug_macro   0x000131fc      0x773 ./Application/App/subghz_phy_app.o
 .debug_macro   0x0001396f       0xfc ./Application/App/subghz_phy_app.o
 .debug_macro   0x00013a6b      0x5ba ./Application/App/subghz_phy_app.o
 .debug_macro   0x00014025       0x44 ./Application/App/subghz_phy_app.o
 .debug_macro   0x00014069      0x170 ./Application/App/subghz_phy_app.o
 .debug_macro   0x000141d9       0x82 ./Application/App/subghz_phy_app.o
 .debug_macro   0x0001425b       0x16 ./Application/App/subghz_phy_app.o
 .debug_macro   0x00014271       0x16 ./Application/App/subghz_phy_app.o
 .debug_macro   0x00014287       0x29 ./Application/App/subghz_phy_app.o
 .debug_macro   0x000142b0       0xe0 ./Application/App/subghz_phy_app.o
 .debug_macro   0x00014390       0x58 ./Application/App/subghz_phy_app.o
 .debug_macro   0x000143e8       0x16 ./Application/App/subghz_phy_app.o
 .debug_macro   0x000143fe       0x40 ./Application/App/subghz_phy_app.o
 .debug_macro   0x0001443e       0x1c ./Application/App/subghz_phy_app.o
 .debug_macro   0x0001445a       0x1c ./Application/App/subghz_phy_app.o
 .debug_macro   0x00014476       0x16 ./Application/App/subghz_phy_app.o
 .debug_macro   0x0001448c      0x146 ./Application/App/subghz_phy_app.o
 .debug_macro   0x000145d2      0x200 ./Application/Core/dma.o
 .debug_macro   0x000147d2      0x33c ./Application/Core/main.o
 .debug_macro   0x00014b0e       0x16 ./Application/Core/main.o
 .debug_macro   0x00014b24       0x10 ./Application/Core/main.o
 .debug_macro   0x00014b34       0x16 ./Application/Core/main.o
 .debug_macro   0x00014b4a      0x200 ./Application/Core/rtc.o
 .debug_macro   0x00014d4a      0x488 ./Application/Core/rtc_if.o
 .debug_macro   0x000151d2       0x5b ./Application/Core/rtc_if.o
 .debug_macro   0x0001522d       0x94 ./Application/Core/rtc_if.o
 .debug_macro   0x000152c1       0x57 ./Application/Core/rtc_if.o
 .debug_macro   0x00015318      0x19b ./Application/Core/rtc_if.o
 .debug_macro   0x000154b3       0x55 ./Application/Core/rtc_if.o
 .debug_macro   0x00015508       0x16 ./Application/Core/rtc_if.o
 .debug_macro   0x0001551e       0x10 ./Application/Core/rtc_if.o
 .debug_macro   0x0001552e       0x10 ./Application/Core/rtc_if.o
 .debug_macro   0x0001553e       0x10 ./Application/Core/rtc_if.o
 .debug_macro   0x0001554e       0x1c ./Application/Core/rtc_if.o
 .debug_macro   0x0001556a       0x52 ./Application/Core/rtc_if.o
 .debug_macro   0x000155bc       0x22 ./Application/Core/rtc_if.o
 .debug_macro   0x000155de       0x10 ./Application/Core/rtc_if.o
 .debug_macro   0x000155ee       0x52 ./Application/Core/rtc_if.o
 .debug_macro   0x00015640       0xcf ./Application/Core/rtc_if.o
 .debug_macro   0x0001570f       0x1c ./Application/Core/rtc_if.o
 .debug_macro   0x0001572b       0x3d ./Application/Core/rtc_if.o
 .debug_macro   0x00015768       0x35 ./Application/Core/rtc_if.o
 .debug_macro   0x0001579d       0xa6 ./Application/Core/rtc_if.o
 .debug_macro   0x00015843      0x3fe ./Application/Core/rtc_if.o
 .debug_macro   0x00015c41      0x401 ./Application/Core/stm32_lpm_if.o
 .debug_macro   0x00016042       0x81 ./Application/Core/stm32_lpm_if.o
 .debug_macro   0x000160c3       0x16 ./Application/Core/stm32_lpm_if.o
 .debug_macro   0x000160d9       0x22 ./Application/Core/stm32_lpm_if.o
 .debug_macro   0x000160fb      0x178 ./Application/Core/stm32_lpm_if.o
 .debug_macro   0x00016273       0x10 ./Application/Core/stm32_lpm_if.o
 .debug_macro   0x00016283       0x58 ./Application/Core/stm32_lpm_if.o
 .debug_macro   0x000162db      0x30f ./Application/Core/stm32l0xx_hal_msp.o
 .debug_macro   0x000165ea      0x3e3 ./Application/Core/stm32l0xx_it.o
 .debug_macro   0x000169cd       0x10 ./Application/Core/stm32l0xx_it.o
 .debug_macro   0x000169dd      0x503 ./Application/Core/sys_app.o
 .debug_macro   0x00016ee0       0x9e ./Application/Core/sys_app.o
 .debug_macro   0x00016f7e      0x112 ./Application/Core/sys_app.o
 .debug_macro   0x00017090       0x4c ./Application/Core/sys_app.o
 .debug_macro   0x000170dc       0xc1 ./Application/Core/sys_app.o
 .debug_macro   0x0001719d      0x309 ./Application/Core/sys_debug.o
 .debug_macro   0x000174a6      0x20a ./Application/Core/usart.o
 .debug_macro   0x000176b0      0x325 ./Application/Core/usart_if.o
 .debug_macro   0x000179d5      0x1ff ./Application/Target/b_l072z_lrwan1_bus.o
 .debug_macro   0x00017bd4       0x64 ./Application/Target/b_l072z_lrwan1_bus.o
 .debug_macro   0x00017c38       0x82 ./Application/Target/b_l072z_lrwan1_bus.o
 .debug_macro   0x00017cba      0x2e0 ./Drivers/BSP/B-L072Z-LRWAN1/b-l072z-lrwan1.o
 .debug_macro   0x00017f9a      0x3db ./Drivers/BSP/CMWX1ZZABZ_0xx/cmwx1zzabz_0xx.o
 .debug_macro   0x00018375       0xdc ./Drivers/CMSIS/system_stm32l0xx.o
 .debug_macro   0x00018451      0x20b ./Drivers/STM32L0xx_HAL_Driver/stm32l0xx_hal.o
 .debug_macro   0x0001865c      0x1e7 ./Drivers/STM32L0xx_HAL_Driver/stm32l0xx_hal_cortex.o
 .debug_macro   0x00018843      0x1e7 ./Drivers/STM32L0xx_HAL_Driver/stm32l0xx_hal_dma.o
 .debug_macro   0x00018a2a      0x1e7 ./Drivers/STM32L0xx_HAL_Driver/stm32l0xx_hal_exti.o
 .debug_macro   0x00018c11      0x21f ./Drivers/STM32L0xx_HAL_Driver/stm32l0xx_hal_gpio.o
 .debug_macro   0x00018e30      0x1ff ./Drivers/STM32L0xx_HAL_Driver/stm32l0xx_hal_pwr.o
 .debug_macro   0x0001902f      0x1ed ./Drivers/STM32L0xx_HAL_Driver/stm32l0xx_hal_pwr_ex.o
 .debug_macro   0x0001921c      0x21d ./Drivers/STM32L0xx_HAL_Driver/stm32l0xx_hal_rcc.o