/home/mattia/University/Network Measurements/Project/en.i-cube_lrwan.zip_expanded/STM32CubeExpansion_LRWAN_V2.1.0/Projects/B-L072Z-LRWAN1/Applications/SubGHz_Phy/SubGHz_Phy_PingPong/Core/Src/usart.c:33:6:MX_USART2_UART_Init	8	static
/home/mattia/University/Network Measurements/Project/en.i-cube_lrwan.zip_expanded/STM32CubeExpansion_LRWAN_V2.1.0/Projects/B-L072Z-LRWAN1/Applications/SubGHz_Phy/SubGHz_Phy_PingPong/Core/Src/usart.c:62:6:HAL_UART_MspInit	104	static
/home/mattia/University/Network Measurements/Project/en.i-cube_lrwan.zip_expanded/STM32CubeExpansion_LRWAN_V2.1.0/Projects/B-L072Z-LRWAN1/Applications/SubGHz_Phy/SubGHz_Phy_PingPong/Core/Src/usart.c:182:6:HAL_UART_MspDeInit	8	static
