Archive member included to satisfy reference by file (symbol)

/opt/st/stm32cubeide_1.18.1/plugins/com.st.stm32cube.ide.mcu.externaltools.gnu-tools-for-stm32.13.3.rel1.linux64_1.0.0.202410170706/tools/bin/../lib/gcc/arm-none-eabi/13.3.1/../../../../arm-none-eabi/lib/thumb/v6-m/nofp/libc_nano.a(libc_a-exit.o)
                              /opt/st/stm32cubeide_1.18.1/plugins/com.st.stm32cube.ide.mcu.externaltools.gnu-tools-for-stm32.13.3.rel1.linux64_1.0.0.202410170706/tools/bin/../lib/gcc/arm-none-eabi/13.3.1/../../../../arm-none-eabi/lib/thumb/v6-m/nofp/crt0.o (exit)
/opt/st/stm32cubeide_1.18.1/plugins/com.st.stm32cube.ide.mcu.externaltools.gnu-tools-for-stm32.13.3.rel1.linux64_1.0.0.202410170706/tools/bin/../lib/gcc/arm-none-eabi/13.3.1/../../../../arm-none-eabi/lib/thumb/v6-m/nofp/libc_nano.a(libc_a-findfp.o)
                              /opt/st/stm32cubeide_1.18.1/plugins/com.st.stm32cube.ide.mcu.externaltools.gnu-tools-for-stm32.13.3.rel1.linux64_1.0.0.202410170706/tools/bin/../lib/gcc/arm-none-eabi/13.3.1/../../../../arm-none-eabi/lib/thumb/v6-m/nofp/libc_nano.a(libc_a-exit.o) (__stdio_exit_handler)
/opt/st/stm32cubeide_1.18.1/plugins/com.st.stm32cube.ide.mcu.externaltools.gnu-tools-for-stm32.13.3.rel1.linux64_1.0.0.202410170706/tools/bin/../lib/gcc/arm-none-eabi/13.3.1/../../../../arm-none-eabi/lib/thumb/v6-m/nofp/libc_nano.a(libc_a-fwalk.o)
                              /opt/st/stm32cubeide_1.18.1/plugins/com.st.stm32cube.ide.mcu.externaltools.gnu-tools-for-stm32.13.3.rel1.linux64_1.0.0.202410170706/tools/bin/../lib/gcc/arm-none-eabi/13.3.1/../../../../arm-none-eabi/lib/thumb/v6-m/nofp/libc_nano.a(libc_a-findfp.o) (_fwalk_sglue)
/opt/st/stm32cubeide_1.18.1/plugins/com.st.stm32cube.ide.mcu.externaltools.gnu-tools-for-stm32.13.3.rel1.linux64_1.0.0.202410170706/tools/bin/../lib/gcc/arm-none-eabi/13.3.1/../../../../arm-none-eabi/lib/thumb/v6-m/nofp/libc_nano.a(libc_a-stdio.o)
                              /opt/st/stm32cubeide_1.18.1/plugins/com.st.stm32cube.ide.mcu.externaltools.gnu-tools-for-stm32.13.3.rel1.linux64_1.0.0.202410170706/tools/bin/../lib/gcc/arm-none-eabi/13.3.1/../../../../arm-none-eabi/lib/thumb/v6-m/nofp/libc_nano.a(libc_a-findfp.o) (__sread)
/opt/st/stm32cubeide_1.18.1/plugins/com.st.stm32cube.ide.mcu.externaltools.gnu-tools-for-stm32.13.3.rel1.linux64_1.0.0.202410170706/tools/bin/../lib/gcc/arm-none-eabi/13.3.1/../../../../arm-none-eabi/lib/thumb/v6-m/nofp/libc_nano.a(libc_a-memset.o)
                              /opt/st/stm32cubeide_1.18.1/plugins/com.st.stm32cube.ide.mcu.externaltools.gnu-tools-for-stm32.13.3.rel1.linux64_1.0.0.202410170706/tools/bin/../lib/gcc/arm-none-eabi/13.3.1/../../../../arm-none-eabi/lib/thumb/v6-m/nofp/crt0.o (memset)
/opt/st/stm32cubeide_1.18.1/plugins/com.st.stm32cube.ide.mcu.externaltools.gnu-tools-for-stm32.13.3.rel1.linux64_1.0.0.202410170706/tools/bin/../lib/gcc/arm-none-eabi/13.3.1/../../../../arm-none-eabi/lib/thumb/v6-m/nofp/libc_nano.a(libc_a-strncmp.o)
                              ./Application/App/subghz_phy_app.o (strncmp)
/opt/st/stm32cubeide_1.18.1/plugins/com.st.stm32cube.ide.mcu.externaltools.gnu-tools-for-stm32.13.3.rel1.linux64_1.0.0.202410170706/tools/bin/../lib/gcc/arm-none-eabi/13.3.1/../../../../arm-none-eabi/lib/thumb/v6-m/nofp/libc_nano.a(libc_a-closer.o)
                              /opt/st/stm32cubeide_1.18.1/plugins/com.st.stm32cube.ide.mcu.externaltools.gnu-tools-for-stm32.13.3.rel1.linux64_1.0.0.202410170706/tools/bin/../lib/gcc/arm-none-eabi/13.3.1/../../../../arm-none-eabi/lib/thumb/v6-m/nofp/libc_nano.a(libc_a-stdio.o) (_close_r)
/opt/st/stm32cubeide_1.18.1/plugins/com.st.stm32cube.ide.mcu.externaltools.gnu-tools-for-stm32.13.3.rel1.linux64_1.0.0.202410170706/tools/bin/../lib/gcc/arm-none-eabi/13.3.1/../../../../arm-none-eabi/lib/thumb/v6-m/nofp/libc_nano.a(libc_a-reent.o)
                              /opt/st/stm32cubeide_1.18.1/plugins/com.st.stm32cube.ide.mcu.externaltools.gnu-tools-for-stm32.13.3.rel1.linux64_1.0.0.202410170706/tools/bin/../lib/gcc/arm-none-eabi/13.3.1/../../../../arm-none-eabi/lib/thumb/v6-m/nofp/libc_nano.a(libc_a-closer.o) (errno)
/opt/st/stm32cubeide_1.18.1/plugins/com.st.stm32cube.ide.mcu.externaltools.gnu-tools-for-stm32.13.3.rel1.linux64_1.0.0.202410170706/tools/bin/../lib/gcc/arm-none-eabi/13.3.1/../../../../arm-none-eabi/lib/thumb/v6-m/nofp/libc_nano.a(libc_a-impure.o)
                              /opt/st/stm32cubeide_1.18.1/plugins/com.st.stm32cube.ide.mcu.externaltools.gnu-tools-for-stm32.13.3.rel1.linux64_1.0.0.202410170706/tools/bin/../lib/gcc/arm-none-eabi/13.3.1/../../../../arm-none-eabi/lib/thumb/v6-m/nofp/libc_nano.a(libc_a-reent.o) (_impure_ptr)
/opt/st/stm32cubeide_1.18.1/plugins/com.st.stm32cube.ide.mcu.externaltools.gnu-tools-for-stm32.13.3.rel1.linux64_1.0.0.202410170706/tools/bin/../lib/gcc/arm-none-eabi/13.3.1/../../../../arm-none-eabi/lib/thumb/v6-m/nofp/libc_nano.a(libc_a-lseekr.o)
[...]
Memory Configuration

Name             Origin             Length             Attributes
FLASH            0x08000000         0x00030000         xr
RAM              0x20000000         0x00005000         xrw
*default*        0x00000000         0xffffffff

Linker script and memory map

LOAD /opt/st/stm32cubeide_1.18.1/plugins/com.st.stm32cube.ide.mcu.externaltools.gnu-tools-for-stm32.13.3.rel1.linux64_1.0.0.202410170706/tools/bin/../lib/gcc/arm-none-eabi/13.3.1/thumb/v6-m/nofp/crti.o
LOAD /opt/st/stm32cubeide_1.18.1/plugins/com.st.stm32cube.ide.mcu.externaltools.gnu-tools-for-stm32.13.3.rel1.linux64_1.0.0.202410170706/tools/bin/../lib/gcc/arm-none-eabi/13.3.1/thumb/v6-m/nofp/crtbegin.o
LOAD /opt/st/stm32cubeide_1.18.1/plugins/com.st.stm32cube.ide.mcu.externaltools.gnu-tools-for-stm32.13.3.rel1.linux64_1.0.0.202410170706/tools/bin/../lib/gcc/arm-none-eabi/13.3.1/../../../../arm-none-eabi/lib/thumb/v6-m/nofp/crt0.o
LOAD ./Application/App/app_subghz_phy.o
LOAD ./Application/App/subghz_phy_app.o
LOAD ./Application/Core/dma.o
LOAD ./Application/Core/main.o
LOAD ./Application/Core/rtc.o
LOAD ./Application/Core/rtc_if.o
LOAD ./Application/Core/stm32_lpm_if.o
LOAD ./Application/Core/stm32l0xx_hal_msp.o
LOAD ./Application/Core/stm32l0xx_it.o
LOAD ./Application/Core/sys_app.o
LOAD ./Application/Core/sys_debug.o
LOAD ./Application/Core/usart.o
LOAD ./Application/Core/usart_if.o
LOAD ./Application/SW4STM32/startup_stm32l072xx.o
LOAD ./Application/SW4STM32/syscalls.o
LOAD ./Application/Target/b_l072z_lrwan1_bus.o
LOAD ./Drivers/BSP/B-L072Z-LRWAN1/b-l072z-lrwan1.o
LOAD ./Drivers/BSP/CMWX1ZZABZ_0xx/cmwx1zzabz_0xx.o
LOAD ./Drivers/CMSIS/system_stm32l0xx.o
LOAD ./Drivers/STM32L0xx_HAL_Driver/stm32l0xx_hal.o
LOAD ./Drivers/STM32L0xx_HAL_Driver/stm32l0xx_hal_adc.o
LOAD ./Drivers/STM32L0xx_HAL_Driver/stm32l0xx_hal_adc_ex.o
LOAD ./Drivers/STM32L0xx_HAL_Driver/stm32l0xx_hal_cortex.o
LOAD ./Drivers/STM32L0xx_HAL_Driver/stm32l0xx_hal_dma.o
LOAD ./Drivers/STM32L0xx_HAL_Driver/stm32l0xx_hal_exti.o
LOAD ./Drivers/STM32L0xx_HAL_Driver/stm32l0xx_hal_gpio.o
LOAD ./Drivers/STM32L0xx_HAL_Driver/stm32l0xx_hal_i2c.o
LOAD ./Drivers/STM32L0xx_HAL_Driver/stm32l0xx_hal_pwr.o
LOAD ./Drivers/STM32L0xx_HAL_Driver/stm32l0xx_hal_pwr_ex.o
LOAD ./Drivers/STM32L0xx_HAL_Driver/stm32l0xx_hal_rcc.o
LOAD ./Drivers/STM32L0xx_HAL_Driver/stm32l0xx_hal_rcc_ex.o
LOAD ./Drivers/STM32L0xx_HAL_Driver/stm32l0xx_hal_rtc.o
LOAD ./Drivers/STM32L0xx_HAL_Driver/stm32l0xx_hal_rtc_ex.o
LOAD ./Drivers/STM32L0xx_HAL_Driver/stm32l0xx_hal_spi.o
LOAD ./Drivers/STM32L0xx_HAL_Driver/stm32l0xx_hal_tim.o
LOAD ./Drivers/STM32L0xx_HAL_Driver/stm32l0xx_hal_tim_ex.o
LOAD ./Drivers/STM32L0xx_HAL_Driver/stm32l0xx_hal_uart.o
LOAD ./Drivers/STM32L0xx_HAL_Driver/stm32l0xx_hal_uart_ex.o
LOAD ./Middlewares/SubGHz_Phy/sx1276.o
LOAD ./Utilities/stm32_adv_trace.o
LOAD ./Utilities/stm32_lpm.o
LOAD ./Utilities/stm32_mem.o
LOAD ./Utilities/stm32_seq.o
LOAD ./Utilities/stm32_systime.o
LOAD ./Utilities/stm32_timer.o
LOAD ./Utilities/stm32_tiny_vsnprintf.o
START GROUP
LOAD /opt/st/stm32cubeide_1.18.1/plugins/com.st.stm32cube.ide.mcu.externaltools.gnu-tools-for-stm32.13.3.rel1.linux64_1.0.0.202410170706/tools/bin/../lib/gcc/arm-none-eabi/13.3.1/../../../../arm-none-eabi/lib/thumb/v6-m/nofp/libc_nano.a
LOAD /opt/st/stm32cubeide_1.18.1/plugins/com.st.stm32cube.ide.mcu.externaltools.gnu-tools-for-stm32.13.3.rel1.linux64_1.0.0.202410170706/tools/bin/../lib/gcc/arm-none-eabi/13.3.1/../../../../arm-none-eabi/lib/thumb/v6-m/nofp/libm.a
END GROUP
START GROUP
LOAD /opt/st/stm32cubeide_1.18.1/plugins/com.st.stm32cube.ide.mcu.externaltools.gnu-tools-for-stm32.13.3.rel1.linux64_1.0.0.202410170706/tools/bin/../lib/gcc/arm-none-eabi/13.3.1/thumb/v6-m/nofp/libgcc.a
LOAD /opt/st/stm32cubeide_1.18.1/plugins/com.st.stm32cube.ide.mcu.externaltools.gnu-tools-for-stm32.13.3.rel1.linux64_1.0.0.202410170706/tools/bin/../lib/gcc/arm-none-eabi/13.3.1/../../../../arm-none-eabi/lib/thumb/v6-m/nofp/libc_nano.a
END GROUP
START GROUP
LOAD /opt/st/stm32cubeide_1.18.1/plugins/com.st.stm32cube.ide.mcu.externaltools.gnu-tools-for-stm32.13.3.rel1.linux64_1.0.0.202410170706/tools/bin/../lib/gcc/arm-none-eabi/13.3.1/thumb/v6-m/nofp/libgcc.a
LOAD /opt/st/stm32cubeide_1.18.1/plugins/com.st.stm32cube.ide.mcu.externaltools.gnu-tools-for-stm32.13.3.rel1.linux64_1.0.0.202410170706/tools/bin/../lib/gcc/arm-none-eabi/13.3.1/../../../../arm-none-eabi/lib/thumb/v6-m/nofp/libc_nano.a
LOAD /opt/st/stm32cubeide_1.18.1/plugins/com.st.stm32cube.ide.mcu.externaltools.gnu-tools-for-stm32.13.3.rel1.linux64_1.0.0.202410170706/tools/bin/../lib/gcc/arm-none-eabi/13.3.1/../../../../arm-none-eabi/lib/thumb/v6-m/nofp/libnosys.a
END GROUP
START GROUP
LOAD /opt/st/stm32cubeide_1.18.1/plugins/com.st.stm32cube.ide.mcu.externaltools.gnu-tools-for-stm32.13.3.rel1.linux64_1.0.0.202410170706/tools/bin/../lib/gcc/arm-none-eabi/13.3.1/thumb/v6-m/nofp/libgcc.a
LOAD /opt/st/stm32cubeide_1.18.1/plugins/com.st.stm32cube.ide.mcu.externaltools.gnu-tools-for-stm32.13.3.rel1.linux64_1.0.0.202410170706/tools/bin/../lib/gcc/arm-none-eabi/13.3.1/../../../../arm-none-eabi/lib/thumb/v6-m/nofp/libc_nano.a
LOAD /opt/st/stm32cubeide_1.18.1/plugins/com.st.stm32cube.ide.mcu.externaltools.gnu-tools-for-stm32.13.3.rel1.linux64_1.0.0.202410170706/tools/bin/../lib/gcc/arm-none-eabi/13.3.1/../../../../arm-none-eabi/lib/thumb/v6-m/nofp/libnosys.a
END GROUP
LOAD /opt/st/stm32cubeide_1.18.1/plugins/com.st.stm32cube.ide.mcu.externaltools.gnu-tools-for-stm32.13.3.rel1.linux64_1.0.0.202410170706/tools/bin/../lib/gcc/arm-none-eabi/13.3.1/thumb/v6-m/nofp/crtend.o
LOAD /opt/st/stm32cubeide_1.18.1/plugins/com.st.stm32cube.ide.mcu.externaltools.gnu-tools-for-stm32.13.3.rel1.linux64_1.0.0.202410170706/tools/bin/../lib/gcc/arm-none-eabi/13.3.1/thumb/v6-m/nofp/crtn.o
                0x20005000                        _estack = 0x20005000
                0x00000200                        _Min_Heap_Size = 0x200
                0x00000400                        _Min_Stack_Size = 0x400

.isr_vector     0x08000000       0xc0
                0x08000000                        . = ALIGN (0x4)
 *(.isr_vector)
 .isr_vector    0x08000000       0xc0 ./Application/SW4STM32/startup_stm32l072xx.o
                0x08000000                g_pfnVectors
                0x080000c0                        . = ALIGN (0x4)

.text           0x080000c0     0x6318
                0x080000c0                        . = ALIGN (0x4)
 *(.text)
 .text          0x080000c0       0x48 /opt/st/stm32cubeide_1.18.1/plugins/com.st.stm32cube.ide.mcu.externaltools.gnu-tools-for-stm32.13.3.rel1.linux64_1.0.0.202410170706/tools/bin/../lib/gcc/arm-none-eabi/13.3.1/thumb/v6-m/nofp/crtbegin.o
 .text          0x08000108        0xe /opt/st/stm32cubeide_1.18.1/plugins/com.st.stm32cube.ide.mcu.externaltools.gnu-tools-for-stm32.13.3.rel1.linux64_1.0.0.202410170706/tools/bin/../lib/gcc/arm-none-eabi/13.3.1/../../../../arm-none-eabi/lib/thumb/v6-m/nofp/libc_nano.a(libc_a-strlen.o)
                0x08000108                strlen
 *fill*         0x08000116        0x2 
 .text          0x08000118       0x14 /opt/st/stm32cubeide_1.18.1/plugins/com.st.stm32cube.ide.mcu.externaltools.gnu-tools-for-stm32.13.3.rel1.linux64_1.0.0.202410170706/tools/bin/../lib/gcc/arm-none-eabi/13.3.1/thumb/v6-m/nofp/libgcc.a(_thumb1_case_uqi.o)
                0x08000118                __gnu_thumb1_case_uqi
 .text          0x0800012c      0x114 /opt/st/stm32cubeide_1.18.1/plugins/com.st.stm32cube.ide.mcu.externaltools.gnu-tools-for-stm32.13.3.rel1.linux64_1.0.0.202410170706/tools/bin/../lib/gcc/arm-none-eabi/13.3.1/thumb/v6-m/nofp/libgcc.a(_udivsi3.o)
                0x0800012c                __udivsi3
                0x0800012c                __aeabi_uidiv
                0x08000238                __aeabi_uidivmod
 .text          0x08000240      0x1d4 /opt/st/stm32cubeide_1.18.1/plugins/com.st.stm32cube.ide.mcu.externaltools.gnu-tools-for-stm32.13.3.rel1.linux64_1.0.0.202410170706/tools/bin/../lib/gcc/arm-none-eabi/13.3.1/thumb/v6-m/nofp/libgcc.a(_divsi3.o)
                0x08000240                __aeabi_idiv
                0x08000240                __divsi3
                0x0800040c                __aeabi_idivmod
 .text          0x08000414        0x4 /opt/st/stm32cubeide_1.18.1/plugins/com.st.stm32cube.ide.mcu.externaltools.gnu-tools-for-stm32.13.3.rel1.linux64_1.0.0.202410170706/tools/bin/../lib/gcc/arm-none-eabi/13.3.1/thumb/v6-m/nofp/libgcc.a(_dvmd_tls.o)
                0x08000414                __aeabi_ldiv0
                0x08000414                __aeabi_idiv0
 .text          0x08000418       0x40 /opt/st/stm32cubeide_1.18.1/plugins/com.st.stm32cube.ide.mcu.externaltools.gnu-tools-for-stm32.13.3.rel1.linux64_1.0.0.202410170706/tools/bin/../lib/gcc/arm-none-eabi/13.3.1/thumb/v6-m/nofp/libgcc.a(_aeabi_uldivmod.o)
                0x08000418                __aeabi_uldivmod
 .text          0x08000458       0x5c /opt/st/stm32cubeide_1.18.1/plugins/com.st.stm32cube.ide.mcu.externaltools.gnu-tools-for-stm32.13.3.rel1.linux64_1.0.0.202410170706/tools/bin/../lib/gcc/arm-none-eabi/13.3.1/thumb/v6-m/nofp/libgcc.a(_muldi3.o)
                0x08000458                __aeabi_lmul
                0x08000458                __muldi3
 .text          0x080004b4      0x198 /opt/st/stm32cubeide_1.18.1/plugins/com.st.stm32cube.ide.mcu.externaltools.gnu-tools-for-stm32.13.3.rel1.linux64_1.0.0.202410170706/tools/bin/../lib/gcc/arm-none-eabi/13.3.1/thumb/v6-m/nofp/libgcc.a(_udivmoddi4.o)
                0x080004b4                __udivmoddi4
 .text          0x0800064c       0x18 /opt/st/stm32cubeide_1.18.1/plugins/com.st.stm32cube.ide.mcu.externaltools.gnu-tools-for-stm32.13.3.rel1.linux64_1.0.0.202410170706/tools/bin/../lib/gcc/arm-none-eabi/13.3.1/thumb/v6-m/nofp/libgcc.a(_clzdi2.o)
                0x0800064c                __clzdi2
 .text          0x08000664       0x3c /opt/st/stm32cubeide_1.18.1/plugins/com.st.stm32cube.ide.mcu.externaltools.gnu-tools-for-stm32.13.3.rel1.linux64_1.0.0.202410170706/tools/bin/../lib/gcc/arm-none-eabi/13.3.1/thumb/v6-m/nofp/libgcc.a(_clzsi2.o)
                0x08000664                __clzsi2
 *(.text*)
 .text.MX_SubGHz_Phy_Init
                0x080006a0        0xc ./Application/App/app_subghz_phy.o
                0x080006a0                MX_SubGHz_Phy_Init
 .text.MX_SubGHz_Phy_Process
                0x080006ac        0xc ./Application/App/app_subghz_phy.o
                0x080006ac                MX_SubGHz_Phy_Process
 .text.OnledEvent
                0x080006b8       0x1c ./Application/App/subghz_phy_app.o
 .text.PingPong_Process
                0x080006d4      0x194 ./Application/App/subghz_phy_app.o
 .text.OnRxError
                0x08000868       0x28 ./Application/App/subghz_phy_app.o
 .text.OnRxTimeout
                0x08000890       0x24 ./Application/App/subghz_phy_app.o
 .text.OnTxTimeout
                0x080008b4       0x28 ./Application/App/subghz_phy_app.o
 .text.OnRxDone
                0x080008dc       0xc4 ./Application/App/subghz_phy_app.o
 .text.OnTxDone
                0x080009a0       0x28 ./Application/App/subghz_phy_app.o
 .text.SubghzApp_Init
                0x080009c8      0x194 ./Application/App/subghz_phy_app.o
                0x080009c8                SubghzApp_Init
 .text.MX_DMA_Init
                0x08000b5c       0x2c ./Application/Core/dma.o
                0x08000b5c                MX_DMA_Init
 .text.SystemClock_Config
                0x08000b88       0x94 ./Application/Core/main.o
                0x08000b88                SystemClock_Config
 .text.startup.main
                0x08000c1c       0x14 ./Application/Core/main.o
                0x08000c1c                main
 .text.Error_Handler
                0x08000c30        0x4 ./Application/Core/main.o
                0x08000c30                Error_Handler
 .text.MX_RTC_Init
                0x08000c34       0xc0 ./Application/Core/rtc.o
                0x08000c34                MX_RTC_Init
 .text.HAL_RTC_MspInit
                0x08000cf4       0x58 ./Application/Core/rtc.o
                0x08000cf4                HAL_RTC_MspInit
 .text.RTC_IF_GetTimerContext
                0x08000d4c        0xc ./Application/Core/rtc_if.o
                0x08000d4c                RTC_IF_GetTimerContext
 .text.RTC_IF_GetMinimumTimeout
                0x08000d58        0x4 ./Application/Core/rtc_if.o
                0x08000d58                RTC_IF_GetMinimumTimeout
 .text.RTC_IF_Convert_ms2Tick
                0x08000d5c       0x10 ./Application/Core/rtc_if.o
                0x08000d5c                RTC_IF_Convert_ms2Tick
 .text.RTC_IF_Convert_Tick2ms
                0x08000d6c       0x14 ./Application/Core/rtc_if.o
                0x08000d6c                RTC_IF_Convert_Tick2ms
 .text.RTC_IF_StopTimer
                0x08000d80       0x24 ./Application/Core/rtc_if.o
                0x08000d80                RTC_IF_StopTimer
 .text.RTC_GetCalendarValue
                0x08000da4       0xb4 ./Application/Core/rtc_if.o
 .text.RTC_IF_SetTimerContext
                0x08000e58       0x1c ./Application/Core/rtc_if.o
                0x08000e58                RTC_IF_SetTimerContext
 .text.RTC_IF_GetTimerElapsedTime
                0x08000e74       0x18 ./Application/Core/rtc_if.o
                0x08000e74                RTC_IF_GetTimerElapsedTime
 .text.RTC_IF_StartTimer
                0x08000e8c      0x138 ./Application/Core/rtc_if.o
                0x08000e8c                RTC_IF_StartTimer
 .text.RTC_IF_GetTime
                0x08000fc4       0x28 ./Application/Core/rtc_if.o
                0x08000fc4                RTC_IF_GetTime
 .text.RTC_IF_BkUp_Write_Seconds
                0x08000fec       0x14 ./Application/Core/rtc_if.o
                0x08000fec                RTC_IF_BkUp_Write_Seconds
 .text.RTC_IF_BkUp_Write_SubSeconds
                0x08001000       0x14 ./Application/Core/rtc_if.o
                0x08001000                RTC_IF_BkUp_Write_SubSeconds
 .text.RTC_IF_BkUp_Read_Seconds
                0x08001014       0x10 ./Application/Core/rtc_if.o
                0x08001014                RTC_IF_BkUp_Read_Seconds
 .text.RTC_IF_BkUp_Read_SubSeconds
                0x08001024       0x10 ./Application/Core/rtc_if.o
                0x08001024                RTC_IF_BkUp_Read_SubSeconds
 .text.RTC_IF_Init
                0x08001034       0x50 ./Application/Core/rtc_if.o
                0x08001034                RTC_IF_Init
 .text.RTC_IF_GetTimerValue
                0x08001084       0x1c ./Application/Core/rtc_if.o
                0x08001084                RTC_IF_GetTimerValue
 .text.RTC_IF_DelayMs
                0x080010a0       0x26 ./Application/Core/rtc_if.o
                0x080010a0                RTC_IF_DelayMs
 .text.HAL_RTC_AlarmAEventCallback
                0x080010c6        0x8 ./Application/Core/rtc_if.o
                0x080010c6                HAL_RTC_AlarmAEventCallback
 .text.PWR_EnterOffMode
                0x080010ce        0x2 ./Application/Core/stm32_lpm_if.o
                0x080010ce                PWR_EnterOffMode
 .text.PWR_EnterStopMode
                0x080010d0       0x28 ./Application/Core/stm32_lpm_if.o
                0x080010d0                PWR_EnterStopMode
 .text.PWR_ExitStopMode
                0x080010f8       0x50 ./Application/Core/stm32_lpm_if.o
                0x080010f8                PWR_ExitStopMode
 .text.PWR_EnterSleepMode
                0x08001148        0xc ./Application/Core/stm32_lpm_if.o
                0x08001148                PWR_EnterSleepMode
 .text.PWR_ExitSleepMode
                0x08001154        0x2 ./Application/Core/stm32_lpm_if.o
                0x08001154                PWR_ExitSleepMode
 .text.PWR_ExitOffMode
                0x08001156        0x2 ./Application/Core/stm32_lpm_if.o
                0x08001156                PWR_ExitOffMode
 .text.HAL_MspInit
                0x08001158       0x30 ./Application/Core/stm32l0xx_hal_msp.o
                0x08001158                HAL_MspInit
 .text.NMI_Handler
                0x08001188        0x2 ./Application/Core/stm32l0xx_it.o
                0x08001188                NMI_Handler
 .text.HardFault_Handler
                0x0800118a        0x2 ./Application/Core/stm32l0xx_it.o
                0x0800118a                HardFault_Handler
 .text.SVC_Handler
                0x0800118c        0x2 ./Application/Core/stm32l0xx_it.o
                0x0800118c                SVC_Handler
 .text.PendSV_Handler
                0x0800118e        0x2 ./Application/Core/stm32l0xx_it.o
                0x0800118e                PendSV_Handler
 .text.SysTick_Handler
                0x08001190        0x8 ./Application/Core/stm32l0xx_it.o
                0x08001190                SysTick_Handler
 .text.EXTI0_1_IRQHandler
                0x08001198       0x18 ./Application/Core/stm32l0xx_it.o
                0x08001198                EXTI0_1_IRQHandler
 .text.EXTI2_3_IRQHandler
                0x080011b0        0x2 ./Application/Core/stm32l0xx_it.o
                0x080011b0                EXTI2_3_IRQHandler
 *fill*         0x080011b2        0x2 
 .text.EXTI4_15_IRQHandler
                0x080011b4       0x18 ./Application/Core/stm32l0xx_it.o
                0x080011b4                EXTI4_15_IRQHandler
 .text.DMA1_Channel4_5_6_7_IRQHandler
                0x080011cc       0x10 ./Application/Core/stm32l0xx_it.o
                0x080011cc                DMA1_Channel4_5_6_7_IRQHandler
 .text.USART2_IRQHandler
                0x080011dc       0x10 ./Application/Core/stm32l0xx_it.o
                0x080011dc                USART2_IRQHandler
 .text.RTC_IRQHandler
                0x080011ec       0x10 ./Application/Core/stm32l0xx_it.o
                0x080011ec                RTC_IRQHandler
 .text.tiny_snprintf_like.constprop.0
                0x080011fc       0x1c ./Application/Core/sys_app.o
 .text.TimestampNow
                0x08001218       0x30 ./Application/Core/sys_app.o
 .text.SystemApp_Init
                0x08001248       0xe8 ./Application/Core/sys_app.o
                0x08001248                SystemApp_Init
 .text.UTIL_SEQ_Idle
                0x08001330        0x8 ./Application/Core/sys_app.o
                0x08001330                UTIL_SEQ_Idle
 .text.UTIL_ADV_TRACE_PreSendHook
                0x08001338        0xc ./Application/Core/sys_app.o
                0x08001338                UTIL_ADV_TRACE_PreSendHook
 .text.UTIL_ADV_TRACE_PostSendHook
                0x08001344        0xc ./Application/Core/sys_app.o
                0x08001344                UTIL_ADV_TRACE_PostSendHook
 .text.HAL_InitTick
                0x08001350        0x4 ./Application/Core/sys_app.o
                0x08001350                HAL_InitTick
 .text.HAL_GetTick
                0x08001354        0x8 ./Application/Core/sys_app.o
                0x08001354                HAL_GetTick
 .text.HAL_Delay
                0x0800135c        0xc ./Application/Core/sys_app.o
                0x0800135c                HAL_Delay
 .text.DBG_ConfigForLpm
                0x08001368       0x2c ./Application/Core/sys_debug.o
                0x08001368                DBG_ConfigForLpm
 .text.DBG_Disable
                0x08001394       0x44 ./Application/Core/sys_debug.o
                0x08001394                DBG_Disable
 .text.DBG_ProbesInit
                0x080013d8        0x2 ./Application/Core/sys_debug.o
                0x080013d8                DBG_ProbesInit
 *fill*         0x080013da        0x2 
 .text.MX_USART2_UART_Init
                0x080013dc       0x34 ./Application/Core/usart.o
                0x080013dc                MX_USART2_UART_Init
 .text.HAL_UART_MspInit
                0x08001410      0x108 ./Application/Core/usart.o
                0x08001410                HAL_UART_MspInit
 .text.HAL_UART_MspDeInit
                0x08001518       0x3c ./Application/Core/usart.o
                0x08001518                HAL_UART_MspDeInit
 .text.vcom_Init
                0x08001554       0x18 ./Application/Core/usart_if.o
                0x08001554                vcom_Init
 .text.vcom_DeInit
                0x0800156c       0x34 ./Application/Core/usart_if.o
                0x0800156c                vcom_DeInit
 .text.vcom_Trace_DMA
                0x080015a0       0x18 ./Application/Core/usart_if.o
                0x080015a0                vcom_Trace_DMA
 .text.vcom_ReceiveInit
                0x080015b8       0x50 ./Application/Core/usart_if.o
                0x080015b8                vcom_ReceiveInit
 .text.HAL_UART_TxCpltCallback
                0x08001608       0x10 ./Application/Core/usart_if.o
                0x08001608                HAL_UART_TxCpltCallback
 .text.HAL_UART_RxCpltCallback
                0x08001618       0x30 ./Application/Core/usart_if.o
                0x08001618                HAL_UART_RxCpltCallback
 .text.Reset_Handler
                0x08001648       0x50 ./Application/SW4STM32/startup_stm32l072xx.o
                0x08001648                Reset_Handler
 .text.Default_Handler
                0x08001698        0x2 ./Application/SW4STM32/startup_stm32l072xx.o
                0x08001698                TSC_IRQHandler
                0x08001698                ADC1_COMP_IRQHandler
                0x08001698                PVD_IRQHandler
                0x08001698                I2C1_IRQHandler
                0x08001698                RCC_CRS_IRQHandler
                0x08001698                SPI1_IRQHandler
                0x08001698                TIM6_DAC_IRQHandler
                0x08001698                I2C2_IRQHandler
                0x08001698                TIM3_IRQHandler
                0x08001698                DMA1_Channel1_IRQHandler
                0x08001698                USART4_5_IRQHandler
                0x08001698                Default_Handler
                0x08001698                TIM22_IRQHandler
                0x08001698                TIM7_IRQHandler
                0x08001698                USB_IRQHandler
                0x08001698                I2C3_IRQHandler
                0x08001698                SPI2_IRQHandler
                0x08001698                TIM21_IRQHandler
                0x08001698                WWDG_IRQHandler
                0x08001698                TIM2_IRQHandler
                0x08001698                DMA1_Channel2_3_IRQHandler
                0x08001698                FLASH_IRQHandler
                0x08001698                USART1_IRQHandler
                0x08001698                RNG_LPUART1_IRQHandler
                0x08001698                LPTIM1_IRQHandler
 *fill*         0x0800169a        0x2 
 .text.BSP_SPI1_SendRecv
                0x0800169c       0x2c ./Application/Target/b_l072z_lrwan1_bus.o
                0x0800169c                BSP_SPI1_SendRecv
 .text.MX_SPI1_Init
                0x080016c8       0x60 ./Application/Target/b_l072z_lrwan1_bus.o
                0x080016c8                MX_SPI1_Init
 .text.BSP_SPI1_Init
                0x08001728       0x80 ./Application/Target/b_l072z_lrwan1_bus.o
                0x08001728                BSP_SPI1_Init
 .text.BSP_LED_Init
                0x080017a8       0x84 ./Drivers/BSP/B-L072Z-LRWAN1/b-l072z-lrwan1.o
                0x080017a8                BSP_LED_Init
 .text.BSP_LED_Off
                0x0800182c       0x20 ./Drivers/BSP/B-L072Z-LRWAN1/b-l072z-lrwan1.o
                0x0800182c                BSP_LED_Off
 .text.BSP_LED_Toggle
                0x0800184c       0x1c ./Drivers/BSP/B-L072Z-LRWAN1/b-l072z-lrwan1.o
                0x0800184c                BSP_LED_Toggle
 .text.CMWX1ZZABZ0XX_RADIO_GetWakeUpTime
                0x08001868        0x4 ./Drivers/BSP/CMWX1ZZABZ_0xx/cmwx1zzabz_0xx.o
                0x08001868                CMWX1ZZABZ0XX_RADIO_GetWakeUpTime
 .text.CMWX1ZZABZ0XX_RADIO_SetXO
                0x0800186c       0x2c ./Drivers/BSP/CMWX1ZZABZ_0xx/cmwx1zzabz_0xx.o
                0x0800186c                CMWX1ZZABZ0XX_RADIO_SetXO
 .text.CMWX1ZZABZ0XX_RADIO_IoInit
                0x08001898      0x1b4 ./Drivers/BSP/CMWX1ZZABZ_0xx/cmwx1zzabz_0xx.o
                0x08001898                CMWX1ZZABZ0XX_RADIO_IoInit
 .text.CMWX1ZZABZ0XX_RADIO_IoDeInit
                0x08001a4c       0xb0 ./Drivers/BSP/CMWX1ZZABZ_0xx/cmwx1zzabz_0xx.o
                0x08001a4c                CMWX1ZZABZ0XX_RADIO_IoDeInit
 .text.CMWX1ZZABZ0XX_RADIO_IoIrqInit
                0x08001afc       0x5c ./Drivers/BSP/CMWX1ZZABZ_0xx/cmwx1zzabz_0xx.o
                0x08001afc                CMWX1ZZABZ0XX_RADIO_IoIrqInit
 .text.CMWX1ZZABZ0XX_RADIO_GetPaSelect
                0x08001b58        0x4 ./Drivers/BSP/CMWX1ZZABZ_0xx/cmwx1zzabz_0xx.o
                0x08001b58                CMWX1ZZABZ0XX_RADIO_GetPaSelect
 .text.CMWX1ZZABZ0XX_RADIO_SetAntSw
                0x08001b5c       0x4c ./Drivers/BSP/CMWX1ZZABZ_0xx/cmwx1zzabz_0xx.o
                0x08001b5c                CMWX1ZZABZ0XX_RADIO_SetAntSw
 .text.CMWX1ZZABZ0XX_RADIO_CheckRfFrequency
                0x08001ba8        0x4 ./Drivers/BSP/CMWX1ZZABZ_0xx/cmwx1zzabz_0xx.o
                0x08001ba8                CMWX1ZZABZ0XX_RADIO_CheckRfFrequency
 .text.CMWX1ZZABZ0XX_RADIO_Reset
                0x08001bac       0x4c ./Drivers/BSP/CMWX1ZZABZ_0xx/cmwx1zzabz_0xx.o
                0x08001bac                CMWX1ZZABZ0XX_RADIO_Reset
 .text.CMWX1ZZABZ0XX_RADIO_Bus_Init
                0x08001bf8        0x8 ./Drivers/BSP/CMWX1ZZABZ_0xx/cmwx1zzabz_0xx.o
                0x08001bf8                CMWX1ZZABZ0XX_RADIO_Bus_Init
 .text.CMWX1ZZABZ0XX_RADIO_SendRecv
                0x08001c00       0x1c ./Drivers/BSP/CMWX1ZZABZ_0xx/cmwx1zzabz_0xx.o
                0x08001c00                CMWX1ZZABZ0XX_RADIO_SendRecv
 .text.CMWX1ZZABZ0XX_RADIO_ChipSelect
                0x08001c1c       0x1a ./Drivers/BSP/CMWX1ZZABZ_0xx/cmwx1zzabz_0xx.o
                0x08001c1c                CMWX1ZZABZ0XX_RADIO_ChipSelect
 *fill*         0x08001c36        0x2 
 .text.CMWX1ZZABZ0XX_RADIO_GetDio1PinState
                0x08001c38       0x10 ./Drivers/BSP/CMWX1ZZABZ_0xx/cmwx1zzabz_0xx.o
                0x08001c38                CMWX1ZZABZ0XX_RADIO_GetDio1PinState
 .text.SystemInit
                0x08001c48       0x5c ./Drivers/CMSIS/system_stm32l0xx.o
                0x08001c48                SystemInit
 .text.HAL_Init
                0x08001ca4       0x28 ./Drivers/STM32L0xx_HAL_Driver/stm32l0xx_hal.o
                0x08001ca4                HAL_Init
 .text.HAL_IncTick
                0x08001ccc       0x18 ./Drivers/STM32L0xx_HAL_Driver/stm32l0xx_hal.o
                0x08001ccc                HAL_IncTick
 .text.HAL_DBGMCU_DisableDBGSleepMode
                0x08001ce4       0x10 ./Drivers/STM32L0xx_HAL_Driver/stm32l0xx_hal.o
                0x08001ce4                HAL_DBGMCU_DisableDBGSleepMode
 .text.HAL_DBGMCU_DisableDBGStopMode
                0x08001cf4       0x10 ./Drivers/STM32L0xx_HAL_Driver/stm32l0xx_hal.o
                0x08001cf4                HAL_DBGMCU_DisableDBGStopMode
 .text.HAL_DBGMCU_DisableDBGStandbyMode
                0x08001d04       0x10 ./Drivers/STM32L0xx_HAL_Driver/stm32l0xx_hal.o
                0x08001d04                HAL_DBGMCU_DisableDBGStandbyMode
 .text.HAL_NVIC_SetPriority
                0x08001d14       0x54 ./Drivers/STM32L0xx_HAL_Driver/stm32l0xx_hal_cortex.o
                0x08001d14                HAL_NVIC_SetPriority
 .text.HAL_NVIC_EnableIRQ
                0x08001d68       0x18 ./Drivers/STM32L0xx_HAL_Driver/stm32l0xx_hal_cortex.o
                0x08001d68                HAL_NVIC_EnableIRQ
 .text.HAL_NVIC_DisableIRQ
                0x08001d80       0x20 ./Drivers/STM32L0xx_HAL_Driver/stm32l0xx_hal_cortex.o
                0x08001d80                HAL_NVIC_DisableIRQ
 .text.HAL_DMA_Init
                0x08001da0       0x88 ./Drivers/STM32L0xx_HAL_Driver/stm32l0xx_hal_dma.o
                0x08001da0                HAL_DMA_Init
 .text.HAL_DMA_DeInit
                0x08001e28       0x60 ./Drivers/STM32L0xx_HAL_Driver/stm32l0xx_hal_dma.o
                0x08001e28                HAL_DMA_DeInit
 .text.HAL_DMA_Start_IT
                0x08001e88       0x7c ./Drivers/STM32L0xx_HAL_Driver/stm32l0xx_hal_dma.o
                0x08001e88                HAL_DMA_Start_IT
 .text.HAL_DMA_Abort
                0x08001f04       0x40 ./Drivers/STM32L0xx_HAL_Driver/stm32l0xx_hal_dma.o
                0x08001f04                HAL_DMA_Abort
 .text.HAL_DMA_Abort_IT
                0x08001f44       0x46 ./Drivers/STM32L0xx_HAL_Driver/stm32l0xx_hal_dma.o
                0x08001f44                HAL_DMA_Abort_IT
 .text.HAL_DMA_IRQHandler
                0x08001f8a       0x96 ./Drivers/STM32L0xx_HAL_Driver/stm32l0xx_hal_dma.o
                0x08001f8a                HAL_DMA_IRQHandler
 .text.HAL_EXTI_RegisterCallback
                0x08002020        0xe ./Drivers/STM32L0xx_HAL_Driver/stm32l0xx_hal_exti.o
                0x08002020                HAL_EXTI_RegisterCallback
 .text.HAL_EXTI_GetHandle
                0x0800202e        0xe ./Drivers/STM32L0xx_HAL_Driver/stm32l0xx_hal_exti.o
                0x0800202e                HAL_EXTI_GetHandle
 .text.HAL_EXTI_IRQHandler
                0x0800203c       0x24 ./Drivers/STM32L0xx_HAL_Driver/stm32l0xx_hal_exti.o
                0x0800203c                HAL_EXTI_IRQHandler
 .text.HAL_GPIO_Init
                0x08002060      0x178 ./Drivers/STM32L0xx_HAL_Driver/stm32l0xx_hal_gpio.o
                0x08002060                HAL_GPIO_Init
 .text.HAL_GPIO_DeInit
                0x080021d8       0xf8 ./Drivers/STM32L0xx_HAL_Driver/stm32l0xx_hal_gpio.o
                0x080021d8                HAL_GPIO_DeInit
 .text.HAL_GPIO_ReadPin
                0x080022d0        0xc ./Drivers/STM32L0xx_HAL_Driver/stm32l0xx_hal_gpio.o
                0x080022d0                HAL_GPIO_ReadPin
 .text.HAL_GPIO_WritePin
                0x080022dc        0xc ./Drivers/STM32L0xx_HAL_Driver/stm32l0xx_hal_gpio.o
                0x080022dc                HAL_GPIO_WritePin
 .text.HAL_GPIO_TogglePin
                0x080022e8       0x10 ./Drivers/STM32L0xx_HAL_Driver/stm32l0xx_hal_gpio.o
                0x080022e8                HAL_GPIO_TogglePin
 .text.HAL_PWR_DisablePVD
                0x080022f8       0x10 ./Drivers/STM32L0xx_HAL_Driver/stm32l0xx_hal_pwr.o
                0x080022f8                HAL_PWR_DisablePVD
 .text.HAL_PWR_EnterSLEEPMode
                0x08002308       0x70 ./Drivers/STM32L0xx_HAL_Driver/stm32l0xx_hal_pwr.o
                0x08002308                HAL_PWR_EnterSLEEPMode
 .text.HAL_PWR_EnterSTOPMode
                0x08002378       0x78 ./Drivers/STM32L0xx_HAL_Driver/stm32l0xx_hal_pwr.o
                0x08002378                HAL_PWR_EnterSTOPMode
 .text.HAL_PWREx_EnableFastWakeUp
                0x080023f0       0x14 ./Drivers/STM32L0xx_HAL_Driver/stm32l0xx_hal_pwr_ex.o
                0x080023f0                HAL_PWREx_EnableFastWakeUp
 .text.HAL_PWREx_EnableUltraLowPower
                0x08002404       0x14 ./Drivers/STM32L0xx_HAL_Driver/stm32l0xx_hal_pwr_ex.o
                0x08002404                HAL_PWREx_EnableUltraLowPower
 .text.HAL_RCC_GetSysClockFreq
                0x08002418       0x94 ./Drivers/STM32L0xx_HAL_Driver/stm32l0xx_hal_rcc.o
                0x08002418                HAL_RCC_GetSysClockFreq
 .text.HAL_RCC_OscConfig
                0x080024ac      0x514 ./Drivers/STM32L0xx_HAL_Driver/stm32l0xx_hal_rcc.o
                0x080024ac                HAL_RCC_OscConfig
 .text.HAL_RCC_ClockConfig
                0x080029c0      0x19c ./Drivers/STM32L0xx_HAL_Driver/stm32l0xx_hal_rcc.o
                0x080029c0                HAL_RCC_ClockConfig
 .text.HAL_RCC_GetPCLK1Freq
                0x08002b5c       0x20 ./Drivers/STM32L0xx_HAL_Driver/stm32l0xx_hal_rcc.o
                0x08002b5c                HAL_RCC_GetPCLK1Freq
 .text.HAL_RCC_GetPCLK2Freq
                0x08002b7c       0x20 ./Drivers/STM32L0xx_HAL_Driver/stm32l0xx_hal_rcc.o
                0x08002b7c                HAL_RCC_GetPCLK2Freq
 .text.HAL_RCCEx_PeriphCLKConfig
                0x08002b9c      0x1b8 ./Drivers/STM32L0xx_HAL_Driver/stm32l0xx_hal_rcc_ex.o
                0x08002b9c                HAL_RCCEx_PeriphCLKConfig
 .text.HAL_RTC_DeactivateAlarm
                0x08002d54       0xbc ./Drivers/STM32L0xx_HAL_Driver/stm32l0xx_hal_rtc.o
                0x08002d54                HAL_RTC_DeactivateAlarm
 .text.HAL_RTC_AlarmIRQHandler
                0x08002e10       0x60 ./Drivers/STM32L0xx_HAL_Driver/stm32l0xx_hal_rtc.o
                0x08002e10                HAL_RTC_AlarmIRQHandler
 .text.HAL_RTC_WaitForSynchro
                0x08002e70       0x34 ./Drivers/STM32L0xx_HAL_Driver/stm32l0xx_hal_rtc.o
                0x08002e70                HAL_RTC_WaitForSynchro
 .text.RTC_EnterInitMode
                0x08002ea4       0x38 ./Drivers/STM32L0xx_HAL_Driver/stm32l0xx_hal_rtc.o
                0x08002ea4                RTC_EnterInitMode
 .text.HAL_RTC_Init
                0x08002edc       0xb8 ./Drivers/STM32L0xx_HAL_Driver/stm32l0xx_hal_rtc.o
                0x08002edc                HAL_RTC_Init
 .text.RTC_ByteToBcd2
                0x08002f94       0x16 ./Drivers/STM32L0xx_HAL_Driver/stm32l0xx_hal_rtc.o
                0x08002f94                RTC_ByteToBcd2
 *fill*         0x08002faa        0x2 
 .text.HAL_RTC_SetTime
                0x08002fac      0x10c ./Drivers/STM32L0xx_HAL_Driver/stm32l0xx_hal_rtc.o
                0x08002fac                HAL_RTC_SetTime
 .text.HAL_RTC_SetDate
                0x080030b8       0xdc ./Drivers/STM32L0xx_HAL_Driver/stm32l0xx_hal_rtc.o
                0x080030b8                HAL_RTC_SetDate
 .text.HAL_RTC_SetAlarm_IT
                0x08003194      0x1a0 ./Drivers/STM32L0xx_HAL_Driver/stm32l0xx_hal_rtc.o
                0x08003194                HAL_RTC_SetAlarm_IT
 .text.RTC_Bcd2ToByte
                0x08003334       0x12 ./Drivers/STM32L0xx_HAL_Driver/stm32l0xx_hal_rtc.o
                0x08003334                RTC_Bcd2ToByte
 *fill*         0x08003346        0x2 
 .text.HAL_RTC_GetTime
                0x08003348       0x54 ./Drivers/STM32L0xx_HAL_Driver/stm32l0xx_hal_rtc.o
                0x08003348                HAL_RTC_GetTime
 .text.HAL_RTC_GetDate
                0x0800339c       0x44 ./Drivers/STM32L0xx_HAL_Driver/stm32l0xx_hal_rtc.o
                0x0800339c                HAL_RTC_GetDate
 .text.HAL_RTCEx_BKUPWrite
                0x080033e0        0xc ./Drivers/STM32L0xx_HAL_Driver/stm32l0xx_hal_rtc_ex.o
                0x080033e0                HAL_RTCEx_BKUPWrite
 .text.HAL_RTCEx_BKUPRead
                0x080033ec        0xc ./Drivers/STM32L0xx_HAL_Driver/stm32l0xx_hal_rtc_ex.o
                0x080033ec                HAL_RTCEx_BKUPRead
 .text.HAL_RTCEx_EnableBypassShadow
                0x080033f8       0x34 ./Drivers/STM32L0xx_HAL_Driver/stm32l0xx_hal_rtc_ex.o
                0x080033f8                HAL_RTCEx_EnableBypassShadow
 .text.HAL_RTCEx_AlarmBEventCallback
                0x0800342c        0x2 ./Drivers/STM32L0xx_HAL_Driver/stm32l0xx_hal_rtc_ex.o
                0x0800342c                HAL_RTCEx_AlarmBEventCallback
 *fill*         0x0800342e        0x2 
 .text.SPI_WaitFlagStateUntilTimeout
                0x08003430       0xc4 ./Drivers/STM32L0xx_HAL_Driver/stm32l0xx_hal_spi.o
 .text.SPI_EndRxTxTransaction
                0x080034f4       0x68 ./Drivers/STM32L0xx_HAL_Driver/stm32l0xx_hal_spi.o
 .text.HAL_SPI_MspInit
                0x0800355c        0x2 ./Drivers/STM32L0xx_HAL_Driver/stm32l0xx_hal_spi.o
                0x0800355c                HAL_SPI_MspInit
 *fill*         0x0800355e        0x2 
 .text.HAL_SPI_Init
                0x08003560       0xd0 ./Drivers/STM32L0xx_HAL_Driver/stm32l0xx_hal_spi.o
                0x08003560                HAL_SPI_Init
 .text.HAL_SPI_TransmitReceive
                0x08003630      0x288 ./Drivers/STM32L0xx_HAL_Driver/stm32l0xx_hal_spi.o
                0x08003630                HAL_SPI_TransmitReceive
 .text.HAL_SPI_GetState
                0x080038b8        0x8 ./Drivers/STM32L0xx_HAL_Driver/stm32l0xx_hal_spi.o
                0x080038b8                HAL_SPI_GetState
 .text.UART_EndRxTransfer
                0x080038c0       0x34 ./Drivers/STM32L0xx_HAL_Driver/stm32l0xx_hal_uart.o
 .text.HAL_UART_Transmit_DMA
                0x080038f4       0xa4 ./Drivers/STM32L0xx_HAL_Driver/stm32l0xx_hal_uart.o
                0x080038f4                HAL_UART_Transmit_DMA
 .text.UART_DMATransmitCplt
                0x08003998       0x34 ./Drivers/STM32L0xx_HAL_Driver/stm32l0xx_hal_uart.o
 .text.HAL_UART_TxHalfCpltCallback
                0x080039cc        0x2 ./Drivers/STM32L0xx_HAL_Driver/stm32l0xx_hal_uart.o
                0x080039cc                HAL_UART_TxHalfCpltCallback
 .text.UART_DMATxHalfCplt
                0x080039ce        0xa ./Drivers/STM32L0xx_HAL_Driver/stm32l0xx_hal_uart.o
 .text.HAL_UART_ErrorCallback
                0x080039d8        0x2 ./Drivers/STM32L0xx_HAL_Driver/stm32l0xx_hal_uart.o
                0x080039d8                HAL_UART_ErrorCallback
 .text.UART_DMAError
                0x080039da       0x52 ./Drivers/STM32L0xx_HAL_Driver/stm32l0xx_hal_uart.o
 .text.UART_DMAAbortOnError
                0x08003a2c       0x16 ./Drivers/STM32L0xx_HAL_Driver/stm32l0xx_hal_uart.o
 .text.HAL_UARTEx_RxEventCallback
                0x08003a42        0x2 ./Drivers/STM32L0xx_HAL_Driver/stm32l0xx_hal_uart.o
                0x08003a42                HAL_UARTEx_RxEventCallback
 .text.HAL_UART_IRQHandler
                0x08003a44      0x230 ./Drivers/STM32L0xx_HAL_Driver/stm32l0xx_hal_uart.o
                0x08003a44                HAL_UART_IRQHandler
 .text.UART_RxISR_8BIT
                0x08003c74       0x84 ./Drivers/STM32L0xx_HAL_Driver/stm32l0xx_hal_uart.o
 .text.UART_RxISR_16BIT
                0x08003cf8       0x80 ./Drivers/STM32L0xx_HAL_Driver/stm32l0xx_hal_uart.o
 .text.UART_SetConfig
                0x08003d78      0x20c ./Drivers/STM32L0xx_HAL_Driver/stm32l0xx_hal_uart.o
                0x08003d78                UART_SetConfig
 .text.UART_AdvFeatureConfig
                0x08003f84       0xd0 ./Drivers/STM32L0xx_HAL_Driver/stm32l0xx_hal_uart.o
                0x08003f84                UART_AdvFeatureConfig
 .text.UART_WaitOnFlagUntilTimeout
                0x08004054       0x8c ./Drivers/STM32L0xx_HAL_Driver/stm32l0xx_hal_uart.o
                0x08004054                UART_WaitOnFlagUntilTimeout
 .text.UART_CheckIdleState
                0x080040e0       0x64 ./Drivers/STM32L0xx_HAL_Driver/stm32l0xx_hal_uart.o
                0x080040e0                UART_CheckIdleState
 .text.HAL_UART_Init
                0x08004144       0x64 ./Drivers/STM32L0xx_HAL_Driver/stm32l0xx_hal_uart.o
                0x08004144                HAL_UART_Init
 .text.UART_Start_Receive_IT
                0x080041a8       0x94 ./Drivers/STM32L0xx_HAL_Driver/stm32l0xx_hal_uart.o
                0x080041a8                UART_Start_Receive_IT
 .text.HAL_UART_Receive_IT
                0x0800423c       0x64 ./Drivers/STM32L0xx_HAL_Driver/stm32l0xx_hal_uart.o
                0x0800423c                HAL_UART_Receive_IT
 .text.HAL_UARTEx_WakeupCallback
                0x080042a0        0x2 ./Drivers/STM32L0xx_HAL_Driver/stm32l0xx_hal_uart_ex.o
                0x080042a0                HAL_UARTEx_WakeupCallback
 *fill*         0x080042a2        0x2 
 .text.HAL_UARTEx_StopModeWakeUpSourceConfig
                0x080042a4       0x8c ./Drivers/STM32L0xx_HAL_Driver/stm32l0xx_hal_uart_ex.o
                0x080042a4                HAL_UARTEx_StopModeWakeUpSourceConfig
 .text.HAL_UARTEx_EnableStopMode
                0x08004330       0x20 ./Drivers/STM32L0xx_HAL_Driver/stm32l0xx_hal_uart_ex.o
                0x08004330                HAL_UARTEx_EnableStopMode
 .text.SX1276GetStatus
                0x08004350        0xc ./Middlewares/SubGHz_Phy/sx1276.o
                0x08004350                SX1276GetStatus
 .text.GetFskBandwidthRegValue
                0x0800435c       0x2c ./Middlewares/SubGHz_Phy/sx1276.o
 .text.SX1276GetTimeOnAir
                0x08004388       0xec ./Middlewares/SubGHz_Phy/sx1276.o
                0x08004388                SX1276GetTimeOnAir
 .text.SX1276GetWakeupTime
                0x08004474        0xa ./Middlewares/SubGHz_Phy/sx1276.o
                0x08004474                SX1276GetWakeupTime
 .text.SX1276WriteBuffer
                0x0800447e       0x30 ./Middlewares/SubGHz_Phy/sx1276.o
                0x0800447e                SX1276WriteBuffer
 .text.SX1276Write
                0x080044ae       0x12 ./Middlewares/SubGHz_Phy/sx1276.o
                0x080044ae                SX1276Write
 .text.SX1276SetChannel
                0x080044c0       0x54 ./Middlewares/SubGHz_Phy/sx1276.o
                0x080044c0                SX1276SetChannel
 .text.SX1276ReadBuffer
                0x08004514       0x30 ./Middlewares/SubGHz_Phy/sx1276.o
                0x08004514                SX1276ReadBuffer
 .text.SX1276Read
                0x08004544       0x12 ./Middlewares/SubGHz_Phy/sx1276.o
                0x08004544                SX1276Read
 *fill*         0x08004556        0x2 
 .text.SX1276OnDio2Irq
                0x08004558       0xc0 ./Middlewares/SubGHz_Phy/sx1276.o
 .text.SX1276OnDio4Irq
                0x08004618       0x1c ./Middlewares/SubGHz_Phy/sx1276.o
 .text.SX1276OnDio3Irq
                0x08004634       0x54 ./Middlewares/SubGHz_Phy/sx1276.o
 .text.SX1276SetOpMode.part.0
                0x08004688       0x56 ./Middlewares/SubGHz_Phy/sx1276.o
 *fill*         0x080046de        0x2 
 .text.SX1276SetStby
                0x080046e0       0x38 ./Middlewares/SubGHz_Phy/sx1276.o
                0x080046e0                SX1276SetStby
 .text.SX1276SetRx
                0x08004718      0x214 ./Middlewares/SubGHz_Phy/sx1276.o
                0x08004718                SX1276SetRx
 .text.SX1276StartCad
                0x0800492c       0x34 ./Middlewares/SubGHz_Phy/sx1276.o
                0x0800492c                SX1276StartCad
 .text.SX1276ReadRssi
                0x08004960       0x44 ./Middlewares/SubGHz_Phy/sx1276.o
                0x08004960                SX1276ReadRssi
 .text.SX1276SetOpMode.constprop.0
                0x080049a4       0x20 ./Middlewares/SubGHz_Phy/sx1276.o
 .text.SX1276SetModem
                0x080049c4       0x6c ./Middlewares/SubGHz_Phy/sx1276.o
                0x080049c4                SX1276SetModem
 .text.SX1276SetMaxPayloadLength
                0x08004a30       0x30 ./Middlewares/SubGHz_Phy/sx1276.o
                0x08004a30                SX1276SetMaxPayloadLength
 .text.SX1276SetPublicNetwork
                0x08004a60       0x24 ./Middlewares/SubGHz_Phy/sx1276.o
                0x08004a60                SX1276SetPublicNetwork
 .text.SX1276SetRxConfig
                0x08004a84      0x2d8 ./Middlewares/SubGHz_Phy/sx1276.o
                0x08004a84                SX1276SetRxConfig
 .text.SX1276SetSleep
                0x08004d5c       0x3c ./Middlewares/SubGHz_Phy/sx1276.o
                0x08004d5c                SX1276SetSleep
 .text.SX1276IsChannelFree
                0x08004d98       0x66 ./Middlewares/SubGHz_Phy/sx1276.o
                0x08004d98                SX1276IsChannelFree
 .text.SX1276Random
                0x08004dfe       0x3c ./Middlewares/SubGHz_Phy/sx1276.o
                0x08004dfe                SX1276Random
 *fill*         0x08004e3a        0x2 
 .text.SX1276SetTxConfig
                0x08004e3c      0x330 ./Middlewares/SubGHz_Phy/sx1276.o
                0x08004e3c                SX1276SetTxConfig
 .text.SX1276SetTxContinuousWave
                0x0800516c       0x80 ./Middlewares/SubGHz_Phy/sx1276.o
                0x0800516c                SX1276SetTxContinuousWave
 .text.RxChainCalibration
                0x080051ec       0x98 ./Middlewares/SubGHz_Phy/sx1276.o
 .text.SX1276Init
                0x08005284       0x9c ./Middlewares/SubGHz_Phy/sx1276.o
                0x08005284                SX1276Init
 .text.SX1276OnTimeoutIrq
                0x08005320       0xb8 ./Middlewares/SubGHz_Phy/sx1276.o
 .text.SX1276OnDio0Irq
                0x080053d8      0x250 ./Middlewares/SubGHz_Phy/sx1276.o
 .text.SX1276Send
                0x08005628      0x194 ./Middlewares/SubGHz_Phy/sx1276.o
                0x08005628                SX1276Send
 .text.SX1276OnDio1Irq
                0x080057bc       0xf8 ./Middlewares/SubGHz_Phy/sx1276.o
 .text.TRACE_AllocateBufer
                0x080058b4       0x68 ./Utilities/stm32_adv_trace.o
 .text.TRACE_Lock
                0x0800591c       0x18 ./Utilities/stm32_adv_trace.o
 .text.TRACE_UnLock
                0x08005934       0x18 ./Utilities/stm32_adv_trace.o
 .text.UTIL_ADV_TRACE_Init
                0x0800594c       0x34 ./Utilities/stm32_adv_trace.o
                0x0800594c                UTIL_ADV_TRACE_Init
 .text.UTIL_ADV_TRACE_RegisterTimeStampFunction
                0x08005980        0xc ./Utilities/stm32_adv_trace.o
                0x08005980                UTIL_ADV_TRACE_RegisterTimeStampFunction
 .text.UTIL_ADV_TRACE_SetVerboseLevel
                0x0800598c        0xc ./Utilities/stm32_adv_trace.o
                0x0800598c                UTIL_ADV_TRACE_SetVerboseLevel
 .text.TRACE_Send
                0x08005998       0x84 ./Utilities/stm32_adv_trace.o
 .text.UTIL_ADV_TRACE_COND_FSend
                0x08005a1c       0xc8 ./Utilities/stm32_adv_trace.o
                0x08005a1c                UTIL_ADV_TRACE_COND_FSend
 .text.TRACE_TxCpltCallback
                0x08005ae4       0x94 ./Utilities/stm32_adv_trace.o
 .text.UTIL_LPM_Init
                0x08005b78       0x10 ./Utilities/stm32_lpm.o
                0x08005b78                UTIL_LPM_Init
 .text.UTIL_LPM_SetStopMode
                0x08005b88       0x2c ./Utilities/stm32_lpm.o
                0x08005b88                UTIL_LPM_SetStopMode
 .text.UTIL_LPM_SetOffMode
                0x08005bb4       0x2c ./Utilities/stm32_lpm.o
                0x08005bb4                UTIL_LPM_SetOffMode
 .text.UTIL_LPM_GetMode
                0x08005be0       0x24 ./Utilities/stm32_lpm.o
                0x08005be0                UTIL_LPM_GetMode
 .text.UTIL_LPM_EnterLowPower
                0x08005c04       0x40 ./Utilities/stm32_lpm.o
                0x08005c04                UTIL_LPM_EnterLowPower
 .text.UTIL_MEM_cpy_8
                0x08005c44       0x12 ./Utilities/stm32_mem.o
                0x08005c44                UTIL_MEM_cpy_8
 *fill*         0x08005c56        0x2 
 .text.UTIL_MEM_set_8
                0x08005c58       0x18 ./Utilities/stm32_mem.o
                0x08005c58                UTIL_MEM_set_8
 .text.UTIL_SEQ_SetTask
                0x08005c70       0x24 ./Utilities/stm32_seq.o
                0x08005c70                UTIL_SEQ_SetTask
 .text.UTIL_SEQ_PreIdle
                0x08005c94        0x2 ./Utilities/stm32_seq.o
                0x08005c94                UTIL_SEQ_PreIdle
 .text.UTIL_SEQ_PostIdle
                0x08005c96        0x2 ./Utilities/stm32_seq.o
                0x08005c96                UTIL_SEQ_PostIdle
 .text.SEQ_BitPosition
                0x08005c98       0x40 ./Utilities/stm32_seq.o
                0x08005c98                SEQ_BitPosition
 .text.UTIL_SEQ_Run
                0x08005cd8       0xcc ./Utilities/stm32_seq.o
                0x08005cd8                UTIL_SEQ_Run
 .text.UTIL_SEQ_RegTask
                0x08005da4       0x20 ./Utilities/stm32_seq.o
                0x08005da4                UTIL_SEQ_RegTask
 .text.SysTimeGet
                0x08005dc4       0x50 ./Utilities/stm32_systime.o
                0x08005dc4                SysTimeGet
 .text.UTIL_TIMER_Init
                0x08005e14       0x18 ./Utilities/stm32_timer.o
                0x08005e14                UTIL_TIMER_Init
 .text.UTIL_TIMER_Create
                0x08005e2c       0x38 ./Utilities/stm32_timer.o
                0x08005e2c                UTIL_TIMER_Create
 .text.UTIL_TIMER_GetCurrentTime
                0x08005e64       0x14 ./Utilities/stm32_timer.o
                0x08005e64                UTIL_TIMER_GetCurrentTime
 .text.UTIL_TIMER_GetElapsedTime
                0x08005e78       0x20 ./Utilities/stm32_timer.o
                0x08005e78                UTIL_TIMER_GetElapsedTime
 .text.TimerExists
                0x08005e98       0x1c ./Utilities/stm32_timer.o
                0x08005e98                TimerExists
 .text.TimerSetTimeout
                0x08005eb4       0x34 ./Utilities/stm32_timer.o
                0x08005eb4                TimerSetTimeout
 .text.UTIL_TIMER_Stop
                0x08005ee8       0x60 ./Utilities/stm32_timer.o
                0x08005ee8                UTIL_TIMER_Stop
 .text.TimerInsertTimer
                0x08005f48       0x2c ./Utilities/stm32_timer.o
                0x08005f48                TimerInsertTimer
 .text.TimerInsertNewHeadTimer
                0x08005f74       0x1c ./Utilities/stm32_timer.o
                0x08005f74                TimerInsertNewHeadTimer
 .text.UTIL_TIMER_Start
                0x08005f90       0x7c ./Utilities/stm32_timer.o
                0x08005f90                UTIL_TIMER_Start
 .text.UTIL_TIMER_SetPeriod
                0x0800600c       0x38 ./Utilities/stm32_timer.o
                0x0800600c                UTIL_TIMER_SetPeriod
 .text.UTIL_TIMER_IRQ_Handler
                0x08006044       0x84 ./Utilities/stm32_timer.o
                0x08006044                UTIL_TIMER_IRQ_Handler
 .text.tiny_vsnprintf_like
                0x080060c8      0x268 ./Utilities/stm32_tiny_vsnprintf.o
                0x080060c8                tiny_vsnprintf_like
 .text.memset   0x08006330       0x10 /opt/st/stm32cubeide_1.18.1/plugins/com.st.stm32cube.ide.mcu.externaltools.gnu-tools-for-stm32.13.3.rel1.linux64_1.0.0.202410170706/tools/bin/../lib/gcc/arm-none-eabi/13.3.1/../../../../arm-none-eabi/lib/thumb/v6-m/nofp/libc_nano.a(libc_a-memset.o)
                0x08006330                memset
 .text.strncmp  0x08006340       0x22 /opt/st/stm32cubeide_1.18.1/plugins/com.st.stm32cube.ide.mcu.externaltools.gnu-tools-for-stm32.13.3.rel1.linux64_1.0.0.202410170706/tools/bin/../lib/gcc/arm-none-eabi/13.3.1/../../../../arm-none-eabi/lib/thumb/v6-m/nofp/libc_nano.a(libc_a-strncmp.o)
                0x08006340                strncmp
 *fill*         0x08006362        0x2 
 .text.__libc_init_array
                0x08006364       0x48 /opt/st/stm32cubeide_1.18.1/plugins/com.st.stm32cube.ide.mcu.externaltools.gnu-tools-for-stm32.13.3.rel1.linux64_1.0.0.202410170706/tools/bin/../lib/gcc/arm-none-eabi/13.3.1/../../../../arm-none-eabi/lib/thumb/v6-m/nofp/libc_nano.a(libc_a-init.o)
                0x08006364                __libc_init_array
 .text.memcpy   0x080063ac       0x12 /opt/st/stm32cubeide_1.18.1/plugins/com.st.stm32cube.ide.mcu.externaltools.gnu-tools-for-stm32.13.3.rel1.linux64_1.0.0.202410170706/tools/bin/../lib/gcc/arm-none-eabi/13.3.1/../../../../arm-none-eabi/lib/thumb/v6-m/nofp/libc_nano.a(libc_a-memcpy-stub.o)
                0x080063ac                memcpy
 *(.glue_7)
 .glue_7        0x080063be        0x0 linker stubs
 *(.glue_7t)
 .glue_7t       0x080063be        0x0 linker stubs
 *(.eh_frame)
 *fill*         0x080063be        0x2 
 .eh_frame      0x080063c0        0x0 /opt/st/stm32cubeide_1.18.1/plugins/com.st.stm32cube.ide.mcu.externaltools.gnu-tools-for-stm32.13.3.rel1.linux64_1.0.0.202410170706/tools/bin/../lib/gcc/arm-none-eabi/13.3.1/thumb/v6-m/nofp/crtbegin.o
 *(.init)
 .init          0x080063c0        0x4 /opt/st/stm32cubeide_1.18.1/plugins/com.st.stm32cube.ide.mcu.externaltools.gnu-tools-for-stm32.13.3.rel1.linux64_1.0.0.202410170706/tools/bin/../lib/gcc/arm-none-eabi/13.3.1/thumb/v6-m/nofp/crti.o
                0x080063c0                _init
 .init          0x080063c4        0x8 /opt/st/stm32cubeide_1.18.1/plugins/com.st.stm32cube.ide.mcu.externaltools.gnu-tools-for-stm32.13.3.rel1.linux64_1.0.0.202410170706/tools/bin/../lib/gcc/arm-none-eabi/13.3.1/thumb/v6-m/nofp/crtn.o
 *(.fini)
 .fini          0x080063cc        0x4 /opt/st/stm32cubeide_1.18.1/plugins/com.st.stm32cube.ide.mcu.externaltools.gnu-tools-for-stm32.13.3.rel1.linux64_1.0.0.202410170706/tools/bin/../lib/gcc/arm-none-eabi/13.3.1/thumb/v6-m/nofp/crti.o
                0x080063cc                _fini
 .fini          0x080063d0        0x8 /opt/st/stm32cubeide_1.18.1/plugins/com.st.stm32cube.ide.mcu.externaltools.gnu-tools-for-stm32.13.3.rel1.linux64_1.0.0.202410170706/tools/bin/../lib/gcc/arm-none-eabi/13.3.1/thumb/v6-m/nofp/crtn.o
                0x080063d8                        . = ALIGN (0x4)
                0x080063d8                        _etext = .

.vfp11_veneer   0x080063d8        0x0
 .vfp11_veneer  0x080063d8        0x0 linker stubs

.v4_bx          0x080063d8        0x0
 .v4_bx         0x080063d8        0x0 linker stubs

.iplt           0x080063d8        0x0
 .iplt          0x080063d8        0x0 /opt/st/stm32cubeide_1.18.1/plugins/com.st.stm32cube.ide.mcu.externaltools.gnu-tools-for-stm32.13.3.rel1.linux64_1.0.0.202410170706/tools/bin/../lib/gcc/arm-none-eabi/13.3.1/thumb/v6-m/nofp/crtbegin.o

.rodata         0x080063d8      0x408
                0x080063d8                        . = ALIGN (0x4)
 *(.rodata)
 .rodata        0x080063d8       0x58 ./Application/Core/rtc_if.o
                0x080063f0                UTIL_SYSTIMDriver
                0x08006404                UTIL_TimerDriver
 .rodata        0x08006430       0x18 ./Application/Core/stm32_lpm_if.o
                0x08006430                UTIL_PowerDriver
 .rodata        0x08006448       0x10 ./Application/Core/usart_if.o
                0x08006448                UTIL_TraceDriver
 .rodata        0x08006458       0x20 ./Application/Target/b_l072z_lrwan1_bus.o
 .rodata        0x08006478        0xc ./Drivers/BSP/B-L072Z-LRWAN1/b-l072z-lrwan1.o
                0x08006478                LED_PIN
                0x08006480                BUTTON_IRQn
                0x08006482                BUTTON_PIN
 .rodata        0x08006484       0x24 ./Drivers/BSP/CMWX1ZZABZ_0xx/cmwx1zzabz_0xx.o
 .rodata        0x080064a8       0x21 ./Drivers/CMSIS/system_stm32l0xx.o
                0x080064a8                PLLMulTable
                0x080064b1                AHBPrescTable
                0x080064c1                APBPrescTable
 *fill*         0x080064c9        0x3 
 .rodata        0x080064cc      0x158 ./Middlewares/SubGHz_Phy/sx1276.o
                0x080064d8                RadioRegsInit
                0x08006508                FskBandwidths
                0x080065b8                Radio
 .rodata        0x08006624       0x10 ./Utilities/stm32_seq.o
 *(.rodata*)
 .rodata.str1.1
                0x08006634      0x1ab ./Application/App/subghz_phy_app.o
                                0x15f (size before relaxing)
 .rodata.str1.1
                0x080067df        0x9 ./Application/Core/sys_app.o
 .rodata.cst1   0x080067df        0x1 ./Middlewares/SubGHz_Phy/sx1276.o
 .rodata.str1.1
                0x080067e0       0x51 ./Utilities/stm32_tiny_vsnprintf.o
                0x08006834                        . = ALIGN (0x4)

.ARM.extab
 *(.ARM.extab* .gnu.linkonce.armextab.*)

.ARM            0x080067e0        0x8
                0x080067e0                        __exidx_start = .
 *(.ARM.exidx*)
 .ARM.exidx     0x080067e0        0x8 /opt/st/stm32cubeide_1.18.1/plugins/com.st.stm32cube.ide.mcu.externaltools.gnu-tools-for-stm32.13.3.rel1.linux64_1.0.0.202410170706/tools/bin/../lib/gcc/arm-none-eabi/13.3.1/thumb/v6-m/nofp/libgcc.a(_udivmoddi4.o)
                0x080067e8                        __exidx_end = .

.rel.dyn        0x080067e8        0x0
 .rel.iplt      0x080067e8        0x0 /opt/st/stm32cubeide_1.18.1/plugins/com.st.stm32cube.ide.mcu.externaltools.gnu-tools-for-stm32.13.3.rel1.linux64_1.0.0.202410170706/tools/bin/../lib/gcc/arm-none-eabi/13.3.1/thumb/v6-m/nofp/crtbegin.o

.preinit_array  0x080067e8        0x0
                0x080067e8                        PROVIDE (__preinit_array_start = .)
 *(.preinit_array*)
                0x080067e8                        PROVIDE (__preinit_array_end = .)

.init_array     0x080067e8        0x4
                0x080067e8                        PROVIDE (__init_array_start = .)
 *(SORT_BY_NAME(.init_array.*))
 *(.init_array*)
 .init_array    0x080067e8        0x4 /opt/st/stm32cubeide_1.18.1/plugins/com.st.stm32cube.ide.mcu.externaltools.gnu-tools-for-stm32.13.3.rel1.linux64_1.0.0.202410170706/tools/bin/../lib/gcc/arm-none-eabi/13.3.1/thumb/v6-m/nofp/crtbegin.o
                0x080067ec                        PROVIDE (__init_array_end = .)

.fini_array     0x080067ec        0x4
                [!provide]                        PROVIDE (__fini_array_start = .)
 *(SORT_BY_NAME(.fini_array.*))
 *(.fini_array*)
 .fini_array    0x080067ec        0x4 /opt/st/stm32cubeide_1.18.1/plugins/com.st.stm32cube.ide.mcu.externaltools.gnu-tools-for-stm32.13.3.rel1.linux64_1.0.0.202410170706/tools/bin/../lib/gcc/arm-none-eabi/13.3.1/thumb/v6-m/nofp/crtbegin.o
                [!provide]                        PROVIDE (__fini_array_end = .)
                0x080067f0                        _sidata = LOADADDR (.data)

.data           0x20000000       0x44 load address 0x080067f0
                0x20000000                        . = ALIGN (0x4)
                0x20000000                        _sdata = .
 *(.data)
 .data          0x20000000        0x1 ./Application/App/subghz_phy_app.o
                0x20000000                isMaster
 *fill*         0x20000001        0x3 
 .data          0x20000004       0x14 ./Drivers/BSP/B-L072Z-LRWAN1/b-l072z-lrwan1.o
                0x20000004                LED_PORT
                0x20000014                BUTTON_PORT
 .data          0x20000018        0x4 ./Drivers/CMSIS/system_stm32l0xx.o
                0x20000018                SystemCoreClock
 .data          0x2000001c        0x8 ./Drivers/STM32L0xx_HAL_Driver/stm32l0xx_hal.o
                0x2000001c                uwTickFreq
                0x20000020                uwTickPrio
 .data          0x20000024       0x18 ./Middlewares/SubGHz_Phy/sx1276.o
                0x20000024                DioIrq
 .data          0x2000003c        0x8 ./Utilities/stm32_seq.o
 *(.data*)
                0x20000044                        . = ALIGN (0x4)
                0x20000044                        _edata = .

.igot.plt       0x20000044        0x0 load address 0x08006834
 .igot.plt      0x20000044        0x0 /opt/st/stm32cubeide_1.18.1/plugins/com.st.stm32cube.ide.mcu.externaltools.gnu-tools-for-stm32.13.3.rel1.linux64_1.0.0.202410170706/tools/bin/../lib/gcc/arm-none-eabi/13.3.1/thumb/v6-m/nofp/crtbegin.o
                0x20000044                        . = ALIGN (0x4)

.bss            0x20000044      0x994 load address 0x08006834
                0x20000044                        _sbss = .
                0x20000044                        __bss_start__ = _sbss
 *(.bss)
 .bss           0x20000044       0x1c /opt/st/stm32cubeide_1.18.1/plugins/com.st.stm32cube.ide.mcu.externaltools.gnu-tools-for-stm32.13.3.rel1.linux64_1.0.0.202410170706/tools/bin/../lib/gcc/arm-none-eabi/13.3.1/thumb/v6-m/nofp/crtbegin.o
 .bss           0x20000060      0x23e ./Application/App/subghz_phy_app.o
                0x2000007a                RxBufferSize
                0x20000080                SnrValue
                0x20000081                RssiValue
 *fill*         0x2000029e        0x2 
 .bss           0x200002a0       0x24 ./Application/Core/rtc.o
                0x200002a0                hrtc
 .bss           0x200002c4       0x45 ./Application/Core/rtc_if.o
 *fill*         0x20000309        0x3 
 .bss           0x2000030c       0xcc ./Application/Core/usart.o
                0x2000030c                hdma_usart2_tx
                0x20000354                huart2
 .bss           0x200003d8        0x9 ./Application/Core/usart_if.o
                0x200003e0                charRx
 *fill*         0x200003e1        0x3 
 .bss           0x200003e4       0x58 ./Application/Target/b_l072z_lrwan1_bus.o
                0x200003e4                hspi1
 .bss           0x2000043c       0x20 ./Drivers/BSP/CMWX1ZZABZ_0xx/cmwx1zzabz_0xx.o
                0x2000043c                hRADIO_DIO_exti
 .bss           0x2000045c        0x4 ./Drivers/STM32L0xx_HAL_Driver/stm32l0xx_hal.o
                0x2000045c                uwTick
 .bss           0x20000460      0x1b4 ./Middlewares/SubGHz_Phy/sx1276.o
                0x20000460                SX1276
                0x200004c8                RxTimeoutSyncWord
                0x200004e4                RxTimeoutTimer
                0x200004fc                TxTimeoutTimer
 .bss           0x20000614      0x318 ./Utilities/stm32_adv_trace.o
 .bss           0x2000092c        0x8 ./Utilities/stm32_lpm.o
 .bss           0x20000934       0xa0 ./Utilities/stm32_seq.o
 .bss           0x200009d4        0x4 ./Utilities/stm32_timer.o
 *(.bss*)
 *(COMMON)
                0x200009d8                        . = ALIGN (0x4)
                0x200009d8                        _ebss = .
                0x200009d8                        __bss_end__ = _ebss

._user_heap_stack
                0x200009d8      0x600 load address 0x08006834
                0x200009d8                        . = ALIGN (0x8)
                0x200009d8                        PROVIDE (end = .)
                [!provide]                        PROVIDE (_end = .)
                0x20000bd8                        . = (. + _Min_Heap_Size)
 *fill*         0x200009d8      0x200 
                0x20000fd8                        . = (. + _Min_Stack_Size)
 *fill*         0x20000bd8      0x400 
                0x20000fd8                        . = ALIGN (0x8)

/DISCARD/
 libc.a(*)
 libm.a(*)
 libgcc.a(*)

.ARM.attributes
                0x00000000       0x28
 *(.ARM.attributes)
 .ARM.attributes
                0x00000000       0x1e /opt/st/stm32cubeide_1.18.1/plugins/com.st.stm32cube.ide.mcu.externaltools.gnu-tools-for-stm32.13.3.rel1.linux64_1.0.0.202410170706/tools/bin/../lib/gcc/arm-none-eabi/13.3.1/thumb/v6-m/nofp/crti.o
 .ARM.attributes
                0x0000001e       0x2c /opt/st/stm32cubeide_1.18.1/plugins/com.st.stm32cube.ide.mcu.externaltools.gnu-tools-for-stm32.13.3.rel1.linux64_1.0.0.202410170706/tools/bin/../lib/gcc/arm-none-eabi/13.3.1/thumb/v6-m/nofp/crtbegin.o
 .ARM.attributes
                0x0000004a       0x2c ./Application/App/app_subghz_phy.o
 .ARM.attributes
                0x00000076       0x2c ./Application/App/subghz_phy_app.o
 .ARM.attributes
                0x000000a2       0x2c ./Application/Core/dma.o
 .ARM.attributes
                0x000000ce       0x2c ./Application/Core/main.o
 .ARM.attributes
                0x000000fa       0x2c ./Application/Core/rtc.o
 .ARM.attributes
                0x00000126       0x2c ./Application/Core/rtc_if.o
 .ARM.attributes
                0x00000152       0x2c ./Application/Core/stm32_lpm_if.o
 .ARM.attributes
                0x0000017e       0x2c ./Application/Core/stm32l0xx_hal_msp.o
 .ARM.attributes
                0x000001aa       0x2c ./Application/Core/stm32l0xx_it.o
 .ARM.attributes
                0x000001d6       0x2c ./Application/Core/sys_app.o
 .ARM.attributes
                0x00000202       0x2c ./Application/Core/sys_debug.o
 .ARM.attributes
                0x0000022e       0x2c ./Application/Core/usart.o
 .ARM.attributes
                0x0000025a       0x2c ./Application/Core/usart_if.o
 .ARM.attributes
                0x00000286       0x22 ./Application/SW4STM32/startup_stm32l072xx.o
 .ARM.attributes
                0x000002a8       0x2c ./Application/Target/b_l072z_lrwan1_bus.o
 .ARM.attributes
                0x000002d4       0x2c ./Drivers/BSP/B-L072Z-LRWAN1/b-l072z-lrwan1.o
 .ARM.attributes
                0x00000300       0x2c ./Drivers/BSP/CMWX1ZZABZ_0xx/cmwx1zzabz_0xx.o
 .ARM.attributes
                0x0000032c       0x2c ./Drivers/CMSIS/system_stm32l0xx.o
 .ARM.attributes
                0x00000358       0x2c ./Drivers/STM32L0xx_HAL_Driver/stm32l0xx_hal.o
 .ARM.attributes
                0x00000384       0x2c ./Drivers/STM32L0xx_HAL_Driver/stm32l0xx_hal_cortex.o
 .ARM.attributes
                0x000003b0       0x2c ./Drivers/STM32L0xx_HAL_Driver/stm32l0xx_hal_dma.o
 .ARM.attributes
                0x000003dc       0x2c ./Drivers/STM32L0xx_HAL_Driver/stm32l0xx_hal_exti.o
 .ARM.attributes
                0x00000408       0x2c ./Drivers/STM32L0xx_HAL_Driver/stm32l0xx_hal_gpio.o
 .ARM.attributes
                0x00000434       0x2c ./Drivers/STM32L0xx_HAL_Driver/stm32l0xx_hal_pwr.o
 .ARM.attributes
                0x00000460       0x2c ./Drivers/STM32L0xx_HAL_Driver/stm32l0xx_hal_pwr_ex.o
 .ARM.attributes
                0x0000048c       0x2c ./Drivers/STM32L0xx_HAL_Driver/stm32l0xx_hal_rcc.o
 .ARM.attributes
                0x000004b8       0x2c ./Drivers/STM32L0xx_HAL_Driver/stm32l0xx_hal_rcc_ex.o
 .ARM.attributes
                0x000004e4       0x2c ./Drivers/STM32L0xx_HAL_Driver/stm32l0xx_hal_rtc.o
 .ARM.attributes
                0x00000510       0x2c ./Drivers/STM32L0xx_HAL_Driver/stm32l0xx_hal_rtc_ex.o
 .ARM.attributes
                0x0000053c       0x2c ./Drivers/STM32L0xx_HAL_Driver/stm32l0xx_hal_spi.o
 .ARM.attributes
                0x00000568       0x2c ./Drivers/STM32L0xx_HAL_Driver/stm32l0xx_hal_uart.o
 .ARM.attributes
                0x00000594       0x2c ./Drivers/STM32L0xx_HAL_Driver/stm32l0xx_hal_uart_ex.o
 .ARM.attributes
                0x000005c0       0x2c ./Middlewares/SubGHz_Phy/sx1276.o
 .ARM.attributes
                0x000005ec       0x2c ./Utilities/stm32_adv_trace.o
 .ARM.attributes
                0x00000618       0x2c ./Utilities/stm32_lpm.o
 .ARM.attributes
                0x00000644       0x2c ./Utilities/stm32_mem.o
 .ARM.attributes
                0x00000670       0x2c ./Utilities/stm32_seq.o
 .ARM.attributes
                0x0000069c       0x2c ./Utilities/stm32_systime.o
 .ARM.attributes
                0x000006c8       0x2c ./Utilities/stm32_timer.o
 .ARM.attributes
                0x000006f4       0x2c ./Utilities/stm32_tiny_vsnprintf.o
 .ARM.attributes
                0x00000720       0x2c /opt/st/stm32cubeide_1.18.1/plugins/com.st.stm32cube.ide.mcu.externaltools.gnu-tools-for-stm32.13.3.rel1.linux64_1.0.0.202410170706/tools/bin/../lib/gcc/arm-none-eabi/13.3.1/../../../../arm-none-eabi/lib/thumb/v6-m/nofp/libc_nano.a(libc_a-memset.o)
 .ARM.attributes
                0x0000074c       0x2c /opt/st/stm32cubeide_1.18.1/plugins/com.st.stm32cube.ide.mcu.externaltools.gnu-tools-for-stm32.13.3.rel1.linux64_1.0.0.202410170706/tools/bin/../lib/gcc/arm-none-eabi/13.3.1/../../../../arm-none-eabi/lib/thumb/v6-m/nofp/libc_nano.a(libc_a-strncmp.o)
 .ARM.attributes
                0x00000778       0x2c /opt/st/stm32cubeide_1.18.1/plugins/com.st.stm32cube.ide.mcu.externaltools.gnu-tools-for-stm32.13.3.rel1.linux64_1.0.0.202410170706/tools/bin/../lib/gcc/arm-none-eabi/13.3.1/../../../../arm-none-eabi/lib/thumb/v6-m/nofp/libc_nano.a(libc_a-init.o)
 .ARM.attributes
                0x000007a4       0x2c /opt/st/stm32cubeide_1.18.1/plugins/com.st.stm32cube.ide.mcu.externaltools.gnu-tools-for-stm32.13.3.rel1.linux64_1.0.0.202410170706/tools/bin/../lib/gcc/arm-none-eabi/13.3.1/../../../../arm-none-eabi/lib/thumb/v6-m/nofp/libc_nano.a(libc_a-memcpy-stub.o)
 .ARM.attributes
                0x000007d0       0x1c /opt/st/stm32cubeide_1.18.1/plugins/com.st.stm32cube.ide.mcu.externaltools.gnu-tools-for-stm32.13.3.rel1.linux64_1.0.0.202410170706/tools/bin/../lib/gcc/arm-none-eabi/13.3.1/../../../../arm-none-eabi/lib/thumb/v6-m/nofp/libc_nano.a(libc_a-strlen.o)
 .ARM.attributes
                0x000007ec       0x1e /opt/st/stm32cubeide_1.18.1/plugins/com.st.stm32cube.ide.mcu.externaltools.gnu-tools-for-stm32.13.3.rel1.linux64_1.0.0.202410170706/tools/bin/../lib/gcc/arm-none-eabi/13.3.1/thumb/v6-m/nofp/libgcc.a(_thumb1_case_uqi.o)
 .ARM.attributes
                0x0000080a       0x1e /opt/st/stm32cubeide_1.18.1/plugins/com.st.stm32cube.ide.mcu.externaltools.gnu-tools-for-stm32.13.3.rel1.linux64_1.0.0.202410170706/tools/bin/../lib/gcc/arm-none-eabi/13.3.1/thumb/v6-m/nofp/libgcc.a(_udivsi3.o)
 .ARM.attributes
                0x00000828       0x1e /opt/st/stm32cubeide_1.18.1/plugins/com.st.stm32cube.ide.mcu.externaltools.gnu-tools-for-stm32.13.3.rel1.linux64_1.0.0.202410170706/tools/bin/../lib/gcc/arm-none-eabi/13.3.1/thumb/v6-m/nofp/libgcc.a(_divsi3.o)
 .ARM.attributes
                0x00000846       0x1e /opt/st/stm32cubeide_1.18.1/plugins/com.st.stm32cube.ide.mcu.externaltools.gnu-tools-for-stm32.13.3.rel1.linux64_1.0.0.202410170706/tools/bin/../lib/gcc/arm-none-eabi/13.3.1/thumb/v6-m/nofp/libgcc.a(_dvmd_tls.o)
 .ARM.attributes
                0x00000864       0x1e /opt/st/stm32cubeide_1.18.1/plugins/com.st.stm32cube.ide.mcu.externaltools.gnu-tools-for-stm32.13.3.rel1.linux64_1.0.0.202410170706/tools/bin/../lib/gcc/arm-none-eabi/13.3.1/thumb/v6-m/nofp/libgcc.a(_aeabi_uldivmod.o)
 .ARM.attributes
                0x00000882       0x2c /opt/st/stm32cubeide_1.18.1/plugins/com.st.stm32cube.ide.mcu.externaltools.gnu-tools-for-stm32.13.3.rel1.linux64_1.0.0.202410170706/tools/bin/../lib/gcc/arm-none-eabi/13.3.1/thumb/v6-m/nofp/libgcc.a(_muldi3.o)
 .ARM.attributes
                0x000008ae       0x2c /opt/st/stm32cubeide_1.18.1/plugins/com.st.stm32cube.ide.mcu.externaltools.gnu-tools-for-stm32.13.3.rel1.linux64_1.0.0.202410170706/tools/bin/../lib/gcc/arm-none-eabi/13.3.1/thumb/v6-m/nofp/libgcc.a(_udivmoddi4.o)
 .ARM.attributes
                0x000008da       0x1e /opt/st/stm32cubeide_1.18.1/plugins/com.st.stm32cube.ide.mcu.externaltools.gnu-tools-for-stm32.13.3.rel1.linux64_1.0.0.202410170706/tools/bin/../lib/gcc/arm-none-eabi/13.3.1/thumb/v6-m/nofp/libgcc.a(_clzdi2.o)
 .ARM.attributes
                0x000008f8       0x1e /opt/st/stm32cubeide_1.18.1/plugins/com.st.stm32cube.ide.mcu.externaltools.gnu-tools-for-stm32.13.3.rel1.linux64_1.0.0.202410170706/tools/bin/../lib/gcc/arm-none-eabi/13.3.1/thumb/v6-m/nofp/libgcc.a(_clzsi2.o)
 .ARM.attributes
                0x00000916       0x1e /opt/st/stm32cubeide_1.18.1/plugins/com.st.stm32cube.ide.mcu.externaltools.gnu-tools-for-stm32.13.3.rel1.linux64_1.0.0.202410170706/tools/bin/../lib/gcc/arm-none-eabi/13.3.1/thumb/v6-m/nofp/crtn.o
OUTPUT(cmwx1zzabz_0xx.elf elf32-littlearm)
LOAD linker stubs
LOAD /opt/st/stm32cubeide_1.18.1/plugins/com.st.stm32cube.ide.mcu.externaltools.gnu-tools-for-stm32.13.3.rel1.linux64_1.0.0.202410170706/tools/bin/../lib/gcc/arm-none-eabi/13.3.1/../../../../arm-none-eabi/lib/thumb/v6-m/nofp/libc.a
LOAD /opt/st/stm32cubeide_1.18.1/plugins/com.st.stm32cube.ide.mcu.externaltools.gnu-tools-for-stm32.13.3.rel1.linux64_1.0.0.202410170706/tools/bin/../lib/gcc/arm-none-eabi/13.3.1/../../../../arm-none-eabi/lib/thumb/v6-m/nofp/libm.a
LOAD /opt/st/stm32cubeide_1.18.1/plugins/com.st.stm32cube.ide.mcu.externaltools.gnu-tools-for-stm32.13.3.rel1.linux64_1.0.0.202410170706/tools/bin/../lib/gcc/arm-none-eabi/13.3.1/thumb/v6-m/nofp/libgcc.a

.debug_info     0x00000000    0x1c73b
 .debug_info    0x00000000      0x10f ./Application/App/app_subghz_phy.o
 .debug_info    0x0000010f     0x1335 ./Application/App/subghz_phy_app.o
 .debug_info    0x00001444      0x317 ./Application/Core/dma.o
 .debug_info    0x0000175b      0x543 ./Application/Core/main.o
 .debug_info    0x00001c9e      0xaa7 ./Application/Core/rtc.o
 .debug_info    0x00002745     0x1185 ./Application/Core/rtc_if.o
 .debug_info    0x000038ca      0x467 ./Application/Core/stm32_lpm_if.o
 .debug_info    0x00003d31      0x29a ./Application/Core/stm32l0xx_hal_msp.o
 .debug_info    0x00003fcb      0xa43 ./Application/Core/stm32l0xx_it.o
 .debug_info    0x00004a0e      0x9f8 ./Application/Core/sys_app.o
 .debug_info    0x00005406      0x3fa ./Application/Core/sys_debug.o
 .debug_info    0x00005800      0xce8 ./Application/Core/usart.o
 .debug_info    0x000064e8      0xd61 ./Application/Core/usart_if.o
 .debug_info    0x00007249       0x30 ./Application/SW4STM32/startup_stm32l072xx.o
 .debug_info    0x00007279      0xd68 ./Application/Target/b_l072z_lrwan1_bus.o
 .debug_info    0x00007fe1      0xa63 ./Drivers/BSP/B-L072Z-LRWAN1/b-l072z-lrwan1.o
 .debug_info    0x00008a44     0x15d5 ./Drivers/BSP/CMWX1ZZABZ_0xx/cmwx1zzabz_0xx.o
 .debug_info    0x0000a019      0x3ca ./Drivers/CMSIS/system_stm32l0xx.o
 .debug_info    0x0000a3e3      0x989 ./Drivers/STM32L0xx_HAL_Driver/stm32l0xx_hal.o
 .debug_info    0x0000ad6c      0x9e9 ./Drivers/STM32L0xx_HAL_Driver/stm32l0xx_hal_cortex.o
 .debug_info    0x0000b755      0x847 ./Drivers/STM32L0xx_HAL_Driver/stm32l0xx_hal_dma.o
 .debug_info    0x0000bf9c      0x578 ./Drivers/STM32L0xx_HAL_Driver/stm32l0xx_hal_exti.o
 .debug_info    0x0000c514      0x663 ./Drivers/STM32L0xx_HAL_Driver/stm32l0xx_hal_gpio.o
 .debug_info    0x0000cb77      0x64e ./Drivers/STM32L0xx_HAL_Driver/stm32l0xx_hal_pwr.o
 .debug_info    0x0000d1c5      0x1aa ./Drivers/STM32L0xx_HAL_Driver/stm32l0xx_hal_pwr_ex.o
 .debug_info    0x0000d36f      0xcfc ./Drivers/STM32L0xx_HAL_Driver/stm32l0xx_hal_rcc.o
 .debug_info    0x0000e06b      0x8f4 ./Drivers/STM32L0xx_HAL_Driver/stm32l0xx_hal_rcc_ex.o
 .debug_info    0x0000e95f      0xe24 ./Drivers/STM32L0xx_HAL_Driver/stm32l0xx_hal_rtc.o
 .debug_info    0x0000f783     0x10b4 ./Drivers/STM32L0xx_HAL_Driver/stm32l0xx_hal_rtc_ex.o
 .debug_info    0x00010837     0x1f95 ./Drivers/STM32L0xx_HAL_Driver/stm32l0xx_hal_spi.o
 .debug_info    0x000127cc     0x1f1f ./Drivers/STM32L0xx_HAL_Driver/stm32l0xx_hal_uart.o
 .debug_info    0x000146eb      0xbfa ./Drivers/STM32L0xx_HAL_Driver/stm32l0xx_hal_uart_ex.o
 .debug_info    0x000152e5     0x3a4b ./Middlewares/SubGHz_Phy/sx1276.o
 .debug_info    0x00018d30      0xfa7 ./Utilities/stm32_adv_trace.o
 .debug_info    0x00019cd7      0x3f1 ./Utilities/stm32_lpm.o
 .debug_info    0x0001a0c8      0x1ec ./Utilities/stm32_mem.o
 .debug_info    0x0001a2b4      0xac4 ./Utilities/stm32_seq.o
 .debug_info    0x0001ad78      0x9b7 ./Utilities/stm32_systime.o
 .debug_info    0x0001b72f      0xc26 ./Utilities/stm32_timer.o
 .debug_info    0x0001c355      0x3e6 ./Utilities/stm32_tiny_vsnprintf.o

.debug_abbrev   0x00000000     0x6171
 .debug_abbrev  0x00000000       0xba ./Application/App/app_subghz_phy.o
 .debug_abbrev  0x000000ba      0x259 ./Application/App/subghz_phy_app.o
 .debug_abbrev  0x00000313      0x119 ./Application/Core/dma.o
 .debug_abbrev  0x0000042c      0x20f ./Application/Core/main.o
 .debug_abbrev  0x0000063b      0x1bd ./Application/Core/rtc.o
 .debug_abbrev  0x000007f8      0x400 ./Application/Core/rtc_if.o
 .debug_abbrev  0x00000bf8      0x29d ./Application/Core/stm32_lpm_if.o
 .debug_abbrev  0x00000e95       0xe6 ./Application/Core/stm32l0xx_hal_msp.o
 .debug_abbrev  0x00000f7b      0x1f7 ./Application/Core/stm32l0xx_it.o
 .debug_abbrev  0x00001172      0x364 ./Application/Core/sys_app.o
 .debug_abbrev  0x000014d6      0x1b9 ./Application/Core/sys_debug.o
 .debug_abbrev  0x0000168f      0x244 ./Application/Core/usart.o
 .debug_abbrev  0x000018d3      0x2a7 ./Application/Core/usart_if.o
 .debug_abbrev  0x00001b7a       0x24 ./Application/SW4STM32/startup_stm32l072xx.o
 .debug_abbrev  0x00001b9e      0x2f4 ./Application/Target/b_l072z_lrwan1_bus.o
 .debug_abbrev  0x00001e92      0x299 ./Drivers/BSP/B-L072Z-LRWAN1/b-l072z-lrwan1.o
 .debug_abbrev  0x0000212b      0x41f ./Drivers/BSP/CMWX1ZZABZ_0xx/cmwx1zzabz_0xx.o
 .debug_abbrev  0x0000254a      0x136 ./Drivers/CMSIS/system_stm32l0xx.o
 .debug_abbrev  0x00002680      0x300 ./Drivers/STM32L0xx_HAL_Driver/stm32l0xx_hal.o
 .debug_abbrev  0x00002980      0x2ba ./Drivers/STM32L0xx_HAL_Driver/stm32l0xx_hal_cortex.o
 .debug_abbrev  0x00002c3a      0x218 ./Drivers/STM32L0xx_HAL_Driver/stm32l0xx_hal_dma.o
 .debug_abbrev  0x00002e52      0x1f4 ./Drivers/STM32L0xx_HAL_Driver/stm32l0xx_hal_exti.o
 .debug_abbrev  0x00003046      0x1f2 ./Drivers/STM32L0xx_HAL_Driver/stm32l0xx_hal_gpio.o
 .debug_abbrev  0x00003238      0x181 ./Drivers/STM32L0xx_HAL_Driver/stm32l0xx_hal_pwr.o
 .debug_abbrev  0x000033b9      0x11f ./Drivers/STM32L0xx_HAL_Driver/stm32l0xx_hal_pwr_ex.o
 .debug_abbrev  0x000034d8      0x2ee ./Drivers/STM32L0xx_HAL_Driver/stm32l0xx_hal_rcc.o
 .debug_abbrev  0x000037c6      0x250 ./Drivers/STM32L0xx_HAL_Driver/stm32l0xx_hal_rcc_ex.o
 .debug_abbrev  0x00003a16      0x226 ./Drivers/STM32L0xx_HAL_Driver/stm32l0xx_hal_rtc.o
 .debug_abbrev  0x00003c3c      0x258 ./Drivers/STM32L0xx_HAL_Driver/stm32l0xx_hal_rtc_ex.o
 .debug_abbrev  0x00003e94      0x318 ./Drivers/STM32L0xx_HAL_Driver/stm32l0xx_hal_spi.o
 .debug_abbrev  0x000041ac      0x378 ./Drivers/STM32L0xx_HAL_Driver/stm32l0xx_hal_uart.o
 .debug_abbrev  0x00004524      0x29b ./Drivers/STM32L0xx_HAL_Driver/stm32l0xx_hal_uart_ex.o
 .debug_abbrev  0x000047bf      0x51a ./Middlewares/SubGHz_Phy/sx1276.o
 .debug_abbrev  0x00004cd9      0x47e ./Utilities/stm32_adv_trace.o
 .debug_abbrev  0x00005157      0x23b ./Utilities/stm32_lpm.o
 .debug_abbrev  0x00005392       0xe9 ./Utilities/stm32_mem.o
 .debug_abbrev  0x0000547b      0x333 ./Utilities/stm32_seq.o
 .debug_abbrev  0x000057ae      0x3c4 ./Utilities/stm32_systime.o
 .debug_abbrev  0x00005b72      0x411 ./Utilities/stm32_timer.o
 .debug_abbrev  0x00005f83      0x1ee ./Utilities/stm32_tiny_vsnprintf.o

.debug_aranges  0x00000000     0x14e0
 .debug_aranges
                0x00000000       0x28 ./Application/App/app_subghz_phy.o
 .debug_aranges
                0x00000028       0x58 ./Application/App/subghz_phy_app.o
 .debug_aranges
                0x00000080       0x20 ./Application/Core/dma.o
 .debug_aranges
                0x000000a0       0x30 ./Application/Core/main.o
 .debug_aranges
                0x000000d0       0x30 ./Application/Core/rtc.o
 .debug_aranges
                0x00000100       0xa8 ./Application/Core/rtc_if.o
 .debug_aranges
                0x000001a8       0x48 ./Application/Core/stm32_lpm_if.o
 .debug_aranges
                0x000001f0       0x20 ./Application/Core/stm32l0xx_hal_msp.o
 .debug_aranges
                0x00000210       0x90 ./Application/Core/stm32l0xx_it.o
 .debug_aranges
                0x000002a0       0x60 ./Application/Core/sys_app.o
 .debug_aranges
                0x00000300       0x30 ./Application/Core/sys_debug.o
 .debug_aranges
                0x00000330       0x30 ./Application/Core/usart.o
 .debug_aranges
                0x00000360       0x58 ./Application/Core/usart_if.o
 .debug_aranges
                0x000003b8       0x28 ./Application/SW4STM32/startup_stm32l072xx.o
 .debug_aranges
                0x000003e0       0x50 ./Application/Target/b_l072z_lrwan1_bus.o
 .debug_aranges
                0x00000430       0x50 ./Drivers/BSP/B-L072Z-LRWAN1/b-l072z-lrwan1.o
 .debug_aranges
                0x00000480       0x90 ./Drivers/BSP/CMWX1ZZABZ_0xx/cmwx1zzabz_0xx.o
 .debug_aranges
                0x00000510       0x28 ./Drivers/CMSIS/system_stm32l0xx.o
 .debug_aranges
                0x00000538      0x110 ./Drivers/STM32L0xx_HAL_Driver/stm32l0xx_hal.o
 .debug_aranges
                0x00000648       0x90 ./Drivers/STM32L0xx_HAL_Driver/stm32l0xx_hal_cortex.o
 .debug_aranges
                0x000006d8       0x78 ./Drivers/STM32L0xx_HAL_Driver/stm32l0xx_hal_dma.o
 .debug_aranges
                0x00000750       0x60 ./Drivers/STM32L0xx_HAL_Driver/stm32l0xx_hal_exti.o
 .debug_aranges
                0x000007b0       0x58 ./Drivers/STM32L0xx_HAL_Driver/stm32l0xx_hal_gpio.o
 .debug_aranges
                0x00000808       0xa0 ./Drivers/STM32L0xx_HAL_Driver/stm32l0xx_hal_pwr.o
 .debug_aranges
                0x000008a8       0x50 ./Drivers/STM32L0xx_HAL_Driver/stm32l0xx_hal_pwr_ex.o
 .debug_aranges
                0x000008f8       0x80 ./Drivers/STM32L0xx_HAL_Driver/stm32l0xx_hal_rcc.o
 .debug_aranges
                0x00000978       0xb0 ./Drivers/STM32L0xx_HAL_Driver/stm32l0xx_hal_rcc_ex.o
 .debug_aranges
                0x00000a28       0xb8 ./Drivers/STM32L0xx_HAL_Driver/stm32l0xx_hal_rtc.o
 .debug_aranges
                0x00000ae0      0x130 ./Drivers/STM32L0xx_HAL_Driver/stm32l0xx_hal_rtc_ex.o
 .debug_aranges
                0x00000c10      0x1f0 ./Drivers/STM32L0xx_HAL_Driver/stm32l0xx_hal_spi.o
 .debug_aranges
                0x00000e00      0x218 ./Drivers/STM32L0xx_HAL_Driver/stm32l0xx_hal_uart.o
 .debug_aranges
                0x00001018       0x70 ./Drivers/STM32L0xx_HAL_Driver/stm32l0xx_hal_uart_ex.o
 .debug_aranges
                0x00001088      0x120 ./Middlewares/SubGHz_Phy/sx1276.o
 .debug_aranges
                0x000011a8       0xe0 ./Utilities/stm32_adv_trace.o
 .debug_aranges
                0x00001288       0x48 ./Utilities/stm32_lpm.o
 .debug_aranges
                0x000012d0       0x30 ./Utilities/stm32_mem.o
 .debug_aranges
                0x00001300       0xa8 ./Utilities/stm32_seq.o
 .debug_aranges
                0x000013a8       0x70 ./Utilities/stm32_systime.o
 .debug_aranges
                0x00001418       0xa8 ./Utilities/stm32_timer.o
 .debug_aranges
                0x000014c0       0x20 ./Utilities/stm32_tiny_vsnprintf.o

.debug_rnglists
                0x00000000     0x1432
 .debug_rnglists
                0x00000000       0x19 ./Application/App/app_subghz_phy.o
 .debug_rnglists
                0x00000019       0x40 ./Application/App/subghz_phy_app.o
 .debug_rnglists
                0x00000059       0x2b ./Application/Core/dma.o
 .debug_rnglists
                0x00000084       0x20 ./Application/Core/main.o
 .debug_rnglists
                0x000000a4       0x20 ./Application/Core/rtc.o
 .debug_rnglists
                0x000000c4       0xb4 ./Application/Core/rtc_if.o
 .debug_rnglists
                0x00000178       0x49 ./Application/Core/stm32_lpm_if.o
 .debug_rnglists
                0x000001c1       0x13 ./Application/Core/stm32l0xx_hal_msp.o
 .debug_rnglists
                0x000001d4       0x67 ./Application/Core/stm32l0xx_it.o
 .debug_rnglists
                0x0000023b       0x8d ./Application/Core/sys_app.o
 .debug_rnglists
                0x000002c8       0x31 ./Application/Core/sys_debug.o
 .debug_rnglists
                0x000002f9       0x2c ./Application/Core/usart.o
 .debug_rnglists
                0x00000325       0x3d ./Application/Core/usart_if.o
 .debug_rnglists
                0x00000362       0x19 ./Application/SW4STM32/startup_stm32l072xx.o
 .debug_rnglists
                0x0000037b       0x50 ./Application/Target/b_l072z_lrwan1_bus.o
 .debug_rnglists
                0x000003cb       0x54 ./Drivers/BSP/B-L072Z-LRWAN1/b-l072z-lrwan1.o
 .debug_rnglists
                0x0000041f      0x123 ./Drivers/BSP/CMWX1ZZABZ_0xx/cmwx1zzabz_0xx.o
 .debug_rnglists
                0x00000542       0x1a ./Drivers/CMSIS/system_stm32l0xx.o
 .debug_rnglists
                0x0000055c       0xc7 ./Drivers/STM32L0xx_HAL_Driver/stm32l0xx_hal.o
 .debug_rnglists
                0x00000623       0x97 ./Drivers/STM32L0xx_HAL_Driver/stm32l0xx_hal_cortex.o
 .debug_rnglists
                0x000006ba       0x76 ./Drivers/STM32L0xx_HAL_Driver/stm32l0xx_hal_dma.o
 .debug_rnglists
                0x00000730       0x45 ./Drivers/STM32L0xx_HAL_Driver/stm32l0xx_hal_exti.o
 .debug_rnglists
                0x00000775       0x3f ./Drivers/STM32L0xx_HAL_Driver/stm32l0xx_hal_gpio.o
 .debug_rnglists
                0x000007b4       0x73 ./Drivers/STM32L0xx_HAL_Driver/stm32l0xx_hal_pwr.o
 .debug_rnglists
                0x00000827       0x37 ./Drivers/STM32L0xx_HAL_Driver/stm32l0xx_hal_pwr_ex.o
 .debug_rnglists
                0x0000085e       0xac ./Drivers/STM32L0xx_HAL_Driver/stm32l0xx_hal_rcc.o
 .debug_rnglists
                0x0000090a       0x81 ./Drivers/STM32L0xx_HAL_Driver/stm32l0xx_hal_rcc_ex.o
 .debug_rnglists
                0x0000098b       0x8d ./Drivers/STM32L0xx_HAL_Driver/stm32l0xx_hal_rtc.o
 .debug_rnglists
                0x00000a18       0xe9 ./Drivers/STM32L0xx_HAL_Driver/stm32l0xx_hal_rtc_ex.o
 .debug_rnglists
                0x00000b01      0x206 ./Drivers/STM32L0xx_HAL_Driver/stm32l0xx_hal_spi.o
 .debug_rnglists
                0x00000d07      0x1aa ./Drivers/STM32L0xx_HAL_Driver/stm32l0xx_hal_uart.o
 .debug_rnglists
                0x00000eb1       0x52 ./Drivers/STM32L0xx_HAL_Driver/stm32l0xx_hal_uart_ex.o
 .debug_rnglists
                0x00000f03      0x1be ./Middlewares/SubGHz_Phy/sx1276.o
 .debug_rnglists
                0x000010c1       0xd8 ./Utilities/stm32_adv_trace.o
 .debug_rnglists
                0x00001199       0x55 ./Utilities/stm32_lpm.o
 .debug_rnglists
                0x000011ee       0x1f ./Utilities/stm32_mem.o
 .debug_rnglists
                0x0000120d       0xc2 ./Utilities/stm32_seq.o
 .debug_rnglists
                0x000012cf       0x7d ./Utilities/stm32_systime.o
 .debug_rnglists
                0x0000134c       0xb6 ./Utilities/stm32_timer.o
 .debug_rnglists
                0x00001402       0x30 ./Utilities/stm32_tiny_vsnprintf.o

.debug_macro    0x00000000    0x1cb6a
 .debug_macro   0x00000000      0x1bc ./Application/App/app_subghz_phy.o
 .debug_macro   0x000001bc      0xaae ./Application/App/app_subghz_phy.o
 .debug_macro   0x00000c6a       0x58 ./Application/App/app_subghz_phy.o
 .debug_macro   0x00000cc2       0x22 ./Application/App/app_subghz_phy.o
 .debug_macro   0x00000ce4       0x8e ./Application/App/app_subghz_phy.o
 .debug_macro   0x00000d72       0x51 ./Application/App/app_subghz_phy.o
 .debug_macro   0x00000dc3      0x103 ./Application/App/app_subghz_phy.o
 .debug_macro   0x00000ec6       0x6a ./Application/App/app_subghz_phy.o
 .debug_macro   0x00000f30      0x1df ./Application/App/app_subghz_phy.o
 .debug_macro   0x0000110f       0x28 ./Application/App/app_subghz_phy.o
 .debug_macro   0x00001137       0xd1 ./Application/App/app_subghz_phy.o
 .debug_macro   0x00001208       0x10 ./Application/App/app_subghz_phy.o
 .debug_macro   0x00001218       0x58 ./Application/App/app_subghz_phy.o
 .debug_macro   0x00001270       0x61 ./Application/App/app_subghz_phy.o
 .debug_macro   0x000012d1       0x24 ./Application/App/app_subghz_phy.o
 .debug_macro   0x000012f5       0x43 ./Application/App/app_subghz_phy.o
 .debug_macro   0x00001338       0x34 ./Application/App/app_subghz_phy.o
 .debug_macro   0x0000136c      0x190 ./Application/App/app_subghz_phy.o
 .debug_macro   0x000014fc      0x370 ./Application/App/app_subghz_phy.o
 .debug_macro   0x0000186c       0x16 ./Application/App/app_subghz_phy.o
 .debug_macro   0x00001882       0x4a ./Application/App/app_subghz_phy.o
 .debug_macro   0x000018cc       0x34 ./Application/App/app_subghz_phy.o
 .debug_macro   0x00001900       0x10 ./Application/App/app_subghz_phy.o
 .debug_macro   0x00001910       0x58 ./Application/App/app_subghz_phy.o
 .debug_macro   0x00001968       0x8e ./Application/App/app_subghz_phy.o
 .debug_macro   0x000019f6       0x1c ./Application/App/app_subghz_phy.o
 .debug_macro   0x00001a12      0x185 ./Application/App/app_subghz_phy.o
 .debug_macro   0x00001b97       0x10 ./Application/App/app_subghz_phy.o
 .debug_macro   0x00001ba7       0x3c ./Application/App/app_subghz_phy.o
 .debug_macro   0x00001be3       0x20 ./Application/App/app_subghz_phy.o
 .debug_macro   0x00001c03       0xbd ./Application/App/app_subghz_phy.o
 .debug_macro   0x00001cc0       0x34 ./Application/App/app_subghz_phy.o
 .debug_macro   0x00001cf4       0x16 ./Application/App/app_subghz_phy.o
 .debug_macro   0x00001d0a      0x3e5 ./Application/App/subghz_phy_app.o
 .debug_macro   0x000020ef       0x22 ./Application/App/subghz_phy_app.o
 .debug_macro   0x00002111       0x2e ./Application/App/subghz_phy_app.o
 .debug_macro   0x0000213f       0x28 ./Application/App/subghz_phy_app.o
 .debug_macro   0x00002167       0x1c ./Application/App/subghz_phy_app.o
 .debug_macro   0x00002183       0x22 ./Application/App/subghz_phy_app.o
 .debug_macro   0x000021a5      0x4da ./Application/App/subghz_phy_app.o
 .debug_macro   0x0000267f      0x11f ./Application/App/subghz_phy_app.o
 .debug_macro   0x0000279e     0xa0fd ./Application/App/subghz_phy_app.o
 .debug_macro   0x0000c89b       0x3c ./Application/App/subghz_phy_app.o
 .debug_macro   0x0000c8d7      0x137 ./Application/App/subghz_phy_app.o
 .debug_macro   0x0000ca0e     0x352b ./Application/App/subghz_phy_app.o
 .debug_macro   0x0000ff39       0x5b ./Application/App/subghz_phy_app.o
 .debug_macro   0x0000ff94      0x8eb ./Application/App/subghz_phy_app.o
 .debug_macro   0x0001087f      0xb52 ./Application/App/subghz_phy_app.o
 .debug_macro   0x000113d1      0x13f ./Application/App/subghz_phy_app.o
 .debug_macro   0x00011510      0x1ca ./Application/App/subghz_phy_app.o
 .debug_macro   0x000116da      0x28e ./Application/App/subghz_phy_app.o
 .debug_macro   0x00011968      0x197 ./Application/App/subghz_phy_app.o
 .debug_macro   0x00011aff      0x1e9 ./Application/App/subghz_phy_app.o
 .debug_macro   0x00011ce8      0x13e ./Application/App/subghz_phy_app.o
 .debug_macro   0x00011e26      0x4b5 ./Application/App/subghz_phy_app.o
 .debug_macro   0x000122db      0x22c ./Application/App/subghz_phy_app.o
 .debug_macro   0x00012507       0x5b ./Application/App/subghz_phy_app.o
 .debug_macro   0x00012562       0xa5 ./Application/App/subghz_phy_app.o
 .debug_macro   0x00012607      0x18d ./Application/App/subghz_phy_app.o
 .debug_macro   0x00012794       0x16 ./Application/App/subghz_phy_app.o
 .debug_macro   0x000127aa      0x30c ./Application/App/subghz_phy_app.o
 .debug_macro   0x00012ab6      0x418 ./Application/App/subghz_phy_app.o
 .debug_macro   0x00012ece       0xdd ./Application/App/subghz_phy_app.o
 .debug_macro   0x00012fab      0x22c ./Application/App/subghz_phy_app.o
 .debug_macro   0x000131d7      0x773 ./Application/App/subghz_phy_app.o
 .debug_macro   0x0001394a       0xfc ./Application/App/subghz_phy_app.o
 .debug_macro   0x00013a46      0x5ba ./Application/App/subghz_phy_app.o
 .debug_macro   0x00014000       0x44 ./Application/App/subghz_phy_app.o
 .debug_macro   0x00014044      0x170 ./Application/App/subghz_phy_app.o
 .debug_macro   0x000141b4       0x82 ./Application/App/subghz_phy_app.o
 .debug_macro   0x00014236       0x16 ./Application/App/subghz_phy_app.o
 .debug_macro   0x0001424c       0x16 ./Application/App/subghz_phy_app.o
 .debug_macro   0x00014262       0x29 ./Application/App/subghz_phy_app.o
 .debug_macro   0x0001428b       0xe0 ./Application/App/subghz_phy_app.o
 .debug_macro   0x0001436b       0x58 ./Application/App/subghz_phy_app.o
 .debug_macro   0x000143c3       0x16 ./Application/App/subghz_phy_app.o
 .debug_macro   0x000143d9       0x40 ./Application/App/subghz_phy_app.o
 .debug_macro   0x00014419      0x200 ./Application/Core/dma.o
 .debug_macro   0x00014619      0x200 ./Application/Core/main.o
 .debug_macro   0x00014819      0x200 ./Application/Core/rtc.o
 .debug_macro   0x00014a19      0x488 ./Application/Core/rtc_if.o
 .debug_macro   0x00014ea1       0x5b ./Application/Core/rtc_if.o
 .debug_macro   0x00014efc       0x94 ./Application/Core/rtc_if.o
 .debug_macro   0x00014f90       0x57 ./Application/Core/rtc_if.o
 .debug_macro   0x00014fe7      0x19b ./Application/Core/rtc_if.o
 .debug_macro   0x00015182       0x55 ./Application/Core/rtc_if.o
 .debug_macro   0x000151d7       0x16 ./Application/Core/rtc_if.o
 .debug_macro   0x000151ed       0x10 ./Application/Core/rtc_if.o
 .debug_macro   0x000151fd       0x10 ./Application/Core/rtc_if.o
 .debug_macro   0x0001520d       0x10 ./Application/Core/rtc_if.o
 .debug_macro   0x0001521d       0x1c ./Application/Core/rtc_if.o
 .debug_macro   0x00015239       0x52 ./Application/Core/rtc_if.o
 .debug_macro   0x0001528b       0x22 ./Application/Core/rtc_if.o
 .debug_macro   0x000152ad       0x10 ./Application/Core/rtc_if.o
 .debug_macro   0x000152bd       0x52 ./Application/Core/rtc_if.o
 .debug_macro   0x0001530f       0xcf ./Application/Core/rtc_if.o
 .debug_macro   0x000153de       0x1c ./Application/Core/rtc_if.o
 .debug_macro   0x000153fa       0x3d ./Application/Core/rtc_if.o
 .debug_macro   0x00015437       0x35 ./Application/Core/rtc_if.o
 .debug_macro   0x0001546c       0xa6 ./Application/Core/rtc_if.o
 .debug_macro   0x00015512      0x3fe ./Application/Core/rtc_if.o
 .debug_macro   0x00015910      0x401 ./Application/Core/stm32_lpm_if.o
 .debug_macro   0x00015d11       0x81 ./Application/Core/stm32_lpm_if.o
 .debug_macro   0x00015d92       0x16 ./Application/Core/stm32_lpm_if.o
 .debug_macro   0x00015da8       0x22 ./Application/Core/stm32_lpm_if.o
 .debug_macro   0x00015dca      0x178 ./Application/Core/stm32_lpm_if.o
 .debug_macro   0x00015f42       0x10 ./Application/Core/stm32_lpm_if.o
 .debug_macro   0x00015f52       0x58 ./Application/Core/stm32_lpm_if.o
 .debug_macro   0x00015faa      0x30f ./Application/Core/stm32l0xx_hal_msp.o
 .debug_macro   0x000162b9      0x3e3 ./Application/Core/stm32l0xx_it.o
 .debug_macro   0x0001669c       0x10 ./Application/Core/stm32l0xx_it.o
 .debug_macro   0x000166ac      0x503 ./Application/Core/sys_app.o
 .debug_macro   0x00016baf       0x16 ./Application/Core/sys_app.o
 .debug_macro   0x00016bc5       0x9e ./Application/Core/sys_app.o
 .debug_macro   0x00016c63      0x112 ./Application/Core/sys_app.o
 .debug_macro   0x00016d75       0x10 ./Application/Core/sys_app.o
 .debug_macro   0x00016d85       0x16 ./Application/Core/sys_app.o
 .debug_macro   0x00016d9b       0x16 ./Application/Core/sys_app.o
 .debug_macro   0x00016db1      0x146 ./Application/Core/sys_app.o
 .debug_macro   0x00016ef7       0x4c ./Application/Core/sys_app.o
 .debug_macro   0x00016f43       0xc1 ./Application/Core/sys_app.o
 .debug_macro   0x00017004      0x309 ./Application/Core/sys_debug.o
 .debug_macro   0x0001730d      0x20a ./Application/Core/usart.o
 .debug_macro   0x00017517      0x325 ./Application/Core/usart_if.o
 .debug_macro   0x0001783c      0x1ff ./Application/Target/b_l072z_lrwan1_bus.o
 .debug_macro   0x00017a3b       0x64 ./Application/Target/b_l072z_lrwan1_bus.o
 .debug_macro   0x00017a9f       0x82 ./Application/Target/b_l072z_lrwan1_bus.o
 .debug_macro   0x00017b21      0x2e0 ./Drivers/BSP/B-L072Z-LRWAN1/b-l072z-lrwan1.o
 .debug_macro   0x00017e01      0x3db ./Drivers/BSP/CMWX1ZZABZ_0xx/cmwx1zzabz_0xx.o
 .debug_macro   0x000181dc       0xdc ./Drivers/CMSIS/system_stm32l0xx.o
 .debug_macro   0x000182b8      0x20b ./Drivers/STM32L0xx_HAL_Driver/stm32l0xx_hal.o
 .debug_macro   0x000184c3      0x1e7 ./Drivers/STM32L0xx_HAL_Driver/stm32l0xx_hal_cortex.o
 .debug_macro   0x000186aa      0x1e7 ./Drivers/STM32L0xx_HAL_Driver/stm32l0xx_hal_dma.o
 .debug_macro   0x00018891      0x1e7 ./Drivers/STM32L0xx_HAL_Driver/stm32l0xx_hal_exti.o
 .debug_macro   0x00018a78      0x21f ./Drivers/STM32L0xx_HAL_Driver/stm32l0xx_hal_gpio.o
 .debug_macro   0x00018c97      0x1ff ./Drivers/STM32L0xx_HAL_Driver/stm32l0xx_hal_pwr.o
 .debug_macro   0x00018e96      0x1ed ./Drivers/STM32L0xx_HAL_Driver/stm32l0xx_hal_pwr_ex.o
 .debug_macro   0x00019083      0x21d ./Drivers/STM32L0xx_HAL_Driver/stm32l0xx_hal_rcc.o