/home/mattia/University/Network Measurements/Project/en.i-cube_lrwan.zip_expanded/STM32CubeExpansion_LRWAN_V2.1.0/Projects/B-L072Z-LRWAN1/Applications/SubGHz_Phy/SubGHz_Phy_PingPong/SubGHz_Phy/App/subghz_phy_app.c:468:13:OnledEvent	8	static
/home/mattia/University/Network Measurements/Project/en.i-cube_lrwan.zip_expanded/STM32CubeExpansion_LRWAN_V2.1.0/Projects/B-L072Z-LRWAN1/Applications/SubGHz_Phy/SubGHz_Phy_PingPong/SubGHz_Phy/App/subghz_phy_app.c:353:13:PingPong_Process	16	static
/home/mattia/University/Network Measurements/Project/en.i-cube_lrwan.zip_expanded/STM32CubeExpansion_LRWAN_V2.1.0/Projects/B-L072Z-LRWAN1/Applications/SubGHz_Phy/SubGHz_Phy_PingPong/SubGHz_Phy/App/subghz_phy_app.c:341:13:OnRxError	8	static
/home/mattia/University/Network Measurements/Project/en.i-cube_lrwan.zip_expanded/STM32CubeExpansion_LRWAN_V2.1.0/Projects/B-L072Z-LRWAN1/Applications/SubGHz_Phy/SubGHz_Phy_PingPong/SubGHz_Phy/App/subghz_phy_app.c:329:13:OnRxTimeout	8	static
/home/mattia/University/Network Measurements/Project/en.i-cube_lrwan.zip_expanded/STM32CubeExpansion_LRWAN_V2.1.0/Projects/B-L072Z-LRWAN1/Applications/SubGHz_Phy/SubGHz_Phy_PingPong/SubGHz_Phy/App/subghz_phy_app.c:318:13:OnTxTimeout	8	static
/home/mattia/University/Network Measurements/Project/en.i-cube_lrwan.zip_expanded/STM32CubeExpansion_LRWAN_V2.1.0/Projects/B-L072Z-LRWAN1/Applications/SubGHz_Phy/SubGHz_Phy_PingPong/SubGHz_Phy/App/subghz_phy_app.c:276:13:OnRxDone	40	static
/home/mattia/University/Network Measurements/Project/en.i-cube_lrwan.zip_expanded/STM32CubeExpansion_LRWAN_V2.1.0/Projects/B-L072Z-LRWAN1/Applications/SubGHz_Phy/SubGHz_Phy_PingPong/SubGHz_Phy/App/subghz_phy_app.c:265:13:OnTxDone	8	static
/home/mattia/University/Network Measurements/Project/en.i-cube_lrwan.zip_expanded/STM32CubeExpansion_LRWAN_V2.1.0/Projects/B-L072Z-LRWAN1/Applications/SubGHz_Phy/SubGHz_Phy_PingPong/SubGHz_Phy/App/subghz_phy_app.c:172:6:SubghzApp_Init	72	static
