Archive member included to satisfy reference by file (symbol)

/opt/st/stm32cubeide_1.18.1/plugins/com.st.stm32cube.ide.mcu.externaltools.gnu-tools-for-stm32.13.3.rel1.linux64_1.0.0.202410170706/tools/bin/../lib/gcc/arm-none-eabi/13.3.1/../../../../arm-none-eabi/lib/thumb/v6-m/nofp/libc_nano.a(libc_a-exit.o)
                              /opt/st/stm32cubeide_1.18.1/plugins/com.st.stm32cube.ide.mcu.externaltools.gnu-tools-for-stm32.13.3.rel1.linux64_1.0.0.202410170706/tools/bin/../lib/gcc/arm-none-eabi/13.3.1/../../../../arm-none-eabi/lib/thumb/v6-m/nofp/crt0.o (exit)
/opt/st/stm32cubeide_1.18.1/plugins/com.st.stm32cube.ide.mcu.externaltools.gnu-tools-for-stm32.13.3.rel1.linux64_1.0.0.202410170706/tools/bin/../lib/gcc/arm-none-eabi/13.3.1/../../../../arm-none-eabi/lib/thumb/v6-m/nofp/libc_nano.a(libc_a-findfp.o)
                              /opt/st/stm32cubeide_1.18.1/plugins/com.st.stm32cube.ide.mcu.externaltools.gnu-tools-for-stm32.13.3.rel1.linux64_1.0.0.202410170706/tools/bin/../lib/gcc/arm-none-eabi/13.3.1/../../../../arm-none-eabi/lib/thumb/v6-m/nofp/libc_nano.a(libc_a-exit.o) (__stdio_exit_handler)
/opt/st/stm32cubeide_1.18.1/plugins/com.st.stm32cube.ide.mcu.externaltools.gnu-tools-for-stm32.13.3.rel1.linux64_1.0.0.202410170706/tools/bin/../lib/gcc/arm-none-eabi/13.3.1/../../../../arm-none-eabi/lib/thumb/v6-m/nofp/libc_nano.a(libc_a-fwalk.o)
                              /opt/st/stm32cubeide_1.18.1/plugins/com.st.stm32cube.ide.mcu.externaltools.gnu-tools-for-stm32.13.3.rel1.linux64_1.0.0.202410170706/tools/bin/../lib/gcc/arm-none-eabi/13.3.1/../../../../arm-none-eabi/lib/thumb/v6-m/nofp/libc_nano.a(libc_a-findfp.o) (_fwalk_sglue)
/opt/st/stm32cubeide_1.18.1/plugins/com.st.stm32cube.ide.mcu.externaltools.gnu-tools-for-stm32.13.3.rel1.linux64_1.0.0.202410170706/tools/bin/../lib/gcc/arm-none-eabi/13.3.1/../../../../arm-none-eabi/lib/thumb/v6-m/nofp/libc_nano.a(libc_a-stdio.o)
                              /opt/st/stm32cubeide_1.18.1/plugins/com.st.stm32cube.ide.mcu.externaltools.gnu-tools-for-stm32.13.3.rel1.linux64_1.0.0.202410170706/tools/bin/../lib/gcc/arm-none-eabi/13.3.1/../../../../arm-none-eabi/lib/thumb/v6-m/nofp/libc_nano.a(libc_a-findfp.o) (__sread)
/opt/st/stm32cubeide_1.18.1/plugins/com.st.stm32cube.ide.mcu.externaltools.gnu-tools-for-stm32.13.3.rel1.linux64_1.0.0.202410170706/tools/bin/../lib/gcc/arm-none-eabi/13.3.1/../../../../arm-none-eabi/lib/thumb/v6-m/nofp/libc_nano.a(libc_a-memset.o)
                              /opt/st/stm32cubeide_1.18.1/plugins/com.st.stm32cube.ide.mcu.externaltools.gnu-tools-for-stm32.13.3.rel1.linux64_1.0.0.202410170706/tools/bin/../lib/gcc/arm-none-eabi/13.3.1/../../../../arm-none-eabi/lib/thumb/v6-m/nofp/crt0.o (memset)
/opt/st/stm32cubeide_1.18.1/plugins/com.st.stm32cube.ide.mcu.externaltools.gnu-tools-for-stm32.13.3.rel1.linux64_1.0.0.202410170706/tools/bin/../lib/gcc/arm-none-eabi/13.3.1/../../../../arm-none-eabi/lib/thumb/v6-m/nofp/libc_nano.a(libc_a-strncmp.o)
                              ./Application/App/subghz_phy_app.o (strncmp)
/opt/st/stm32cubeide_1.18.1/plugins/com.st.stm32cube.ide.mcu.externaltools.gnu-tools-for-stm32.13.3.rel1.linux64_1.0.0.202410170706/tools/bin/../lib/gcc/arm-none-eabi/13.3.1/../../../../arm-none-eabi/lib/thumb/v6-m/nofp/libc_nano.a(libc_a-closer.o)
                              /opt/st/stm32cubeide_1.18.1/plugins/com.st.stm32cube.ide.mcu.externaltools.gnu-tools-for-stm32.13.3.rel1.linux64_1.0.0.202410170706/tools/bin/../lib/gcc/arm-none-eabi/13.3.1/../../../../arm-none-eabi/lib/thumb/v6-m/nofp/libc_nano.a(libc_a-stdio.o) (_close_r)
/opt/st/stm32cubeide_1.18.1/plugins/com.st.stm32cube.ide.mcu.externaltools.gnu-tools-for-stm32.13.3.rel1.linux64_1.0.0.202410170706/tools/bin/../lib/gcc/arm-none-eabi/13.3.1/../../../../arm-none-eabi/lib/thumb/v6-m/nofp/libc_nano.a(libc_a-reent.o)
                              /opt/st/stm32cubeide_1.18.1/plugins/com.st.stm32cube.ide.mcu.externaltools.gnu-tools-for-stm32.13.3.rel1.linux64_1.0.0.202410170706/tools/bin/../lib/gcc/arm-none-eabi/13.3.1/../../../../arm-none-eabi/lib/thumb/v6-m/nofp/libc_nano.a(libc_a-closer.o) (errno)
/opt/st/stm32cubeide_1.18.1/plugins/com.st.stm32cube.ide.mcu.externaltools.gnu-tools-for-stm32.13.3.rel1.linux64_1.0.0.202410170706/tools/bin/../lib/gcc/arm-none-eabi/13.3.1/../../../../arm-none-eabi/lib/thumb/v6-m/nofp/libc_nano.a(libc_a-impure.o)
                              /opt/st/stm32cubeide_1.18.1/plugins/com.st.stm32cube.ide.mcu.externaltools.gnu-tools-for-stm32.13.3.rel1.linux64_1.0.0.202410170706/tools/bin/../lib/gcc/arm-none-eabi/13.3.1/../../../../arm-none-eabi/lib/thumb/v6-m/nofp/libc_nano.a(libc_a-reent.o) (_impure_ptr)
/opt/st/stm32cubeide_1.18.1/plugins/com.st.stm32cube.ide.mcu.externaltools.gnu-tools-for-stm32.13.3.rel1.linux64_1.0.0.202410170706/tools/bin/../lib/gcc/arm-none-eabi/13.3.1/../../../../arm-none-eabi/lib/thumb/v6-m/nofp/libc_nano.a(libc_a-lseekr.o)
[...]
Memory Configuration

Name             Origin             Length             Attributes
FLASH            0x08000000         0x00030000         xr
RAM              0x20000000         0x00005000         xrw
*default*        0x00000000         0xffffffff

Linker script and memory map

LOAD /opt/st/stm32cubeide_1.18.1/plugins/com.st.stm32cube.ide.mcu.externaltools.gnu-tools-for-stm32.13.3.rel1.linux64_1.0.0.202410170706/tools/bin/../lib/gcc/arm-none-eabi/13.3.1/thumb/v6-m/nofp/crti.o
LOAD /opt/st/stm32cubeide_1.18.1/plugins/com.st.stm32cube.ide.mcu.externaltools.gnu-tools-for-stm32.13.3.rel1.linux64_1.0.0.202410170706/tools/bin/../lib/gcc/arm-none-eabi/13.3.1/thumb/v6-m/nofp/crtbegin.o
LOAD /opt/st/stm32cubeide_1.18.1/plugins/com.st.stm32cube.ide.mcu.externaltools.gnu-tools-for-stm32.13.3.rel1.linux64_1.0.0.202410170706/tools/bin/../lib/gcc/arm-none-eabi/13.3.1/../../../../arm-none-eabi/lib/thumb/v6-m/nofp/crt0.o
LOAD ./Application/App/app_subghz_phy.o
LOAD ./Application/App/subghz_phy_app.o
LOAD ./Application/Core/dma.o
LOAD ./Application/Core/main.o
LOAD ./Application/Core/rtc.o
LOAD ./Application/Core/rtc_if.o
LOAD ./Application/Core/stm32_lpm_if.o
LOAD ./Application/Core/stm32l0xx_hal_msp.o
LOAD ./Application/Core/stm32l0xx_it.o
LOAD ./Application/Core/sys_app.o
LOAD ./Application/Core/sys_debug.o
LOAD ./Application/Core/usart.o
LOAD ./Application/Core/usart_if.o
LOAD ./Application/SW4STM32/startup_stm32l072xx.o
LOAD ./Application/SW4STM32/syscalls.o
LOAD ./Application/Target/b_l072z_lrwan1_bus.o
LOAD ./Drivers/BSP/B-L072Z-LRWAN1/b-l072z-lrwan1.o
LOAD ./Drivers/BSP/CMWX1ZZABZ_0xx/cmwx1zzabz_0xx.o
LOAD ./Drivers/CMSIS/system_stm32l0xx.o
LOAD ./Drivers/STM32L0xx_HAL_Driver/stm32l0xx_hal.o
LOAD ./Drivers/STM32L0xx_HAL_Driver/stm32l0xx_hal_adc.o
LOAD ./Drivers/STM32L0xx_HAL_Driver/stm32l0xx_hal_adc_ex.o
LOAD ./Drivers/STM32L0xx_HAL_Driver/stm32l0xx_hal_cortex.o
LOAD ./Drivers/STM32L0xx_HAL_Driver/stm32l0xx_hal_dma.o
LOAD ./Drivers/STM32L0xx_HAL_Driver/stm32l0xx_hal_exti.o
LOAD ./Drivers/STM32L0xx_HAL_Driver/stm32l0xx_hal_gpio.o
LOAD ./Drivers/STM32L0xx_HAL_Driver/stm32l0xx_hal_i2c.o
LOAD ./Drivers/STM32L0xx_HAL_Driver/stm32l0xx_hal_pwr.o
LOAD ./Drivers/STM32L0xx_HAL_Driver/stm32l0xx_hal_pwr_ex.o
LOAD ./Drivers/STM32L0xx_HAL_Driver/stm32l0xx_hal_rcc.o
LOAD ./Drivers/STM32L0xx_HAL_Driver/stm32l0xx_hal_rcc_ex.o
LOAD ./Drivers/STM32L0xx_HAL_Driver/stm32l0xx_hal_rtc.o
LOAD ./Drivers/STM32L0xx_HAL_Driver/stm32l0xx_hal_rtc_ex.o
LOAD ./Drivers/STM32L0xx_HAL_Driver/stm32l0xx_hal_spi.o
LOAD ./Drivers/STM32L0xx_HAL_Driver/stm32l0xx_hal_tim.o
LOAD ./Drivers/STM32L0xx_HAL_Driver/stm32l0xx_hal_tim_ex.o
LOAD ./Drivers/STM32L0xx_HAL_Driver/stm32l0xx_hal_uart.o
LOAD ./Drivers/STM32L0xx_HAL_Driver/stm32l0xx_hal_uart_ex.o
LOAD ./Middlewares/SubGHz_Phy/sx1276.o
LOAD ./Utilities/stm32_adv_trace.o
LOAD ./Utilities/stm32_lpm.o
LOAD ./Utilities/stm32_mem.o
LOAD ./Utilities/stm32_seq.o
LOAD ./Utilities/stm32_systime.o
LOAD ./Utilities/stm32_timer.o
LOAD ./Utilities/stm32_tiny_vsnprintf.o
START GROUP
LOAD /opt/st/stm32cubeide_1.18.1/plugins/com.st.stm32cube.ide.mcu.externaltools.gnu-tools-for-stm32.13.3.rel1.linux64_1.0.0.202410170706/tools/bin/../lib/gcc/arm-none-eabi/13.3.1/../../../../arm-none-eabi/lib/thumb/v6-m/nofp/libc_nano.a
LOAD /opt/st/stm32cubeide_1.18.1/plugins/com.st.stm32cube.ide.mcu.externaltools.gnu-tools-for-stm32.13.3.rel1.linux64_1.0.0.202410170706/tools/bin/../lib/gcc/arm-none-eabi/13.3.1/../../../../arm-none-eabi/lib/thumb/v6-m/nofp/libm.a
END GROUP
START GROUP
LOAD /opt/st/stm32cubeide_1.18.1/plugins/com.st.stm32cube.ide.mcu.externaltools.gnu-tools-for-stm32.13.3.rel1.linux64_1.0.0.202410170706/tools/bin/../lib/gcc/arm-none-eabi/13.3.1/thumb/v6-m/nofp/libgcc.a
LOAD /opt/st/stm32cubeide_1.18.1/plugins/com.st.stm32cube.ide.mcu.externaltools.gnu-tools-for-stm32.13.3.rel1.linux64_1.0.0.202410170706/tools/bin/../lib/gcc/arm-none-eabi/13.3.1/../../../../arm-none-eabi/lib/thumb/v6-m/nofp/libc_nano.a
END GROUP
START GROUP
LOAD /opt/st/stm32cubeide_1.18.1/plugins/com.st.stm32cube.ide.mcu.externaltools.gnu-tools-for-stm32.13.3.rel1.linux64_1.0.0.202410170706/tools/bin/../lib/gcc/arm-none-eabi/13.3.1/thumb/v6-m/nofp/libgcc.a
LOAD /opt/st/stm32cubeide_1.18.1/plugins/com.st.stm32cube.ide.mcu.externaltools.gnu-tools-for-stm32.13.3.rel1.linux64_1.0.0.202410170706/tools/bin/../lib/gcc/arm-none-eabi/13.3.1/../../../../arm-none-eabi/lib/thumb/v6-m/nofp/libc_nano.a
LOAD /opt/st/stm32cubeide_1.18.1/plugins/com.st.stm32cube.ide.mcu.externaltools.gnu-tools-for-stm32.13.3.rel1.linux64_1.0.0.202410170706/tools/bin/../lib/gcc/arm-none-eabi/13.3.1/../../../../arm-none-eabi/lib/thumb/v6-m/nofp/libnosys.a
END GROUP
START GROUP
LOAD /opt/st/stm32cubeide_1.18.1/plugins/com.st.stm32cube.ide.mcu.externaltools.gnu-tools-for-stm32.13.3.rel1.linux64_1.0.0.202410170706/tools/bin/../lib/gcc/arm-none-eabi/13.3.1/thumb/v6-m/nofp/libgcc.a
LOAD /opt/st/stm32cubeide_1.18.1/plugins/com.st.stm32cube.ide.mcu.externaltools.gnu-tools-for-stm32.13.3.rel1.linux64_1.0.0.202410170706/tools/bin/../lib/gcc/arm-none-eabi/13.3.1/../../../../arm-none-eabi/lib/thumb/v6-m/nofp/libc_nano.a
LOAD /opt/st/stm32cubeide_1.18.1/plugins/com.st.stm32cube.ide.mcu.externaltools.gnu-tools-for-stm32.13.3.rel1.linux64_1.0.0.202410170706/tools/bin/../lib/gcc/arm-none-eabi/13.3.1/../../../../arm-none-eabi/lib/thumb/v6-m/nofp/libnosys.a
END GROUP
LOAD /opt/st/stm32cubeide_1.18.1/plugins/com.st.stm32cube.ide.mcu.externaltools.gnu-tools-for-stm32.13.3.rel1.linux64_1.0.0.202410170706/tools/bin/../lib/gcc/arm-none-eabi/13.3.1/thumb/v6-m/nofp/crtend.o
LOAD /opt/st/stm32cubeide_1.18.1/plugins/com.st.stm32cube.ide.mcu.externaltools.gnu-tools-for-stm32.13.3.rel1.linux64_1.0.0.202410170706/tools/bin/../lib/gcc/arm-none-eabi/13.3.1/thumb/v6-m/nofp/crtn.o
                0x20005000                        _estack = 0x20005000
                0x00000200                        _Min_Heap_Size = 0x200
                0x00000400                        _Min_Stack_Size = 0x400

.isr_vector     0x08000000       0xc0
                0x08000000                        . = ALIGN (0x4)
 *(.isr_vector)
 .isr_vector    0x08000000       0xc0 ./Application/SW4STM32/startup_stm32l072xx.o
                0x08000000                g_pfnVectors
                0x080000c0                        . = ALIGN (0x4)

.text           0x080000c0     0x6648
                0x080000c0                        . = ALIGN (0x4)
 *(.text)
 .text          0x080000c0       0x48 /opt/st/stm32cubeide_1.18.1/plugins/com.st.stm32cube.ide.mcu.externaltools.gnu-tools-for-stm32.13.3.rel1.linux64_1.0.0.202410170706/tools/bin/../lib/gcc/arm-none-eabi/13.3.1/thumb/v6-m/nofp/crtbegin.o
 .text          0x08000108        0xe /opt/st/stm32cubeide_1.18.1/plugins/com.st.stm32cube.ide.mcu.externaltools.gnu-tools-for-stm32.13.3.rel1.linux64_1.0.0.202410170706/tools/bin/../lib/gcc/arm-none-eabi/13.3.1/../../../../arm-none-eabi/lib/thumb/v6-m/nofp/libc_nano.a(libc_a-strlen.o)
                0x08000108                strlen
 *fill*         0x08000116        0x2 
 .text          0x08000118       0x14 /opt/st/stm32cubeide_1.18.1/plugins/com.st.stm32cube.ide.mcu.externaltools.gnu-tools-for-stm32.13.3.rel1.linux64_1.0.0.202410170706/tools/bin/../lib/gcc/arm-none-eabi/13.3.1/thumb/v6-m/nofp/libgcc.a(_thumb1_case_uqi.o)
                0x08000118                __gnu_thumb1_case_uqi
 .text          0x0800012c      0x114 /opt/st/stm32cubeide_1.18.1/plugins/com.st.stm32cube.ide.mcu.externaltools.gnu-tools-for-stm32.13.3.rel1.linux64_1.0.0.202410170706/tools/bin/../lib/gcc/arm-none-eabi/13.3.1/thumb/v6-m/nofp/libgcc.a(_udivsi3.o)
                0x0800012c                __udivsi3
                0x0800012c                __aeabi_uidiv
                0x08000238                __aeabi_uidivmod
 .text          0x08000240      0x1d4 /opt/st/stm32cubeide_1.18.1/plugins/com.st.stm32cube.ide.mcu.externaltools.gnu-tools-for-stm32.13.3.rel1.linux64_1.0.0.202410170706/tools/bin/../lib/gcc/arm-none-eabi/13.3.1/thumb/v6-m/nofp/libgcc.a(_divsi3.o)
                0x08000240                __aeabi_idiv
                0x08000240                __divsi3
                0x0800040c                __aeabi_idivmod
 .text          0x08000414        0x4 /opt/st/stm32cubeide_1.18.1/plugins/com.st.stm32cube.ide.mcu.externaltools.gnu-tools-for-stm32.13.3.rel1.linux64_1.0.0.202410170706/tools/bin/../lib/gcc/arm-none-eabi/13.3.1/thumb/v6-m/nofp/libgcc.a(_dvmd_tls.o)
                0x08000414                __aeabi_ldiv0
                0x08000414                __aeabi_idiv0
 .text          0x08000418       0x40 /opt/st/stm32cubeide_1.18.1/plugins/com.st.stm32cube.ide.mcu.externaltools.gnu-tools-for-stm32.13.3.rel1.linux64_1.0.0.202410170706/tools/bin/../lib/gcc/arm-none-eabi/13.3.1/thumb/v6-m/nofp/libgcc.a(_aeabi_uldivmod.o)
                0x08000418                __aeabi_uldivmod
 .text          0x08000458       0x5c /opt/st/stm32cubeide_1.18.1/plugins/com.st.stm32cube.ide.mcu.externaltools.gnu-tools-for-stm32.13.3.rel1.linux64_1.0.0.202410170706/tools/bin/../lib/gcc/arm-none-eabi/13.3.1/thumb/v6-m/nofp/libgcc.a(_muldi3.o)
                0x08000458                __aeabi_lmul
                0x08000458                __muldi3
 .text          0x080004b4      0x198 /opt/st/stm32cubeide_1.18.1/plugins/com.st.stm32cube.ide.mcu.externaltools.gnu-tools-for-stm32.13.3.rel1.linux64_1.0.0.202410170706/tools/bin/../lib/gcc/arm-none-eabi/13.3.1/thumb/v6-m/nofp/libgcc.a(_udivmoddi4.o)
                0x080004b4                __udivmoddi4
 .text          0x0800064c       0x18 /opt/st/stm32cubeide_1.18.1/plugins/com.st.stm32cube.ide.mcu.externaltools.gnu-tools-for-stm32.13.3.rel1.linux64_1.0.0.202410170706/tools/bin/../lib/gcc/arm-none-eabi/13.3.1/thumb/v6-m/nofp/libgcc.a(_clzdi2.o)
                0x0800064c                __clzdi2
 .text          0x08000664       0x3c /opt/st/stm32cubeide_1.18.1/plugins/com.st.stm32cube.ide.mcu.externaltools.gnu-tools-for-stm32.13.3.rel1.linux64_1.0.0.202410170706/tools/bin/../lib/gcc/arm-none-eabi/13.3.1/thumb/v6-m/nofp/libgcc.a(_clzsi2.o)
                0x08000664                __clzsi2
 *(.text*)
 .text.MX_SubGHz_Phy_Init
                0x080006a0        0xc ./Application/App/app_subghz_phy.o
                0x080006a0                MX_SubGHz_Phy_Init
 .text.MX_SubGHz_Phy_Process
                0x080006ac        0xc ./Application/App/app_subghz_phy.o
                0x080006ac                MX_SubGHz_Phy_Process
 .text.OnledEvent
                0x080006b8       0x1c ./Application/App/subghz_phy_app.o
 .text.PingPong_Process
                0x080006d4      0x194 ./Application/App/subghz_phy_app.o
 .text.OnRxError
                0x08000868       0x28 ./Application/App/subghz_phy_app.o
 .text.OnRxTimeout
                0x08000890       0x24 ./Application/App/subghz_phy_app.o
 .text.OnTxTimeout
                0x080008b4       0x28 ./Application/App/subghz_phy_app.o
 .text.OnRxDone
                0x080008dc       0xc4 ./Application/App/subghz_phy_app.o
 .text.OnTxDone
                0x080009a0       0x28 ./Application/App/subghz_phy_app.o
 .text.SubghzApp_Init
                0x080009c8      0x194 ./Application/App/subghz_phy_app.o
                0x080009c8                SubghzApp_Init
 .text.MX_DMA_Init
                0x08000b5c       0x2c ./Application/Core/dma.o
                0x08000b5c                MX_DMA_Init
 .text.SystemClock_Config
                0x08000b88       0xbc ./Application/Core/main.o
                0x08000b88                SystemClock_Config
 .text.startup.main
                0x08000c44      0x108 ./Application/Core/main.o
                0x08000c44                main
 .text.Error_Handler
                0x08000d4c        0x4 ./Application/Core/main.o
                0x08000d4c                Error_Handler
 .text.MX_RTC_Init
                0x08000d50       0xc0 ./Application/Core/rtc.o
                0x08000d50                MX_RTC_Init
 .text.HAL_RTC_MspInit
                0x08000e10       0x58 ./Application/Core/rtc.o
                0x08000e10                HAL_RTC_MspInit
 .text.RTC_IF_GetTimerContext
                0x08000e68        0xc ./Application/Core/rtc_if.o
                0x08000e68                RTC_IF_GetTimerContext
 .text.RTC_IF_GetMinimumTimeout
                0x08000e74        0x4 ./Application/Core/rtc_if.o
                0x08000e74                RTC_IF_GetMinimumTimeout
 .text.RTC_IF_Convert_ms2Tick
                0x08000e78       0x10 ./Application/Core/rtc_if.o
                0x08000e78                RTC_IF_Convert_ms2Tick
 .text.RTC_IF_Convert_Tick2ms
                0x08000e88       0x14 ./Application/Core/rtc_if.o
                0x08000e88                RTC_IF_Convert_Tick2ms
 .text.RTC_IF_StopTimer
                0x08000e9c       0x24 ./Application/Core/rtc_if.o
                0x08000e9c                RTC_IF_StopTimer
 .text.RTC_GetCalendarValue
                0x08000ec0       0xb4 ./Application/Core/rtc_if.o
 .text.RTC_IF_SetTimerContext
                0x08000f74       0x1c ./Application/Core/rtc_if.o
                0x08000f74                RTC_IF_SetTimerContext
 .text.RTC_IF_GetTimerElapsedTime
                0x08000f90       0x18 ./Application/Core/rtc_if.o
                0x08000f90                RTC_IF_GetTimerElapsedTime
 .text.RTC_IF_StartTimer
                0x08000fa8      0x138 ./Application/Core/rtc_if.o
                0x08000fa8                RTC_IF_StartTimer
 .text.RTC_IF_GetTime
                0x080010e0       0x28 ./Application/Core/rtc_if.o
                0x080010e0                RTC_IF_GetTime
 .text.RTC_IF_BkUp_Write_Seconds
                0x08001108       0x14 ./Application/Core/rtc_if.o
                0x08001108                RTC_IF_BkUp_Write_Seconds
 .text.RTC_IF_BkUp_Write_SubSeconds
                0x0800111c       0x14 ./Application/Core/rtc_if.o
                0x0800111c                RTC_IF_BkUp_Write_SubSeconds
 .text.RTC_IF_BkUp_Read_Seconds
                0x08001130       0x10 ./Application/Core/rtc_if.o
                0x08001130                RTC_IF_BkUp_Read_Seconds
 .text.RTC_IF_BkUp_Read_SubSeconds
                0x08001140       0x10 ./Application/Core/rtc_if.o
                0x08001140                RTC_IF_BkUp_Read_SubSeconds
 .text.RTC_IF_Init
                0x08001150       0x50 ./Application/Core/rtc_if.o
                0x08001150                RTC_IF_Init
 .text.RTC_IF_GetTimerValue
                0x080011a0       0x1c ./Application/Core/rtc_if.o
                0x080011a0                RTC_IF_GetTimerValue
 .text.RTC_IF_DelayMs
                0x080011bc       0x26 ./Application/Core/rtc_if.o
                0x080011bc                RTC_IF_DelayMs
 .text.HAL_RTC_AlarmAEventCallback
                0x080011e2        0x8 ./Application/Core/rtc_if.o
                0x080011e2                HAL_RTC_AlarmAEventCallback
 .text.PWR_EnterOffMode
                0x080011ea        0x2 ./Application/Core/stm32_lpm_if.o
                0x080011ea                PWR_EnterOffMode
 .text.PWR_EnterStopMode
                0x080011ec       0x28 ./Application/Core/stm32_lpm_if.o
                0x080011ec                PWR_EnterStopMode
 .text.PWR_ExitStopMode
                0x08001214       0x50 ./Application/Core/stm32_lpm_if.o
                0x08001214                PWR_ExitStopMode
 .text.PWR_EnterSleepMode
                0x08001264        0xc ./Application/Core/stm32_lpm_if.o
                0x08001264                PWR_EnterSleepMode
 .text.PWR_ExitSleepMode
                0x08001270        0x2 ./Application/Core/stm32_lpm_if.o
                0x08001270                PWR_ExitSleepMode
 .text.PWR_ExitOffMode
                0x08001272        0x2 ./Application/Core/stm32_lpm_if.o
                0x08001272                PWR_ExitOffMode
 .text.HAL_MspInit
                0x08001274       0x30 ./Application/Core/stm32l0xx_hal_msp.o
                0x08001274                HAL_MspInit
 .text.NMI_Handler
                0x080012a4        0x2 ./Application/Core/stm32l0xx_it.o
                0x080012a4                NMI_Handler
 .text.HardFault_Handler
                0x080012a6        0x2 ./Application/Core/stm32l0xx_it.o
                0x080012a6                HardFault_Handler
 .text.SVC_Handler
                0x080012a8        0x2 ./Application/Core/stm32l0xx_it.o
                0x080012a8                SVC_Handler
 .text.PendSV_Handler
                0x080012aa        0x2 ./Application/Core/stm32l0xx_it.o
                0x080012aa                PendSV_Handler
 .text.SysTick_Handler
                0x080012ac        0x8 ./Application/Core/stm32l0xx_it.o
                0x080012ac                SysTick_Handler
 .text.EXTI0_1_IRQHandler
                0x080012b4       0x18 ./Application/Core/stm32l0xx_it.o
                0x080012b4                EXTI0_1_IRQHandler
 .text.EXTI2_3_IRQHandler
                0x080012cc        0x2 ./Application/Core/stm32l0xx_it.o
                0x080012cc                EXTI2_3_IRQHandler
 *fill*         0x080012ce        0x2 
 .text.EXTI4_15_IRQHandler
                0x080012d0       0x18 ./Application/Core/stm32l0xx_it.o
                0x080012d0                EXTI4_15_IRQHandler
 .text.DMA1_Channel4_5_6_7_IRQHandler
                0x080012e8       0x10 ./Application/Core/stm32l0xx_it.o
                0x080012e8                DMA1_Channel4_5_6_7_IRQHandler
 .text.USART2_IRQHandler
                0x080012f8       0x10 ./Application/Core/stm32l0xx_it.o
                0x080012f8                USART2_IRQHandler
 .text.RTC_IRQHandler
                0x08001308       0x10 ./Application/Core/stm32l0xx_it.o
                0x08001308                RTC_IRQHandler
 .text.tiny_snprintf_like.constprop.0
                0x08001318       0x1c ./Application/Core/sys_app.o
 .text.TimestampNow
                0x08001334       0x30 ./Application/Core/sys_app.o
 .text.SystemApp_Init
                0x08001364       0xf0 ./Application/Core/sys_app.o
                0x08001364                SystemApp_Init
 .text.UTIL_SEQ_Idle
                0x08001454        0x8 ./Application/Core/sys_app.o
                0x08001454                UTIL_SEQ_Idle
 .text.UTIL_ADV_TRACE_PreSendHook
                0x0800145c        0xc ./Application/Core/sys_app.o
                0x0800145c                UTIL_ADV_TRACE_PreSendHook
 .text.UTIL_ADV_TRACE_PostSendHook
                0x08001468        0xc ./Application/Core/sys_app.o
                0x08001468                UTIL_ADV_TRACE_PostSendHook
 .text.HAL_InitTick
                0x08001474        0x4 ./Application/Core/sys_app.o
                0x08001474                HAL_InitTick
 .text.HAL_GetTick
                0x08001478        0x8 ./Application/Core/sys_app.o
                0x08001478                HAL_GetTick
 .text.HAL_Delay
                0x08001480        0xc ./Application/Core/sys_app.o
                0x08001480                HAL_Delay
 .text.DBG_ConfigForLpm.part.0
                0x0800148c       0x20 ./Application/Core/sys_debug.o
 .text.DBG_Disable
                0x080014ac        0x8 ./Application/Core/sys_debug.o
                0x080014ac                DBG_Disable
 .text.DBG_ProbesInit
                0x080014b4        0x2 ./Application/Core/sys_debug.o
                0x080014b4                DBG_ProbesInit
 *fill*         0x080014b6        0x2 
 .text.MX_USART2_UART_Init
                0x080014b8       0x34 ./Application/Core/usart.o
                0x080014b8                MX_USART2_UART_Init
 .text.HAL_UART_MspInit
                0x080014ec      0x174 ./Application/Core/usart.o
                0x080014ec                HAL_UART_MspInit
 .text.HAL_UART_MspDeInit
                0x08001660       0x3c ./Application/Core/usart.o
                0x08001660                HAL_UART_MspDeInit
 .text.vcom_Init
                0x0800169c       0x18 ./Application/Core/usart_if.o
                0x0800169c                vcom_Init
 .text.vcom_DeInit
                0x080016b4       0x34 ./Application/Core/usart_if.o
                0x080016b4                vcom_DeInit
 .text.vcom_Trace_DMA
                0x080016e8       0x18 ./Application/Core/usart_if.o
                0x080016e8                vcom_Trace_DMA
 .text.vcom_ReceiveInit
                0x08001700       0x50 ./Application/Core/usart_if.o
                0x08001700                vcom_ReceiveInit
 .text.HAL_UART_TxCpltCallback
                0x08001750       0x10 ./Application/Core/usart_if.o
                0x08001750                HAL_UART_TxCpltCallback
 .text.HAL_UART_RxCpltCallback
                0x08001760       0x30 ./Application/Core/usart_if.o
                0x08001760                HAL_UART_RxCpltCallback
 .text.Reset_Handler
                0x08001790       0x50 ./Application/SW4STM32/startup_stm32l072xx.o
                0x08001790                Reset_Handler
 .text.Default_Handler
                0x080017e0        0x2 ./Application/SW4STM32/startup_stm32l072xx.o
                0x080017e0                TSC_IRQHandler
                0x080017e0                ADC1_COMP_IRQHandler
                0x080017e0                PVD_IRQHandler
                0x080017e0                I2C1_IRQHandler
                0x080017e0                RCC_CRS_IRQHandler
                0x080017e0                SPI1_IRQHandler
                0x080017e0                TIM6_DAC_IRQHandler
                0x080017e0                I2C2_IRQHandler
                0x080017e0                TIM3_IRQHandler
                0x080017e0                DMA1_Channel1_IRQHandler
                0x080017e0                USART4_5_IRQHandler
                0x080017e0                Default_Handler
                0x080017e0                TIM22_IRQHandler
                0x080017e0                TIM7_IRQHandler
                0x080017e0                USB_IRQHandler
                0x080017e0                I2C3_IRQHandler
                0x080017e0                SPI2_IRQHandler
                0x080017e0                TIM21_IRQHandler
                0x080017e0                WWDG_IRQHandler
                0x080017e0                TIM2_IRQHandler
                0x080017e0                DMA1_Channel2_3_IRQHandler
                0x080017e0                FLASH_IRQHandler
                0x080017e0                USART1_IRQHandler
                0x080017e0                RNG_LPUART1_IRQHandler
                0x080017e0                LPTIM1_IRQHandler
 *fill*         0x080017e2        0x2 
 .text.BSP_SPI1_SendRecv
                0x080017e4       0x2c ./Application/Target/b_l072z_lrwan1_bus.o
                0x080017e4                BSP_SPI1_SendRecv
 .text.MX_SPI1_Init
                0x08001810       0x60 ./Application/Target/b_l072z_lrwan1_bus.o
                0x08001810                MX_SPI1_Init
 .text.BSP_SPI1_Init
                0x08001870       0x80 ./Application/Target/b_l072z_lrwan1_bus.o
                0x08001870                BSP_SPI1_Init
 .text.BSP_LED_Init
                0x080018f0       0x84 ./Drivers/BSP/B-L072Z-LRWAN1/b-l072z-lrwan1.o
                0x080018f0                BSP_LED_Init
 .text.BSP_LED_Off
                0x08001974       0x20 ./Drivers/BSP/B-L072Z-LRWAN1/b-l072z-lrwan1.o
                0x08001974                BSP_LED_Off
 .text.BSP_LED_Toggle
                0x08001994       0x1c ./Drivers/BSP/B-L072Z-LRWAN1/b-l072z-lrwan1.o
                0x08001994                BSP_LED_Toggle
 .text.CMWX1ZZABZ0XX_RADIO_GetWakeUpTime
                0x080019b0        0x4 ./Drivers/BSP/CMWX1ZZABZ_0xx/cmwx1zzabz_0xx.o
                0x080019b0                CMWX1ZZABZ0XX_RADIO_GetWakeUpTime
 .text.CMWX1ZZABZ0XX_RADIO_SetXO
                0x080019b4       0x2c ./Drivers/BSP/CMWX1ZZABZ_0xx/cmwx1zzabz_0xx.o
                0x080019b4                CMWX1ZZABZ0XX_RADIO_SetXO
 .text.CMWX1ZZABZ0XX_RADIO_IoInit
                0x080019e0      0x1b4 ./Drivers/BSP/CMWX1ZZABZ_0xx/cmwx1zzabz_0xx.o
                0x080019e0                CMWX1ZZABZ0XX_RADIO_IoInit
 .text.CMWX1ZZABZ0XX_RADIO_IoDeInit
                0x08001b94       0xb0 ./Drivers/BSP/CMWX1ZZABZ_0xx/cmwx1zzabz_0xx.o
                0x08001b94                CMWX1ZZABZ0XX_RADIO_IoDeInit
 .text.CMWX1ZZABZ0XX_RADIO_IoIrqInit
                0x08001c44       0x5c ./Drivers/BSP/CMWX1ZZABZ_0xx/cmwx1zzabz_0xx.o
                0x08001c44                CMWX1ZZABZ0XX_RADIO_IoIrqInit
 .text.CMWX1ZZABZ0XX_RADIO_GetPaSelect
                0x08001ca0        0x4 ./Drivers/BSP/CMWX1ZZABZ_0xx/cmwx1zzabz_0xx.o
                0x08001ca0                CMWX1ZZABZ0XX_RADIO_GetPaSelect
 .text.CMWX1ZZABZ0XX_RADIO_SetAntSw
                0x08001ca4       0x4c ./Drivers/BSP/CMWX1ZZABZ_0xx/cmwx1zzabz_0xx.o
                0x08001ca4                CMWX1ZZABZ0XX_RADIO_SetAntSw
 .text.CMWX1ZZABZ0XX_RADIO_CheckRfFrequency
                0x08001cf0        0x4 ./Drivers/BSP/CMWX1ZZABZ_0xx/cmwx1zzabz_0xx.o
                0x08001cf0                CMWX1ZZABZ0XX_RADIO_CheckRfFrequency
 .text.CMWX1ZZABZ0XX_RADIO_Reset
                0x08001cf4       0x4c ./Drivers/BSP/CMWX1ZZABZ_0xx/cmwx1zzabz_0xx.o
                0x08001cf4                CMWX1ZZABZ0XX_RADIO_Reset
 .text.CMWX1ZZABZ0XX_RADIO_Bus_Init
                0x08001d40        0x8 ./Drivers/BSP/CMWX1ZZABZ_0xx/cmwx1zzabz_0xx.o
                0x08001d40                CMWX1ZZABZ0XX_RADIO_Bus_Init
 .text.CMWX1ZZABZ0XX_RADIO_SendRecv
                0x08001d48       0x1c ./Drivers/BSP/CMWX1ZZABZ_0xx/cmwx1zzabz_0xx.o
                0x08001d48                CMWX1ZZABZ0XX_RADIO_SendRecv
 .text.CMWX1ZZABZ0XX_RADIO_ChipSelect
                0x08001d64       0x1a ./Drivers/BSP/CMWX1ZZABZ_0xx/cmwx1zzabz_0xx.o
                0x08001d64                CMWX1ZZABZ0XX_RADIO_ChipSelect
 *fill*         0x08001d7e        0x2 
 .text.CMWX1ZZABZ0XX_RADIO_GetDio1PinState
                0x08001d80       0x10 ./Drivers/BSP/CMWX1ZZABZ_0xx/cmwx1zzabz_0xx.o
                0x08001d80                CMWX1ZZABZ0XX_RADIO_GetDio1PinState
 .text.SystemInit
                0x08001d90       0x5c ./Drivers/CMSIS/system_stm32l0xx.o
                0x08001d90                SystemInit
 .text.HAL_Init
                0x08001dec       0x28 ./Drivers/STM32L0xx_HAL_Driver/stm32l0xx_hal.o
                0x08001dec                HAL_Init
 .text.HAL_IncTick
                0x08001e14       0x18 ./Drivers/STM32L0xx_HAL_Driver/stm32l0xx_hal.o
                0x08001e14                HAL_IncTick
 .text.HAL_DBGMCU_EnableDBGSleepMode
                0x08001e2c       0x10 ./Drivers/STM32L0xx_HAL_Driver/stm32l0xx_hal.o
                0x08001e2c                HAL_DBGMCU_EnableDBGSleepMode
 .text.HAL_DBGMCU_EnableDBGStopMode
                0x08001e3c       0x10 ./Drivers/STM32L0xx_HAL_Driver/stm32l0xx_hal.o
                0x08001e3c                HAL_DBGMCU_EnableDBGStopMode
 .text.HAL_DBGMCU_EnableDBGStandbyMode
                0x08001e4c       0x10 ./Drivers/STM32L0xx_HAL_Driver/stm32l0xx_hal.o
                0x08001e4c                HAL_DBGMCU_EnableDBGStandbyMode
 .text.HAL_NVIC_SetPriority
                0x08001e5c       0x54 ./Drivers/STM32L0xx_HAL_Driver/stm32l0xx_hal_cortex.o
                0x08001e5c                HAL_NVIC_SetPriority
 .text.HAL_NVIC_EnableIRQ
                0x08001eb0       0x18 ./Drivers/STM32L0xx_HAL_Driver/stm32l0xx_hal_cortex.o
                0x08001eb0                HAL_NVIC_EnableIRQ
 .text.HAL_NVIC_DisableIRQ
                0x08001ec8       0x20 ./Drivers/STM32L0xx_HAL_Driver/stm32l0xx_hal_cortex.o
                0x08001ec8                HAL_NVIC_DisableIRQ
 .text.HAL_DMA_Init
                0x08001ee8       0x88 ./Drivers/STM32L0xx_HAL_Driver/stm32l0xx_hal_dma.o
                0x08001ee8                HAL_DMA_Init
 .text.HAL_DMA_DeInit
                0x08001f70       0x60 ./Drivers/STM32L0xx_HAL_Driver/stm32l0xx_hal_dma.o
                0x08001f70                HAL_DMA_DeInit
 .text.HAL_DMA_Start_IT
                0x08001fd0       0x7c ./Drivers/STM32L0xx_HAL_Driver/stm32l0xx_hal_dma.o
                0x08001fd0                HAL_DMA_Start_IT
 .text.HAL_DMA_Abort
                0x0800204c       0x40 ./Drivers/STM32L0xx_HAL_Driver/stm32l0xx_hal_dma.o
                0x0800204c                HAL_DMA_Abort
 .text.HAL_DMA_Abort_IT
                0x0800208c       0x46 ./Drivers/STM32L0xx_HAL_Driver/stm32l0xx_hal_dma.o
                0x0800208c                HAL_DMA_Abort_IT
 .text.HAL_DMA_IRQHandler
                0x080020d2       0x96 ./Drivers/STM32L0xx_HAL_Driver/stm32l0xx_hal_dma.o
                0x080020d2                HAL_DMA_IRQHandler
 .text.HAL_EXTI_RegisterCallback
                0x08002168        0xe ./Drivers/STM32L0xx_HAL_Driver/stm32l0xx_hal_exti.o
                0x08002168                HAL_EXTI_RegisterCallback
 .text.HAL_EXTI_GetHandle
                0x08002176        0xe ./Drivers/STM32L0xx_HAL_Driver/stm32l0xx_hal_exti.o
                0x08002176                HAL_EXTI_GetHandle
 .text.HAL_EXTI_IRQHandler
                0x08002184       0x24 ./Drivers/STM32L0xx_HAL_Driver/stm32l0xx_hal_exti.o
                0x08002184                HAL_EXTI_IRQHandler
 .text.HAL_GPIO_Init
                0x080021a8      0x178 ./Drivers/STM32L0xx_HAL_Driver/stm32l0xx_hal_gpio.o
                0x080021a8                HAL_GPIO_Init
 .text.HAL_GPIO_DeInit
                0x08002320       0xf8 ./Drivers/STM32L0xx_HAL_Driver/stm32l0xx_hal_gpio.o
                0x08002320                HAL_GPIO_DeInit
 .text.HAL_GPIO_ReadPin
                0x08002418        0xc ./Drivers/STM32L0xx_HAL_Driver/stm32l0xx_hal_gpio.o
                0x08002418                HAL_GPIO_ReadPin
 .text.HAL_GPIO_WritePin
                0x08002424        0xc ./Drivers/STM32L0xx_HAL_Driver/stm32l0xx_hal_gpio.o
                0x08002424                HAL_GPIO_WritePin
 .text.HAL_GPIO_TogglePin
                0x08002430       0x10 ./Drivers/STM32L0xx_HAL_Driver/stm32l0xx_hal_gpio.o
                0x08002430                HAL_GPIO_TogglePin
 .text.HAL_PWR_DisablePVD
                0x08002440       0x10 ./Drivers/STM32L0xx_HAL_Driver/stm32l0xx_hal_pwr.o
                0x08002440                HAL_PWR_DisablePVD
 .text.HAL_PWR_EnterSLEEPMode
                0x08002450       0x70 ./Drivers/STM32L0xx_HAL_Driver/stm32l0xx_hal_pwr.o
                0x08002450                HAL_PWR_EnterSLEEPMode
 .text.HAL_PWR_EnterSTOPMode
                0x080024c0       0x78 ./Drivers/STM32L0xx_HAL_Driver/stm32l0xx_hal_pwr.o
                0x080024c0                HAL_PWR_EnterSTOPMode
 .text.HAL_PWREx_EnableFastWakeUp
                0x08002538       0x14 ./Drivers/STM32L0xx_HAL_Driver/stm32l0xx_hal_pwr_ex.o
                0x08002538                HAL_PWREx_EnableFastWakeUp
 .text.HAL_PWREx_EnableUltraLowPower
                0x0800254c       0x14 ./Drivers/STM32L0xx_HAL_Driver/stm32l0xx_hal_pwr_ex.o
                0x0800254c                HAL_PWREx_EnableUltraLowPower
 .text.HAL_RCC_GetSysClockFreq
                0x08002560       0x94 ./Drivers/STM32L0xx_HAL_Driver/stm32l0xx_hal_rcc.o
                0x08002560                HAL_RCC_GetSysClockFreq
 .text.HAL_RCC_OscConfig
                0x080025f4      0x514 ./Drivers/STM32L0xx_HAL_Driver/stm32l0xx_hal_rcc.o
                0x080025f4                HAL_RCC_OscConfig
 .text.HAL_RCC_ClockConfig
                0x08002b08      0x19c ./Drivers/STM32L0xx_HAL_Driver/stm32l0xx_hal_rcc.o
                0x08002b08                HAL_RCC_ClockConfig
 .text.HAL_RCC_GetPCLK1Freq
                0x08002ca4       0x20 ./Drivers/STM32L0xx_HAL_Driver/stm32l0xx_hal_rcc.o
                0x08002ca4                HAL_RCC_GetPCLK1Freq
 .text.HAL_RCC_GetPCLK2Freq
                0x08002cc4       0x20 ./Drivers/STM32L0xx_HAL_Driver/stm32l0xx_hal_rcc.o
                0x08002cc4                HAL_RCC_GetPCLK2Freq
 .text.HAL_RCCEx_PeriphCLKConfig
                0x08002ce4      0x1b8 ./Drivers/STM32L0xx_HAL_Driver/stm32l0xx_hal_rcc_ex.o
                0x08002ce4                HAL_RCCEx_PeriphCLKConfig
 .text.HAL_RTC_DeactivateAlarm
                0x08002e9c       0xbc ./Drivers/STM32L0xx_HAL_Driver/stm32l0xx_hal_rtc.o
                0x08002e9c                HAL_RTC_DeactivateAlarm
 .text.HAL_RTC_AlarmIRQHandler
                0x08002f58       0x60 ./Drivers/STM32L0xx_HAL_Driver/stm32l0xx_hal_rtc.o
                0x08002f58                HAL_RTC_AlarmIRQHandler
 .text.HAL_RTC_WaitForSynchro
                0x08002fb8       0x34 ./Drivers/STM32L0xx_HAL_Driver/stm32l0xx_hal_rtc.o
                0x08002fb8                HAL_RTC_WaitForSynchro
 .text.RTC_EnterInitMode
                0x08002fec       0x38 ./Drivers/STM32L0xx_HAL_Driver/stm32l0xx_hal_rtc.o
                0x08002fec                RTC_EnterInitMode
 .text.HAL_RTC_Init
                0x08003024       0xb8 ./Drivers/STM32L0xx_HAL_Driver/stm32l0xx_hal_rtc.o
                0x08003024                HAL_RTC_Init
 .text.RTC_ByteToBcd2
                0x080030dc       0x16 ./Drivers/STM32L0xx_HAL_Driver/stm32l0xx_hal_rtc.o
                0x080030dc                RTC_ByteToBcd2
 *fill*         0x080030f2        0x2 
 .text.HAL_RTC_SetTime
                0x080030f4      0x10c ./Drivers/STM32L0xx_HAL_Driver/stm32l0xx_hal_rtc.o
                0x080030f4                HAL_RTC_SetTime
 .text.HAL_RTC_SetDate
                0x08003200       0xdc ./Drivers/STM32L0xx_HAL_Driver/stm32l0xx_hal_rtc.o
                0x08003200                HAL_RTC_SetDate
 .text.HAL_RTC_SetAlarm_IT
                0x080032dc      0x1a0 ./Drivers/STM32L0xx_HAL_Driver/stm32l0xx_hal_rtc.o
                0x080032dc                HAL_RTC_SetAlarm_IT
 .text.RTC_Bcd2ToByte
                0x0800347c       0x12 ./Drivers/STM32L0xx_HAL_Driver/stm32l0xx_hal_rtc.o
                0x0800347c                RTC_Bcd2ToByte
 *fill*         0x0800348e        0x2 
 .text.HAL_RTC_GetTime
                0x08003490       0x54 ./Drivers/STM32L0xx_HAL_Driver/stm32l0xx_hal_rtc.o
                0x08003490                HAL_RTC_GetTime
 .text.HAL_RTC_GetDate
                0x080034e4       0x44 ./Drivers/STM32L0xx_HAL_Driver/stm32l0xx_hal_rtc.o
                0x080034e4                HAL_RTC_GetDate
 .text.HAL_RTCEx_BKUPWrite
                0x08003528        0xc ./Drivers/STM32L0xx_HAL_Driver/stm32l0xx_hal_rtc_ex.o
                0x08003528                HAL_RTCEx_BKUPWrite
 .text.HAL_RTCEx_BKUPRead
                0x08003534        0xc ./Drivers/STM32L0xx_HAL_Driver/stm32l0xx_hal_rtc_ex.o
                0x08003534                HAL_RTCEx_BKUPRead
 .text.HAL_RTCEx_EnableBypassShadow
                0x08003540       0x34 ./Drivers/STM32L0xx_HAL_Driver/stm32l0xx_hal_rtc_ex.o
                0x08003540                HAL_RTCEx_EnableBypassShadow
 .text.HAL_RTCEx_AlarmBEventCallback
                0x08003574        0x2 ./Drivers/STM32L0xx_HAL_Driver/stm32l0xx_hal_rtc_ex.o
                0x08003574                HAL_RTCEx_AlarmBEventCallback
 *fill*         0x08003576        0x2 
 .text.SPI_WaitFlagStateUntilTimeout
                0x08003578       0xc4 ./Drivers/STM32L0xx_HAL_Driver/stm32l0xx_hal_spi.o
 .text.SPI_EndRxTxTransaction
                0x0800363c       0x68 ./Drivers/STM32L0xx_HAL_Driver/stm32l0xx_hal_spi.o
 .text.HAL_SPI_MspInit
                0x080036a4        0x2 ./Drivers/STM32L0xx_HAL_Driver/stm32l0xx_hal_spi.o
                0x080036a4                HAL_SPI_MspInit
 *fill*         0x080036a6        0x2 
 .text.HAL_SPI_Init
                0x080036a8       0xd0 ./Drivers/STM32L0xx_HAL_Driver/stm32l0xx_hal_spi.o
                0x080036a8                HAL_SPI_Init
 .text.HAL_SPI_TransmitReceive
                0x08003778      0x288 ./Drivers/STM32L0xx_HAL_Driver/stm32l0xx_hal_spi.o
                0x08003778                HAL_SPI_TransmitReceive
 .text.HAL_SPI_GetState
                0x08003a00        0x8 ./Drivers/STM32L0xx_HAL_Driver/stm32l0xx_hal_spi.o
                0x08003a00                HAL_SPI_GetState
 .text.UART_EndRxTransfer
                0x08003a08       0x34 ./Drivers/STM32L0xx_HAL_Driver/stm32l0xx_hal_uart.o
 .text.HAL_UART_Transmit_DMA
                0x08003a3c       0xa4 ./Drivers/STM32L0xx_HAL_Driver/stm32l0xx_hal_uart.o
                0x08003a3c                HAL_UART_Transmit_DMA
 .text.UART_DMATransmitCplt
                0x08003ae0       0x34 ./Drivers/STM32L0xx_HAL_Driver/stm32l0xx_hal_uart.o
 .text.HAL_UART_TxHalfCpltCallback
                0x08003b14        0x2 ./Drivers/STM32L0xx_HAL_Driver/stm32l0xx_hal_uart.o
                0x08003b14                HAL_UART_TxHalfCpltCallback
 .text.UART_DMATxHalfCplt
                0x08003b16        0xa ./Drivers/STM32L0xx_HAL_Driver/stm32l0xx_hal_uart.o
 .text.HAL_UART_ErrorCallback
                0x08003b20        0x2 ./Drivers/STM32L0xx_HAL_Driver/stm32l0xx_hal_uart.o
                0x08003b20                HAL_UART_ErrorCallback
 .text.UART_DMAError
                0x08003b22       0x52 ./Drivers/STM32L0xx_HAL_Driver/stm32l0xx_hal_uart.o
 .text.UART_DMAAbortOnError
                0x08003b74       0x16 ./Drivers/STM32L0xx_HAL_Driver/stm32l0xx_hal_uart.o
 .text.HAL_UARTEx_RxEventCallback
                0x08003b8a        0x2 ./Drivers/STM32L0xx_HAL_Driver/stm32l0xx_hal_uart.o
                0x08003b8a                HAL_UARTEx_RxEventCallback
 .text.HAL_UART_IRQHandler
                0x08003b8c      0x230 ./Drivers/STM32L0xx_HAL_Driver/stm32l0xx_hal_uart.o
                0x08003b8c                HAL_UART_IRQHandler
 .text.UART_RxISR_8BIT
                0x08003dbc       0x84 ./Drivers/STM32L0xx_HAL_Driver/stm32l0xx_hal_uart.o
 .text.UART_RxISR_16BIT
                0x08003e40       0x80 ./Drivers/STM32L0xx_HAL_Driver/stm32l0xx_hal_uart.o
 .text.UART_SetConfig
                0x08003ec0      0x20c ./Drivers/STM32L0xx_HAL_Driver/stm32l0xx_hal_uart.o
                0x08003ec0                UART_SetConfig
 .text.UART_AdvFeatureConfig
                0x080040cc       0xd0 ./Drivers/STM32L0xx_HAL_Driver/stm32l0xx_hal_uart.o
                0x080040cc                UART_AdvFeatureConfig
 .text.UART_WaitOnFlagUntilTimeout
                0x0800419c       0x8c ./Drivers/STM32L0xx_HAL_Driver/stm32l0xx_hal_uart.o
                0x0800419c                UART_WaitOnFlagUntilTimeout
 .text.HAL_UART_Transmit
                0x08004228       0xdc ./Drivers/STM32L0xx_HAL_Driver/stm32l0xx_hal_uart.o
                0x08004228                HAL_UART_Transmit
 .text.HAL_UART_Receive
                0x08004304      0x10c ./Drivers/STM32L0xx_HAL_Driver/stm32l0xx_hal_uart.o
                0x08004304                HAL_UART_Receive
 .text.UART_CheckIdleState
                0x08004410       0x64 ./Drivers/STM32L0xx_HAL_Driver/stm32l0xx_hal_uart.o
                0x08004410                UART_CheckIdleState
 .text.HAL_UART_Init
                0x08004474       0x64 ./Drivers/STM32L0xx_HAL_Driver/stm32l0xx_hal_uart.o
                0x08004474                HAL_UART_Init
 .text.UART_Start_Receive_IT
                0x080044d8       0x94 ./Drivers/STM32L0xx_HAL_Driver/stm32l0xx_hal_uart.o
                0x080044d8                UART_Start_Receive_IT
 .text.HAL_UART_Receive_IT
                0x0800456c       0x64 ./Drivers/STM32L0xx_HAL_Driver/stm32l0xx_hal_uart.o
                0x0800456c                HAL_UART_Receive_IT
 .text.HAL_UARTEx_WakeupCallback
                0x080045d0        0x2 ./Drivers/STM32L0xx_HAL_Driver/stm32l0xx_hal_uart_ex.o
                0x080045d0                HAL_UARTEx_WakeupCallback
 *fill*         0x080045d2        0x2 
 .text.HAL_UARTEx_StopModeWakeUpSourceConfig
                0x080045d4       0x8c ./Drivers/STM32L0xx_HAL_Driver/stm32l0xx_hal_uart_ex.o
                0x080045d4                HAL_UARTEx_StopModeWakeUpSourceConfig
 .text.HAL_UARTEx_EnableStopMode
                0x08004660       0x20 ./Drivers/STM32L0xx_HAL_Driver/stm32l0xx_hal_uart_ex.o
                0x08004660                HAL_UARTEx_EnableStopMode
 .text.SX1276GetStatus
                0x08004680        0xc ./Middlewares/SubGHz_Phy/sx1276.o
                0x08004680                SX1276GetStatus
 .text.GetFskBandwidthRegValue
                0x0800468c       0x2c ./Middlewares/SubGHz_Phy/sx1276.o
 .text.SX1276GetTimeOnAir
                0x080046b8       0xec ./Middlewares/SubGHz_Phy/sx1276.o
                0x080046b8                SX1276GetTimeOnAir
 .text.SX1276GetWakeupTime
                0x080047a4        0xa ./Middlewares/SubGHz_Phy/sx1276.o
                0x080047a4                SX1276GetWakeupTime
 .text.SX1276WriteBuffer
                0x080047ae       0x30 ./Middlewares/SubGHz_Phy/sx1276.o
                0x080047ae                SX1276WriteBuffer
 .text.SX1276Write
                0x080047de       0x12 ./Middlewares/SubGHz_Phy/sx1276.o
                0x080047de                SX1276Write
 .text.SX1276SetChannel
                0x080047f0       0x54 ./Middlewares/SubGHz_Phy/sx1276.o
                0x080047f0                SX1276SetChannel
 .text.SX1276ReadBuffer
                0x08004844       0x30 ./Middlewares/SubGHz_Phy/sx1276.o
                0x08004844                SX1276ReadBuffer
 .text.SX1276Read
                0x08004874       0x12 ./Middlewares/SubGHz_Phy/sx1276.o
                0x08004874                SX1276Read
 *fill*         0x08004886        0x2 
 .text.SX1276OnDio2Irq
                0x08004888       0xc0 ./Middlewares/SubGHz_Phy/sx1276.o
 .text.SX1276OnDio4Irq
                0x08004948       0x1c ./Middlewares/SubGHz_Phy/sx1276.o
 .text.SX1276OnDio3Irq
                0x08004964       0x54 ./Middlewares/SubGHz_Phy/sx1276.o
 .text.SX1276SetOpMode.part.0
                0x080049b8       0x56 ./Middlewares/SubGHz_Phy/sx1276.o
 *fill*         0x08004a0e        0x2 
 .text.SX1276SetStby
                0x08004a10       0x38 ./Middlewares/SubGHz_Phy/sx1276.o
                0x08004a10                SX1276SetStby
 .text.SX1276SetRx
                0x08004a48      0x214 ./Middlewares/SubGHz_Phy/sx1276.o
                0x08004a48                SX1276SetRx
 .text.SX1276StartCad
                0x08004c5c       0x34 ./Middlewares/SubGHz_Phy/sx1276.o
                0x08004c5c                SX1276StartCad
 .text.SX1276ReadRssi
                0x08004c90       0x44 ./Middlewares/SubGHz_Phy/sx1276.o
                0x08004c90                SX1276ReadRssi
 .text.SX1276SetOpMode.constprop.0
                0x08004cd4       0x20 ./Middlewares/SubGHz_Phy/sx1276.o
 .text.SX1276SetModem
                0x08004cf4       0x6c ./Middlewares/SubGHz_Phy/sx1276.o
                0x08004cf4                SX1276SetModem
 .text.SX1276SetMaxPayloadLength
                0x08004d60       0x30 ./Middlewares/SubGHz_Phy/sx1276.o
                0x08004d60                SX1276SetMaxPayloadLength
 .text.SX1276SetPublicNetwork
                0x08004d90       0x24 ./Middlewares/SubGHz_Phy/sx1276.o
                0x08004d90                SX1276SetPublicNetwork
 .text.SX1276SetRxConfig
                0x08004db4      0x2d8 ./Middlewares/SubGHz_Phy/sx1276.o
                0x08004db4                SX1276SetRxConfig
 .text.SX1276SetSleep
                0x0800508c       0x3c ./Middlewares/SubGHz_Phy/sx1276.o
                0x0800508c                SX1276SetSleep
 .text.SX1276IsChannelFree
                0x080050c8       0x66 ./Middlewares/SubGHz_Phy/sx1276.o
                0x080050c8                SX1276IsChannelFree
 .text.SX1276Random
                0x0800512e       0x3c ./Middlewares/SubGHz_Phy/sx1276.o
                0x0800512e                SX1276Random
 *fill*         0x0800516a        0x2 
 .text.SX1276SetTxConfig
                0x0800516c      0x330 ./Middlewares/SubGHz_Phy/sx1276.o
                0x0800516c                SX1276SetTxConfig
 .text.SX1276SetTxContinuousWave
                0x0800549c       0x80 ./Middlewares/SubGHz_Phy/sx1276.o
                0x0800549c                SX1276SetTxContinuousWave
 .text.RxChainCalibration
                0x0800551c       0x98 ./Middlewares/SubGHz_Phy/sx1276.o
 .text.SX1276Init
                0x080055b4       0x9c ./Middlewares/SubGHz_Phy/sx1276.o
                0x080055b4                SX1276Init
 .text.SX1276OnTimeoutIrq
                0x08005650       0xb8 ./Middlewares/SubGHz_Phy/sx1276.o
 .text.SX1276OnDio0Irq
                0x08005708      0x250 ./Middlewares/SubGHz_Phy/sx1276.o
 .text.SX1276Send
                0x08005958      0x194 ./Middlewares/SubGHz_Phy/sx1276.o
                0x08005958                SX1276Send
 .text.SX1276OnDio1Irq
                0x08005aec       0xf8 ./Middlewares/SubGHz_Phy/sx1276.o
 .text.TRACE_AllocateBufer
                0x08005be4       0x68 ./Utilities/stm32_adv_trace.o
 .text.TRACE_Lock
                0x08005c4c       0x18 ./Utilities/stm32_adv_trace.o
 .text.TRACE_UnLock
                0x08005c64       0x18 ./Utilities/stm32_adv_trace.o
 .text.UTIL_ADV_TRACE_Init
                0x08005c7c       0x34 ./Utilities/stm32_adv_trace.o
                0x08005c7c                UTIL_ADV_TRACE_Init
 .text.UTIL_ADV_TRACE_RegisterTimeStampFunction
                0x08005cb0        0xc ./Utilities/stm32_adv_trace.o
                0x08005cb0                UTIL_ADV_TRACE_RegisterTimeStampFunction
 .text.UTIL_ADV_TRACE_SetVerboseLevel
                0x08005cbc        0xc ./Utilities/stm32_adv_trace.o
                0x08005cbc                UTIL_ADV_TRACE_SetVerboseLevel
 .text.TRACE_Send
                0x08005cc8       0x84 ./Utilities/stm32_adv_trace.o
 .text.UTIL_ADV_TRACE_COND_FSend
                0x08005d4c       0xc8 ./Utilities/stm32_adv_trace.o
                0x08005d4c                UTIL_ADV_TRACE_COND_FSend
 .text.TRACE_TxCpltCallback
                0x08005e14       0x94 ./Utilities/stm32_adv_trace.o
 .text.UTIL_LPM_Init
                0x08005ea8       0x10 ./Utilities/stm32_lpm.o
                0x08005ea8                UTIL_LPM_Init
 .text.UTIL_LPM_SetStopMode
                0x08005eb8       0x2c ./Utilities/stm32_lpm.o
                0x08005eb8                UTIL_LPM_SetStopMode
 .text.UTIL_LPM_SetOffMode
                0x08005ee4       0x2c ./Utilities/stm32_lpm.o
                0x08005ee4                UTIL_LPM_SetOffMode
 .text.UTIL_LPM_GetMode
                0x08005f10       0x24 ./Utilities/stm32_lpm.o
                0x08005f10                UTIL_LPM_GetMode
 .text.UTIL_LPM_EnterLowPower
                0x08005f34       0x40 ./Utilities/stm32_lpm.o
                0x08005f34                UTIL_LPM_EnterLowPower
 .text.UTIL_MEM_cpy_8
                0x08005f74       0x12 ./Utilities/stm32_mem.o
                0x08005f74                UTIL_MEM_cpy_8
 *fill*         0x08005f86        0x2 
 .text.UTIL_MEM_set_8
                0x08005f88       0x18 ./Utilities/stm32_mem.o
                0x08005f88                UTIL_MEM_set_8
 .text.UTIL_SEQ_SetTask
                0x08005fa0       0x24 ./Utilities/stm32_seq.o
                0x08005fa0                UTIL_SEQ_SetTask
 .text.UTIL_SEQ_PreIdle
                0x08005fc4        0x2 ./Utilities/stm32_seq.o
                0x08005fc4                UTIL_SEQ_PreIdle
 .text.UTIL_SEQ_PostIdle
                0x08005fc6        0x2 ./Utilities/stm32_seq.o
                0x08005fc6                UTIL_SEQ_PostIdle
 .text.SEQ_BitPosition
                0x08005fc8       0x40 ./Utilities/stm32_seq.o
                0x08005fc8                SEQ_BitPosition
 .text.UTIL_SEQ_Run
                0x08006008       0xcc ./Utilities/stm32_seq.o
                0x08006008                UTIL_SEQ_Run
 .text.UTIL_SEQ_RegTask
                0x080060d4       0x20 ./Utilities/stm32_seq.o
                0x080060d4                UTIL_SEQ_RegTask
 .text.SysTimeGet
                0x080060f4       0x50 ./Utilities/stm32_systime.o
                0x080060f4                SysTimeGet
 .text.UTIL_TIMER_Init
                0x08006144       0x18 ./Utilities/stm32_timer.o
                0x08006144                UTIL_TIMER_Init
 .text.UTIL_TIMER_Create
                0x0800615c       0x38 ./Utilities/stm32_timer.o
                0x0800615c                UTIL_TIMER_Create
 .text.UTIL_TIMER_GetCurrentTime
                0x08006194       0x14 ./Utilities/stm32_timer.o
                0x08006194                UTIL_TIMER_GetCurrentTime
 .text.UTIL_TIMER_GetElapsedTime
                0x080061a8       0x20 ./Utilities/stm32_timer.o
                0x080061a8                UTIL_TIMER_GetElapsedTime
 .text.TimerExists
                0x080061c8       0x1c ./Utilities/stm32_timer.o
                0x080061c8                TimerExists
 .text.TimerSetTimeout
                0x080061e4       0x34 ./Utilities/stm32_timer.o
                0x080061e4                TimerSetTimeout
 .text.UTIL_TIMER_Stop
                0x08006218       0x60 ./Utilities/stm32_timer.o
                0x08006218                UTIL_TIMER_Stop
 .text.TimerInsertTimer
                0x08006278       0x2c ./Utilities/stm32_timer.o
                0x08006278                TimerInsertTimer
 .text.TimerInsertNewHeadTimer
                0x080062a4       0x1c ./Utilities/stm32_timer.o
                0x080062a4                TimerInsertNewHeadTimer
 .text.UTIL_TIMER_Start
                0x080062c0       0x7c ./Utilities/stm32_timer.o
                0x080062c0                UTIL_TIMER_Start
 .text.UTIL_TIMER_SetPeriod
                0x0800633c       0x38 ./Utilities/stm32_timer.o
                0x0800633c                UTIL_TIMER_SetPeriod
 .text.UTIL_TIMER_IRQ_Handler
                0x08006374       0x84 ./Utilities/stm32_timer.o
                0x08006374                UTIL_TIMER_IRQ_Handler
 .text.tiny_vsnprintf_like
                0x080063f8      0x268 ./Utilities/stm32_tiny_vsnprintf.o
                0x080063f8                tiny_vsnprintf_like
 .text.memset   0x08006660       0x10 /opt/st/stm32cubeide_1.18.1/plugins/com.st.stm32cube.ide.mcu.externaltools.gnu-tools-for-stm32.13.3.rel1.linux64_1.0.0.202410170706/tools/bin/../lib/gcc/arm-none-eabi/13.3.1/../../../../arm-none-eabi/lib/thumb/v6-m/nofp/libc_nano.a(libc_a-memset.o)
                0x08006660                memset
 .text.strncmp  0x08006670       0x22 /opt/st/stm32cubeide_1.18.1/plugins/com.st.stm32cube.ide.mcu.externaltools.gnu-tools-for-stm32.13.3.rel1.linux64_1.0.0.202410170706/tools/bin/../lib/gcc/arm-none-eabi/13.3.1/../../../../arm-none-eabi/lib/thumb/v6-m/nofp/libc_nano.a(libc_a-strncmp.o)
                0x08006670                strncmp
 *fill*         0x08006692        0x2 
 .text.__libc_init_array
                0x08006694       0x48 /opt/st/stm32cubeide_1.18.1/plugins/com.st.stm32cube.ide.mcu.externaltools.gnu-tools-for-stm32.13.3.rel1.linux64_1.0.0.202410170706/tools/bin/../lib/gcc/arm-none-eabi/13.3.1/../../../../arm-none-eabi/lib/thumb/v6-m/nofp/libc_nano.a(libc_a-init.o)
                0x08006694                __libc_init_array
 .text.memcpy   0x080066dc       0x12 /opt/st/stm32cubeide_1.18.1/plugins/com.st.stm32cube.ide.mcu.externaltools.gnu-tools-for-stm32.13.3.rel1.linux64_1.0.0.202410170706/tools/bin/../lib/gcc/arm-none-eabi/13.3.1/../../../../arm-none-eabi/lib/thumb/v6-m/nofp/libc_nano.a(libc_a-memcpy-stub.o)
                0x080066dc                memcpy
 *(.glue_7)
 .glue_7        0x080066ee        0x0 linker stubs
 *(.glue_7t)
 .glue_7t       0x080066ee        0x0 linker stubs
 *(.eh_frame)
 *fill*         0x080066ee        0x2 
 .eh_frame      0x080066f0        0x0 /opt/st/stm32cubeide_1.18.1/plugins/com.st.stm32cube.ide.mcu.externaltools.gnu-tools-for-stm32.13.3.rel1.linux64_1.0.0.202410170706/tools/bin/../lib/gcc/arm-none-eabi/13.3.1/thumb/v6-m/nofp/crtbegin.o
 *(.init)
 .init          0x080066f0        0x4 /opt/st/stm32cubeide_1.18.1/plugins/com.st.stm32cube.ide.mcu.externaltools.gnu-tools-for-stm32.13.3.rel1.linux64_1.0.0.202410170706/tools/bin/../lib/gcc/arm-none-eabi/13.3.1/thumb/v6-m/nofp/crti.o
                0x080066f0                _init
 .init          0x080066f4        0x8 /opt/st/stm32cubeide_1.18.1/plugins/com.st.stm32cube.ide.mcu.externaltools.gnu-tools-for-stm32.13.3.rel1.linux64_1.0.0.202410170706/tools/bin/../lib/gcc/arm-none-eabi/13.3.1/thumb/v6-m/nofp/crtn.o
 *(.fini)
 .fini          0x080066fc        0x4 /opt/st/stm32cubeide_1.18.1/plugins/com.st.stm32cube.ide.mcu.externaltools.gnu-tools-for-stm32.13.3.rel1.linux64_1.0.0.202410170706/tools/bin/../lib/gcc/arm-none-eabi/13.3.1/thumb/v6-m/nofp/crti.o
                0x080066fc                _fini
 .fini          0x08006700        0x8 /opt/st/stm32cubeide_1.18.1/plugins/com.st.stm32cube.ide.mcu.externaltools.gnu-tools-for-stm32.13.3.rel1.linux64_1.0.0.202410170706/tools/bin/../lib/gcc/arm-none-eabi/13.3.1/thumb/v6-m/nofp/crtn.o
                0x08006708                        . = ALIGN (0x4)
                0x08006708                        _etext = .

.vfp11_veneer   0x08006708        0x0
 .vfp11_veneer  0x08006708        0x0 linker stubs

.v4_bx          0x08006708        0x0
 .v4_bx         0x08006708        0x0 linker stubs

.iplt           0x08006708        0x0
 .iplt          0x08006708        0x0 /opt/st/stm32cubeide_1.18.1/plugins/com.st.stm32cube.ide.mcu.externaltools.gnu-tools-for-stm32.13.3.rel1.linux64_1.0.0.202410170706/tools/bin/../lib/gcc/arm-none-eabi/13.3.1/thumb/v6-m/nofp/crtbegin.o

.rodata         0x08006708      0x43c
                0x08006708                        . = ALIGN (0x4)
 *(.rodata)
 .rodata        0x08006708       0x58 ./Application/Core/rtc_if.o
                0x08006720                UTIL_SYSTIMDriver
                0x08006734                UTIL_TimerDriver
 .rodata        0x08006760       0x18 ./Application/Core/stm32_lpm_if.o
                0x08006760                UTIL_PowerDriver
 .rodata        0x08006778       0x10 ./Application/Core/usart_if.o
                0x08006778                UTIL_TraceDriver
 .rodata        0x08006788       0x20 ./Application/Target/b_l072z_lrwan1_bus.o
 .rodata        0x080067a8        0xc ./Drivers/BSP/B-L072Z-LRWAN1/b-l072z-lrwan1.o
                0x080067a8                LED_PIN
                0x080067b0                BUTTON_IRQn
                0x080067b2                BUTTON_PIN
 .rodata        0x080067b4       0x24 ./Drivers/BSP/CMWX1ZZABZ_0xx/cmwx1zzabz_0xx.o
 .rodata        0x080067d8       0x21 ./Drivers/CMSIS/system_stm32l0xx.o
                0x080067d8                PLLMulTable
                0x080067e1                AHBPrescTable
                0x080067f1                APBPrescTable
 *fill*         0x080067f9        0x3 
 .rodata        0x080067fc      0x158 ./Middlewares/SubGHz_Phy/sx1276.o
                0x08006808                RadioRegsInit
                0x08006838                FskBandwidths
                0x080068e8                Radio
 .rodata        0x08006954       0x10 ./Utilities/stm32_seq.o
 *(.rodata*)
 .rodata.str1.1
                0x08006964      0x1de ./Application/App/subghz_phy_app.o
                                0x15f (size before relaxing)
 .rodata.str1.1
                0x08006b42       0x36 ./Application/Core/main.o
 .rodata.str1.1
                0x08006b42        0x9 ./Application/Core/sys_app.o
 .rodata.cst1   0x08006b42        0x1 ./Middlewares/SubGHz_Phy/sx1276.o
 .rodata.str1.1
                0x08006b43       0x51 ./Utilities/stm32_tiny_vsnprintf.o
                0x08006b94                        . = ALIGN (0x4)
 *fill*         0x08006b43        0x1 

.ARM.extab
 *(.ARM.extab* .gnu.linkonce.armextab.*)

.ARM            0x08006b44        0x8
                0x08006b44                        __exidx_start = .
 *(.ARM.exidx*)
 .ARM.exidx     0x08006b44        0x8 /opt/st/stm32cubeide_1.18.1/plugins/com.st.stm32cube.ide.mcu.externaltools.gnu-tools-for-stm32.13.3.rel1.linux64_1.0.0.202410170706/tools/bin/../lib/gcc/arm-none-eabi/13.3.1/thumb/v6-m/nofp/libgcc.a(_udivmoddi4.o)
                0x08006b4c                        __exidx_end = .

.rel.dyn        0x08006b4c        0x0
 .rel.iplt      0x08006b4c        0x0 /opt/st/stm32cubeide_1.18.1/plugins/com.st.stm32cube.ide.mcu.externaltools.gnu-tools-for-stm32.13.3.rel1.linux64_1.0.0.202410170706/tools/bin/../lib/gcc/arm-none-eabi/13.3.1/thumb/v6-m/nofp/crtbegin.o

.preinit_array  0x08006b4c        0x0
                0x08006b4c                        PROVIDE (__preinit_array_start = .)
 *(.preinit_array*)
                0x08006b4c                        PROVIDE (__preinit_array_end = .)

.init_array     0x08006b4c        0x4
                0x08006b4c                        PROVIDE (__init_array_start = .)
 *(SORT_BY_NAME(.init_array.*))
 *(.init_array*)
 .init_array    0x08006b4c        0x4 /opt/st/stm32cubeide_1.18.1/plugins/com.st.stm32cube.ide.mcu.externaltools.gnu-tools-for-stm32.13.3.rel1.linux64_1.0.0.202410170706/tools/bin/../lib/gcc/arm-none-eabi/13.3.1/thumb/v6-m/nofp/crtbegin.o
                0x08006b50                        PROVIDE (__init_array_end = .)

.fini_array     0x08006b50        0x4
                [!provide]                        PROVIDE (__fini_array_start = .)
 *(SORT_BY_NAME(.fini_array.*))
 *(.fini_array*)
 .fini_array    0x08006b50        0x4 /opt/st/stm32cubeide_1.18.1/plugins/com.st.stm32cube.ide.mcu.externaltools.gnu-tools-for-stm32.13.3.rel1.linux64_1.0.0.202410170706/tools/bin/../lib/gcc/arm-none-eabi/13.3.1/thumb/v6-m/nofp/crtbegin.o
                [!provide]                        PROVIDE (__fini_array_end = .)
                0x08006b54                        _sidata = LOADADDR (.data)

.data           0x20000000       0x44 load address 0x08006b54
                0x20000000                        . = ALIGN (0x4)
                0x20000000                        _sdata = .
 *(.data)
 .data          0x20000000        0x1 ./Application/App/subghz_phy_app.o
                0x20000000                isMaster
 *fill*         0x20000001        0x3 
 .data          0x20000004       0x14 ./Drivers/BSP/B-L072Z-LRWAN1/b-l072z-lrwan1.o
                0x20000004                LED_PORT
                0x20000014                BUTTON_PORT
 .data          0x20000018        0x4 ./Drivers/CMSIS/system_stm32l0xx.o
                0x20000018                SystemCoreClock
 .data          0x2000001c        0x8 ./Drivers/STM32L0xx_HAL_Driver/stm32l0xx_hal.o
                0x2000001c                uwTickFreq
                0x20000020                uwTickPrio
 .data          0x20000024       0x18 ./Middlewares/SubGHz_Phy/sx1276.o
                0x20000024                DioIrq
 .data          0x2000003c        0x8 ./Utilities/stm32_seq.o
 *(.data*)
                0x20000044                        . = ALIGN (0x4)
                0x20000044                        _edata = .

.igot.plt       0x20000044        0x0 load address 0x08006b98
 .igot.plt      0x20000044        0x0 /opt/st/stm32cubeide_1.18.1/plugins/com.st.stm32cube.ide.mcu.externaltools.gnu-tools-for-stm32.13.3.rel1.linux64_1.0.0.202410170706/tools/bin/../lib/gcc/arm-none-eabi/13.3.1/thumb/v6-m/nofp/crtbegin.o
                0x20000044                        . = ALIGN (0x4)

.bss            0x20000044      0xab0 load address 0x08006b98
                0x20000044                        _sbss = .
                0x20000044                        __bss_start__ = _sbss
 *(.bss)
 .bss           0x20000044       0x1c /opt/st/stm32cubeide_1.18.1/plugins/com.st.stm32cube.ide.mcu.externaltools.gnu-tools-for-stm32.13.3.rel1.linux64_1.0.0.202410170706/tools/bin/../lib/gcc/arm-none-eabi/13.3.1/thumb/v6-m/nofp/crtbegin.o
 .bss           0x20000060      0x23e ./Application/App/subghz_phy_app.o
                0x2000007a                RxBufferSize
                0x20000080                SnrValue
                0x20000081                RssiValue
 *fill*         0x2000029e        0x2 
 .bss           0x200002a0      0x11c ./Application/Core/main.o
                0x200002a0                rxBuffer
                0x20000338                huart1
 .bss           0x200003bc       0x24 ./Application/Core/rtc.o
                0x200003bc                hrtc
 .bss           0x200003e0       0x45 ./Application/Core/rtc_if.o
 *fill*         0x20000425        0x3 
 .bss           0x20000428       0xcc ./Application/Core/usart.o
                0x20000428                hdma_usart2_tx
                0x20000470                huart2
 .bss           0x200004f4        0x9 ./Application/Core/usart_if.o
                0x200004fc                charRx
 *fill*         0x200004fd        0x3 
 .bss           0x20000500       0x58 ./Application/Target/b_l072z_lrwan1_bus.o
                0x20000500                hspi1
 .bss           0x20000558       0x20 ./Drivers/BSP/CMWX1ZZABZ_0xx/cmwx1zzabz_0xx.o
                0x20000558                hRADIO_DIO_exti
 .bss           0x20000578        0x4 ./Drivers/STM32L0xx_HAL_Driver/stm32l0xx_hal.o
                0x20000578                uwTick
 .bss           0x2000057c      0x1b4 ./Middlewares/SubGHz_Phy/sx1276.o
                0x2000057c                SX1276
                0x200005e4                RxTimeoutSyncWord
                0x20000600                RxTimeoutTimer
                0x20000618                TxTimeoutTimer
 .bss           0x20000730      0x318 ./Utilities/stm32_adv_trace.o
 .bss           0x20000a48        0x8 ./Utilities/stm32_lpm.o
 .bss           0x20000a50       0xa0 ./Utilities/stm32_seq.o
 .bss           0x20000af0        0x4 ./Utilities/stm32_timer.o
 *(.bss*)
 *(COMMON)
                0x20000af4                        . = ALIGN (0x4)
                0x20000af4                        _ebss = .
                0x20000af4                        __bss_end__ = _ebss

._user_heap_stack
                0x20000af4      0x604 load address 0x08006b98
                0x20000af8                        . = ALIGN (0x8)
 *fill*         0x20000af4        0x4 
                0x20000af8                        PROVIDE (end = .)
                [!provide]                        PROVIDE (_end = .)
                0x20000cf8                        . = (. + _Min_Heap_Size)
 *fill*         0x20000af8      0x200 
                0x200010f8                        . = (. + _Min_Stack_Size)
 *fill*         0x20000cf8      0x400 
                0x200010f8                        . = ALIGN (0x8)

/DISCARD/
 libc.a(*)
 libm.a(*)
 libgcc.a(*)

.ARM.attributes
                0x00000000       0x28
 *(.ARM.attributes)
 .ARM.attributes
                0x00000000       0x1e /opt/st/stm32cubeide_1.18.1/plugins/com.st.stm32cube.ide.mcu.externaltools.gnu-tools-for-stm32.13.3.rel1.linux64_1.0.0.202410170706/tools/bin/../lib/gcc/arm-none-eabi/13.3.1/thumb/v6-m/nofp/crti.o
 .ARM.attributes
                0x0000001e       0x2c /opt/st/stm32cubeide_1.18.1/plugins/com.st.stm32cube.ide.mcu.externaltools.gnu-tools-for-stm32.13.3.rel1.linux64_1.0.0.202410170706/tools/bin/../lib/gcc/arm-none-eabi/13.3.1/thumb/v6-m/nofp/crtbegin.o
 .ARM.attributes
                0x0000004a       0x2c ./Application/App/app_subghz_phy.o
 .ARM.attributes
                0x00000076       0x2c ./Application/App/subghz_phy_app.o
 .ARM.attributes
                0x000000a2       0x2c ./Application/Core/dma.o
 .ARM.attributes
                0x000000ce       0x2c ./Application/Core/main.o
 .ARM.attributes
                0x000000fa       0x2c ./Application/Core/rtc.o
 .ARM.attributes
                0x00000126       0x2c ./Application/Core/rtc_if.o
 .ARM.attributes
                0x00000152       0x2c ./Application/Core/stm32_lpm_if.o
 .ARM.attributes
                0x0000017e       0x2c ./Application/Core/stm32l0xx_hal_msp.o
 .ARM.attributes
                0x000001aa       0x2c ./Application/Core/stm32l0xx_it.o
 .ARM.attributes
                0x000001d6       0x2c ./Application/Core/sys_app.o
 .ARM.attributes
                0x00000202       0x2c ./Application/Core/sys_debug.o
 .ARM.attributes
                0x0000022e       0x2c ./Application/Core/usart.o
 .ARM.attributes
                0x0000025a       0x2c ./Application/Core/usart_if.o
 .ARM.attributes
                0x00000286       0x22 ./Application/SW4STM32/startup_stm32l072xx.o
 .ARM.attributes
                0x000002a8       0x2c ./Application/Target/b_l072z_lrwan1_bus.o
 .ARM.attributes
                0x000002d4       0x2c ./Drivers/BSP/B-L072Z-LRWAN1/b-l072z-lrwan1.o
 .ARM.attributes
                0x00000300       0x2c ./Drivers/BSP/CMWX1ZZABZ_0xx/cmwx1zzabz_0xx.o
 .ARM.attributes
                0x0000032c       0x2c ./Drivers/CMSIS/system_stm32l0xx.o
 .ARM.attributes
                0x00000358       0x2c ./Drivers/STM32L0xx_HAL_Driver/stm32l0xx_hal.o
 .ARM.attributes
                0x00000384       0x2c ./Drivers/STM32L0xx_HAL_Driver/stm32l0xx_hal_cortex.o
 .ARM.attributes
                0x000003b0       0x2c ./Drivers/STM32L0xx_HAL_Driver/stm32l0xx_hal_dma.o
 .ARM.attributes
                0x000003dc       0x2c ./Drivers/STM32L0xx_HAL_Driver/stm32l0xx_hal_exti.o
 .ARM.attributes
                0x00000408       0x2c ./Drivers/STM32L0xx_HAL_Driver/stm32l0xx_hal_gpio.o
 .ARM.attributes
                0x00000434       0x2c ./Drivers/STM32L0xx_HAL_Driver/stm32l0xx_hal_pwr.o
 .ARM.attributes
                0x00000460       0x2c ./Drivers/STM32L0xx_HAL_Driver/stm32l0xx_hal_pwr_ex.o
 .ARM.attributes
                0x0000048c       0x2c ./Drivers/STM32L0xx_HAL_Driver/stm32l0xx_hal_rcc.o
 .ARM.attributes
                0x000004b8       0x2c ./Drivers/STM32L0xx_HAL_Driver/stm32l0xx_hal_rcc_ex.o
 .ARM.attributes
                0x000004e4       0x2c ./Drivers/STM32L0xx_HAL_Driver/stm32l0xx_hal_rtc.o
 .ARM.attributes
                0x00000510       0x2c ./Drivers/STM32L0xx_HAL_Driver/stm32l0xx_hal_rtc_ex.o
 .ARM.attributes
                0x0000053c       0x2c ./Drivers/STM32L0xx_HAL_Driver/stm32l0xx_hal_spi.o
 .ARM.attributes
                0x00000568       0x2c ./Drivers/STM32L0xx_HAL_Driver/stm32l0xx_hal_uart.o
 .ARM.attributes
                0x00000594       0x2c ./Drivers/STM32L0xx_HAL_Driver/stm32l0xx_hal_uart_ex.o
 .ARM.attributes
                0x000005c0       0x2c ./Middlewares/SubGHz_Phy/sx1276.o
 .ARM.attributes
                0x000005ec       0x2c ./Utilities/stm32_adv_trace.o
 .ARM.attributes
                0x00000618       0x2c ./Utilities/stm32_lpm.o
 .ARM.attributes
                0x00000644       0x2c ./Utilities/stm32_mem.o
 .ARM.attributes
                0x00000670       0x2c ./Utilities/stm32_seq.o
 .ARM.attributes
                0x0000069c       0x2c ./Utilities/stm32_systime.o
 .ARM.attributes
                0x000006c8       0x2c ./Utilities/stm32_timer.o
 .ARM.attributes
                0x000006f4       0x2c ./Utilities/stm32_tiny_vsnprintf.o
 .ARM.attributes
                0x00000720       0x2c /opt/st/stm32cubeide_1.18.1/plugins/com.st.stm32cube.ide.mcu.externaltools.gnu-tools-for-stm32.13.3.rel1.linux64_1.0.0.202410170706/tools/bin/../lib/gcc/arm-none-eabi/13.3.1/../../../../arm-none-eabi/lib/thumb/v6-m/nofp/libc_nano.a(libc_a-memset.o)
 .ARM.attributes
                0x0000074c       0x2c /opt/st/stm32cubeide_1.18.1/plugins/com.st.stm32cube.ide.mcu.externaltools.gnu-tools-for-stm32.13.3.rel1.linux64_1.0.0.202410170706/tools/bin/../lib/gcc/arm-none-eabi/13.3.1/../../../../arm-none-eabi/lib/thumb/v6-m/nofp/libc_nano.a(libc_a-strncmp.o)
 .ARM.attributes
                0x00000778       0x2c /opt/st/stm32cubeide_1.18.1/plugins/com.st.stm32cube.ide.mcu.externaltools.gnu-tools-for-stm32.13.3.rel1.linux64_1.0.0.202410170706/tools/bin/../lib/gcc/arm-none-eabi/13.3.1/../../../../arm-none-eabi/lib/thumb/v6-m/nofp/libc_nano.a(libc_a-init.o)
 .ARM.attributes
                0x000007a4       0x2c /opt/st/stm32cubeide_1.18.1/plugins/com.st.stm32cube.ide.mcu.externaltools.gnu-tools-for-stm32.13.3.rel1.linux64_1.0.0.202410170706/tools/bin/../lib/gcc/arm-none-eabi/13.3.1/../../../../arm-none-eabi/lib/thumb/v6-m/nofp/libc_nano.a(libc_a-memcpy-stub.o)
 .ARM.attributes
                0x000007d0       0x1c /opt/st/stm32cubeide_1.18.1/plugins/com.st.stm32cube.ide.mcu.externaltools.gnu-tools-for-stm32.13.3.rel1.linux64_1.0.0.202410170706/tools/bin/../lib/gcc/arm-none-eabi/13.3.1/../../../../arm-none-eabi/lib/thumb/v6-m/nofp/libc_nano.a(libc_a-strlen.o)
 .ARM.attributes
                0x000007ec       0x1e /opt/st/stm32cubeide_1.18.1/plugins/com.st.stm32cube.ide.mcu.externaltools.gnu-tools-for-stm32.13.3.rel1.linux64_1.0.0.202410170706/tools/bin/../lib/gcc/arm-none-eabi/13.3.1/thumb/v6-m/nofp/libgcc.a(_thumb1_case_uqi.o)
 .ARM.attributes
                0x0000080a       0x1e /opt/st/stm32cubeide_1.18.1/plugins/com.st.stm32cube.ide.mcu.externaltools.gnu-tools-for-stm32.13.3.rel1.linux64_1.0.0.202410170706/tools/bin/../lib/gcc/arm-none-eabi/13.3.1/thumb/v6-m/nofp/libgcc.a(_udivsi3.o)
 .ARM.attributes
                0x00000828       0x1e /opt/st/stm32cubeide_1.18.1/plugins/com.st.stm32cube.ide.mcu.externaltools.gnu-tools-for-stm32.13.3.rel1.linux64_1.0.0.202410170706/tools/bin/../lib/gcc/arm-none-eabi/13.3.1/thumb/v6-m/nofp/libgcc.a(_divsi3.o)
 .ARM.attributes
                0x00000846       0x1e /opt/st/stm32cubeide_1.18.1/plugins/com.st.stm32cube.ide.mcu.externaltools.gnu-tools-for-stm32.13.3.rel1.linux64_1.0.0.202410170706/tools/bin/../lib/gcc/arm-none-eabi/13.3.1/thumb/v6-m/nofp/libgcc.a(_dvmd_tls.o)
 .ARM.attributes
                0x00000864       0x1e /opt/st/stm32cubeide_1.18.1/plugins/com.st.stm32cube.ide.mcu.externaltools.gnu-tools-for-stm32.13.3.rel1.linux64_1.0.0.202410170706/tools/bin/../lib/gcc/arm-none-eabi/13.3.1/thumb/v6-m/nofp/libgcc.a(_aeabi_uldivmod.o)
 .ARM.attributes
                0x00000882       0x2c /opt/st/stm32cubeide_1.18.1/plugins/com.st.stm32cube.ide.mcu.externaltools.gnu-tools-for-stm32.13.3.rel1.linux64_1.0.0.202410170706/tools/bin/../lib/gcc/arm-none-eabi/13.3.1/thumb/v6-m/nofp/libgcc.a(_muldi3.o)
 .ARM.attributes
                0x000008ae       0x2c /opt/st/stm32cubeide_1.18.1/plugins/com.st.stm32cube.ide.mcu.externaltools.gnu-tools-for-stm32.13.3.rel1.linux64_1.0.0.202410170706/tools/bin/../lib/gcc/arm-none-eabi/13.3.1/thumb/v6-m/nofp/libgcc.a(_udivmoddi4.o)
 .ARM.attributes
                0x000008da       0x1e /opt/st/stm32cubeide_1.18.1/plugins/com.st.stm32cube.ide.mcu.externaltools.gnu-tools-for-stm32.13.3.rel1.linux64_1.0.0.202410170706/tools/bin/../lib/gcc/arm-none-eabi/13.3.1/thumb/v6-m/nofp/libgcc.a(_clzdi2.o)
 .ARM.attributes
                0x000008f8       0x1e /opt/st/stm32cubeide_1.18.1/plugins/com.st.stm32cube.ide.mcu.externaltools.gnu-tools-for-stm32.13.3.rel1.linux64_1.0.0.202410170706/tools/bin/../lib/gcc/arm-none-eabi/13.3.1/thumb/v6-m/nofp/libgcc.a(_clzsi2.o)
 .ARM.attributes
                0x00000916       0x1e /opt/st/stm32cubeide_1.18.1/plugins/com.st.stm32cube.ide.mcu.externaltools.gnu-tools-for-stm32.13.3.rel1.linux64_1.0.0.202410170706/tools/bin/../lib/gcc/arm-none-eabi/13.3.1/thumb/v6-m/nofp/crtn.o
OUTPUT(cmwx1zzabz_0xx.elf elf32-littlearm)
LOAD linker stubs
LOAD /opt/st/stm32cubeide_1.18.1/plugins/com.st.stm32cube.ide.mcu.externaltools.gnu-tools-for-stm32.13.3.rel1.linux64_1.0.0.202410170706/tools/bin/../lib/gcc/arm-none-eabi/13.3.1/../../../../arm-none-eabi/lib/thumb/v6-m/nofp/libc.a
LOAD /opt/st/stm32cubeide_1.18.1/plugins/com.st.stm32cube.ide.mcu.externaltools.gnu-tools-for-stm32.13.3.rel1.linux64_1.0.0.202410170706/tools/bin/../lib/gcc/arm-none-eabi/13.3.1/../../../../arm-none-eabi/lib/thumb/v6-m/nofp/libm.a
LOAD /opt/st/stm32cubeide_1.18.1/plugins/com.st.stm32cube.ide.mcu.externaltools.gnu-tools-for-stm32.13.3.rel1.linux64_1.0.0.202410170706/tools/bin/../lib/gcc/arm-none-eabi/13.3.1/thumb/v6-m/nofp/libgcc.a

.debug_info     0x00000000    0x1d05d
 .debug_info    0x00000000      0x10f ./Application/App/app_subghz_phy.o
 .debug_info    0x0000010f     0x1335 ./Application/App/subghz_phy_app.o
 .debug_info    0x00001444      0x317 ./Application/Core/dma.o
 .debug_info    0x0000175b      0xec2 ./Application/Core/main.o
 .debug_info    0x0000261d      0xaa7 ./Application/Core/rtc.o
 .debug_info    0x000030c4     0x1185 ./Application/Core/rtc_if.o
 .debug_info    0x00004249      0x467 ./Application/Core/stm32_lpm_if.o
 .debug_info    0x000046b0      0x29a ./Application/Core/stm32l0xx_hal_msp.o
 .debug_info    0x0000494a      0xa43 ./Application/Core/stm32l0xx_it.o
 .debug_info    0x0000538d      0xa12 ./Application/Core/sys_app.o
 .debug_info    0x00005d9f      0x317 ./Application/Core/sys_debug.o
 .debug_info    0x000060b6      0xd54 ./Application/Core/usart.o
 .debug_info    0x00006e0a      0xd61 ./Application/Core/usart_if.o
 .debug_info    0x00007b6b       0x30 ./Application/SW4STM32/startup_stm32l072xx.o
 .debug_info    0x00007b9b      0xd68 ./Application/Target/b_l072z_lrwan1_bus.o
 .debug_info    0x00008903      0xa63 ./Drivers/BSP/B-L072Z-LRWAN1/b-l072z-lrwan1.o
 .debug_info    0x00009366     0x15d5 ./Drivers/BSP/CMWX1ZZABZ_0xx/cmwx1zzabz_0xx.o
 .debug_info    0x0000a93b      0x3ca ./Drivers/CMSIS/system_stm32l0xx.o
 .debug_info    0x0000ad05      0x989 ./Drivers/STM32L0xx_HAL_Driver/stm32l0xx_hal.o
 .debug_info    0x0000b68e      0x9e9 ./Drivers/STM32L0xx_HAL_Driver/stm32l0xx_hal_cortex.o
 .debug_info    0x0000c077      0x847 ./Drivers/STM32L0xx_HAL_Driver/stm32l0xx_hal_dma.o
 .debug_info    0x0000c8be      0x578 ./Drivers/STM32L0xx_HAL_Driver/stm32l0xx_hal_exti.o
 .debug_info    0x0000ce36      0x663 ./Drivers/STM32L0xx_HAL_Driver/stm32l0xx_hal_gpio.o
 .debug_info    0x0000d499      0x64e ./Drivers/STM32L0xx_HAL_Driver/stm32l0xx_hal_pwr.o
 .debug_info    0x0000dae7      0x1aa ./Drivers/STM32L0xx_HAL_Driver/stm32l0xx_hal_pwr_ex.o
 .debug_info    0x0000dc91      0xcfc ./Drivers/STM32L0xx_HAL_Driver/stm32l0xx_hal_rcc.o
 .debug_info    0x0000e98d      0x8f4 ./Drivers/STM32L0xx_HAL_Driver/stm32l0xx_hal_rcc_ex.o
 .debug_info    0x0000f281      0xe24 ./Drivers/STM32L0xx_HAL_Driver/stm32l0xx_hal_rtc.o
 .debug_info    0x000100a5     0x10b4 ./Drivers/STM32L0xx_HAL_Driver/stm32l0xx_hal_rtc_ex.o
 .debug_info    0x00011159     0x1f95 ./Drivers/STM32L0xx_HAL_Driver/stm32l0xx_hal_spi.o
 .debug_info    0x000130ee     0x1f1f ./Drivers/STM32L0xx_HAL_Driver/stm32l0xx_hal_uart.o
 .debug_info    0x0001500d      0xbfa ./Drivers/STM32L0xx_HAL_Driver/stm32l0xx_hal_uart_ex.o
 .debug_info    0x00015c07     0x3a4b ./Middlewares/SubGHz_Phy/sx1276.o
 .debug_info    0x00019652      0xfa7 ./Utilities/stm32_adv_trace.o
 .debug_info    0x0001a5f9      0x3f1 ./Utilities/stm32_lpm.o
 .debug_info    0x0001a9ea      0x1ec ./Utilities/stm32_mem.o
 .debug_info    0x0001abd6      0xac4 ./Utilities/stm32_seq.o
 .debug_info    0x0001b69a      0x9b7 ./Utilities/stm32_systime.o
 .debug_info    0x0001c051      0xc26 ./Utilities/stm32_timer.o
 .debug_info    0x0001cc77      0x3e6 ./Utilities/stm32_tiny_vsnprintf.o

.debug_abbrev   0x00000000     0x624f
 .debug_abbrev  0x00000000       0xba ./Application/App/app_subghz_phy.o
 .debug_abbrev  0x000000ba      0x259 ./Application/App/subghz_phy_app.o
 .debug_abbrev  0x00000313      0x119 ./Application/Core/dma.o
 .debug_abbrev  0x0000042c      0x31a ./Application/Core/main.o
 .debug_abbrev  0x00000746      0x1bd ./Application/Core/rtc.o
 .debug_abbrev  0x00000903      0x400 ./Application/Core/rtc_if.o
 .debug_abbrev  0x00000d03      0x29d ./Application/Core/stm32_lpm_if.o
 .debug_abbrev  0x00000fa0       0xe6 ./Application/Core/stm32l0xx_hal_msp.o
 .debug_abbrev  0x00001086      0x1f7 ./Application/Core/stm32l0xx_it.o
 .debug_abbrev  0x0000127d      0x364 ./Application/Core/sys_app.o
 .debug_abbrev  0x000015e1      0x18c ./Application/Core/sys_debug.o
 .debug_abbrev  0x0000176d      0x244 ./Application/Core/usart.o
 .debug_abbrev  0x000019b1      0x2a7 ./Application/Core/usart_if.o
 .debug_abbrev  0x00001c58       0x24 ./Application/SW4STM32/startup_stm32l072xx.o
 .debug_abbrev  0x00001c7c      0x2f4 ./Application/Target/b_l072z_lrwan1_bus.o
 .debug_abbrev  0x00001f70      0x299 ./Drivers/BSP/B-L072Z-LRWAN1/b-l072z-lrwan1.o
 .debug_abbrev  0x00002209      0x41f ./Drivers/BSP/CMWX1ZZABZ_0xx/cmwx1zzabz_0xx.o
 .debug_abbrev  0x00002628      0x136 ./Drivers/CMSIS/system_stm32l0xx.o
 .debug_abbrev  0x0000275e      0x300 ./Drivers/STM32L0xx_HAL_Driver/stm32l0xx_hal.o
 .debug_abbrev  0x00002a5e      0x2ba ./Drivers/STM32L0xx_HAL_Driver/stm32l0xx_hal_cortex.o
 .debug_abbrev  0x00002d18      0x218 ./Drivers/STM32L0xx_HAL_Driver/stm32l0xx_hal_dma.o
 .debug_abbrev  0x00002f30      0x1f4 ./Drivers/STM32L0xx_HAL_Driver/stm32l0xx_hal_exti.o
 .debug_abbrev  0x00003124      0x1f2 ./Drivers/STM32L0xx_HAL_Driver/stm32l0xx_hal_gpio.o
 .debug_abbrev  0x00003316      0x181 ./Drivers/STM32L0xx_HAL_Driver/stm32l0xx_hal_pwr.o
 .debug_abbrev  0x00003497      0x11f ./Drivers/STM32L0xx_HAL_Driver/stm32l0xx_hal_pwr_ex.o
 .debug_abbrev  0x000035b6      0x2ee ./Drivers/STM32L0xx_HAL_Driver/stm32l0xx_hal_rcc.o
 .debug_abbrev  0x000038a4      0x250 ./Drivers/STM32L0xx_HAL_Driver/stm32l0xx_hal_rcc_ex.o
 .debug_abbrev  0x00003af4      0x226 ./Drivers/STM32L0xx_HAL_Driver/stm32l0xx_hal_rtc.o
 .debug_abbrev  0x00003d1a      0x258 ./Drivers/STM32L0xx_HAL_Driver/stm32l0xx_hal_rtc_ex.o
 .debug_abbrev  0x00003f72      0x318 ./Drivers/STM32L0xx_HAL_Driver/stm32l0xx_hal_spi.o
 .debug_abbrev  0x0000428a      0x378 ./Drivers/STM32L0xx_HAL_Driver/stm32l0xx_hal_uart.o
 .debug_abbrev  0x00004602      0x29b ./Drivers/STM32L0xx_HAL_Driver/stm32l0xx_hal_uart_ex.o
 .debug_abbrev  0x0000489d      0x51a ./Middlewares/SubGHz_Phy/sx1276.o
 .debug_abbrev  0x00004db7      0x47e ./Utilities/stm32_adv_trace.o
 .debug_abbrev  0x00005235      0x23b ./Utilities/stm32_lpm.o
 .debug_abbrev  0x00005470       0xe9 ./Utilities/stm32_mem.o
 .debug_abbrev  0x00005559      0x333 ./Utilities/stm32_seq.o
 .debug_abbrev  0x0000588c      0x3c4 ./Utilities/stm32_systime.o
 .debug_abbrev  0x00005c50      0x411 ./Utilities/stm32_timer.o
 .debug_abbrev  0x00006061      0x1ee ./Utilities/stm32_tiny_vsnprintf.o

.debug_aranges  0x00000000     0x14e8
 .debug_aranges
                0x00000000       0x28 ./Application/App/app_subghz_phy.o
 .debug_aranges
                0x00000028       0x58 ./Application/App/subghz_phy_app.o
 .debug_aranges
                0x00000080       0x20 ./Application/Core/dma.o
 .debug_aranges
                0x000000a0       0x30 ./Application/Core/main.o
 .debug_aranges
                0x000000d0       0x30 ./Application/Core/rtc.o
 .debug_aranges
                0x00000100       0xa8 ./Application/Core/rtc_if.o
 .debug_aranges
                0x000001a8       0x48 ./Application/Core/stm32_lpm_if.o
 .debug_aranges
                0x000001f0       0x20 ./Application/Core/stm32l0xx_hal_msp.o
 .debug_aranges
                0x00000210       0x90 ./Application/Core/stm32l0xx_it.o
 .debug_aranges
                0x000002a0       0x60 ./Application/Core/sys_app.o
 .debug_aranges
                0x00000300       0x38 ./Application/Core/sys_debug.o
 .debug_aranges
                0x00000338       0x30 ./Application/Core/usart.o
 .debug_aranges
                0x00000368       0x58 ./Application/Core/usart_if.o
 .debug_aranges
                0x000003c0       0x28 ./Application/SW4STM32/startup_stm32l072xx.o
 .debug_aranges
                0x000003e8       0x50 ./Application/Target/b_l072z_lrwan1_bus.o
 .debug_aranges
                0x00000438       0x50 ./Drivers/BSP/B-L072Z-LRWAN1/b-l072z-lrwan1.o
 .debug_aranges
                0x00000488       0x90 ./Drivers/BSP/CMWX1ZZABZ_0xx/cmwx1zzabz_0xx.o
 .debug_aranges
                0x00000518       0x28 ./Drivers/CMSIS/system_stm32l0xx.o
 .debug_aranges
                0x00000540      0x110 ./Drivers/STM32L0xx_HAL_Driver/stm32l0xx_hal.o
 .debug_aranges
                0x00000650       0x90 ./Drivers/STM32L0xx_HAL_Driver/stm32l0xx_hal_cortex.o
 .debug_aranges
                0x000006e0       0x78 ./Drivers/STM32L0xx_HAL_Driver/stm32l0xx_hal_dma.o
 .debug_aranges
                0x00000758       0x60 ./Drivers/STM32L0xx_HAL_Driver/stm32l0xx_hal_exti.o
 .debug_aranges
                0x000007b8       0x58 ./Drivers/STM32L0xx_HAL_Driver/stm32l0xx_hal_gpio.o
 .debug_aranges
                0x00000810       0xa0 ./Drivers/STM32L0xx_HAL_Driver/stm32l0xx_hal_pwr.o
 .debug_aranges
                0x000008b0       0x50 ./Drivers/STM32L0xx_HAL_Driver/stm32l0xx_hal_pwr_ex.o
 .debug_aranges
                0x00000900       0x80 ./Drivers/STM32L0xx_HAL_Driver/stm32l0xx_hal_rcc.o
 .debug_aranges
                0x00000980       0xb0 ./Drivers/STM32L0xx_HAL_Driver/stm32l0xx_hal_rcc_ex.o
 .debug_aranges
                0x00000a30       0xb8 ./Drivers/STM32L0xx_HAL_Driver/stm32l0xx_hal_rtc.o
 .debug_aranges
                0x00000ae8      0x130 ./Drivers/STM32L0xx_HAL_Driver/stm32l0xx_hal_rtc_ex.o
 .debug_aranges
                0x00000c18      0x1f0 ./Drivers/STM32L0xx_HAL_Driver/stm32l0xx_hal_spi.o
 .debug_aranges
                0x00000e08      0x218 ./Drivers/STM32L0xx_HAL_Driver/stm32l0xx_hal_uart.o
 .debug_aranges
                0x00001020       0x70 ./Drivers/STM32L0xx_HAL_Driver/stm32l0xx_hal_uart_ex.o
 .debug_aranges
                0x00001090      0x120 ./Middlewares/SubGHz_Phy/sx1276.o
 .debug_aranges
                0x000011b0       0xe0 ./Utilities/stm32_adv_trace.o
 .debug_aranges
                0x00001290       0x48 ./Utilities/stm32_lpm.o
 .debug_aranges
                0x000012d8       0x30 ./Utilities/stm32_mem.o
 .debug_aranges
                0x00001308       0xa8 ./Utilities/stm32_seq.o
 .debug_aranges
                0x000013b0       0x70 ./Utilities/stm32_systime.o
 .debug_aranges
                0x00001420       0xa8 ./Utilities/stm32_timer.o
 .debug_aranges
                0x000014c8       0x20 ./Utilities/stm32_tiny_vsnprintf.o

.debug_rnglists
                0x00000000     0x147b
 .debug_rnglists
                0x00000000       0x19 ./Application/App/app_subghz_phy.o
 .debug_rnglists
                0x00000019       0x40 ./Application/App/subghz_phy_app.o
 .debug_rnglists
                0x00000059       0x2b ./Application/Core/dma.o
 .debug_rnglists
                0x00000084       0x4b ./Application/Core/main.o
 .debug_rnglists
                0x000000cf       0x20 ./Application/Core/rtc.o
 .debug_rnglists
                0x000000ef       0xb4 ./Application/Core/rtc_if.o
 .debug_rnglists
                0x000001a3       0x49 ./Application/Core/stm32_lpm_if.o
 .debug_rnglists
                0x000001ec       0x13 ./Application/Core/stm32l0xx_hal_msp.o
 .debug_rnglists
                0x000001ff       0x67 ./Application/Core/stm32l0xx_it.o
 .debug_rnglists
                0x00000266       0x8d ./Application/Core/sys_app.o
 .debug_rnglists
                0x000002f3       0x31 ./Application/Core/sys_debug.o
 .debug_rnglists
                0x00000324       0x4a ./Application/Core/usart.o
 .debug_rnglists
                0x0000036e       0x3d ./Application/Core/usart_if.o
 .debug_rnglists
                0x000003ab       0x19 ./Application/SW4STM32/startup_stm32l072xx.o
 .debug_rnglists
                0x000003c4       0x50 ./Application/Target/b_l072z_lrwan1_bus.o
 .debug_rnglists
                0x00000414       0x54 ./Drivers/BSP/B-L072Z-LRWAN1/b-l072z-lrwan1.o
 .debug_rnglists
                0x00000468      0x123 ./Drivers/BSP/CMWX1ZZABZ_0xx/cmwx1zzabz_0xx.o
 .debug_rnglists
                0x0000058b       0x1a ./Drivers/CMSIS/system_stm32l0xx.o
 .debug_rnglists
                0x000005a5       0xc7 ./Drivers/STM32L0xx_HAL_Driver/stm32l0xx_hal.o
 .debug_rnglists
                0x0000066c       0x97 ./Drivers/STM32L0xx_HAL_Driver/stm32l0xx_hal_cortex.o
 .debug_rnglists
                0x00000703       0x76 ./Drivers/STM32L0xx_HAL_Driver/stm32l0xx_hal_dma.o
 .debug_rnglists
                0x00000779       0x45 ./Drivers/STM32L0xx_HAL_Driver/stm32l0xx_hal_exti.o
 .debug_rnglists
                0x000007be       0x3f ./Drivers/STM32L0xx_HAL_Driver/stm32l0xx_hal_gpio.o
 .debug_rnglists
                0x000007fd       0x73 ./Drivers/STM32L0xx_HAL_Driver/stm32l0xx_hal_pwr.o
 .debug_rnglists
                0x00000870       0x37 ./Drivers/STM32L0xx_HAL_Driver/stm32l0xx_hal_pwr_ex.o
 .debug_rnglists
                0x000008a7       0xac ./Drivers/STM32L0xx_HAL_Driver/stm32l0xx_hal_rcc.o
 .debug_rnglists
                0x00000953       0x81 ./Drivers/STM32L0xx_HAL_Driver/stm32l0xx_hal_rcc_ex.o
 .debug_rnglists
                0x000009d4       0x8d ./Drivers/STM32L0xx_HAL_Driver/stm32l0xx_hal_rtc.o
 .debug_rnglists
                0x00000a61       0xe9 ./Drivers/STM32L0xx_HAL_Driver/stm32l0xx_hal_rtc_ex.o
 .debug_rnglists
                0x00000b4a      0x206 ./Drivers/STM32L0xx_HAL_Driver/stm32l0xx_hal_spi.o
 .debug_rnglists
                0x00000d50      0x1aa ./Drivers/STM32L0xx_HAL_Driver/stm32l0xx_hal_uart.o
 .debug_rnglists
                0x00000efa       0x52 ./Drivers/STM32L0xx_HAL_Driver/stm32l0xx_hal_uart_ex.o
 .debug_rnglists
                0x00000f4c      0x1be ./Middlewares/SubGHz_Phy/sx1276.o
 .debug_rnglists
                0x0000110a       0xd8 ./Utilities/stm32_adv_trace.o
 .debug_rnglists
                0x000011e2       0x55 ./Utilities/stm32_lpm.o
 .debug_rnglists
                0x00001237       0x1f ./Utilities/stm32_mem.o
 .debug_rnglists
                0x00001256       0xc2 ./Utilities/stm32_seq.o
 .debug_rnglists
                0x00001318       0x7d ./Utilities/stm32_systime.o
 .debug_rnglists
                0x00001395       0xb6 ./Utilities/stm32_timer.o
 .debug_rnglists
                0x0000144b       0x30 ./Utilities/stm32_tiny_vsnprintf.o

.debug_macro    0x00000000    0x1cca6
 .debug_macro   0x00000000      0x1bc ./Application/App/app_subghz_phy.o
 .debug_macro   0x000001bc      0xaae ./Application/App/app_subghz_phy.o
 .debug_macro   0x00000c6a       0x58 ./Application/App/app_subghz_phy.o
 .debug_macro   0x00000cc2       0x22 ./Application/App/app_subghz_phy.o
 .debug_macro   0x00000ce4       0x8e ./Application/App/app_subghz_phy.o
 .debug_macro   0x00000d72       0x51 ./Application/App/app_subghz_phy.o
 .debug_macro   0x00000dc3      0x103 ./Application/App/app_subghz_phy.o
 .debug_macro   0x00000ec6       0x6a ./Application/App/app_subghz_phy.o
 .debug_macro   0x00000f30      0x1df ./Application/App/app_subghz_phy.o
 .debug_macro   0x0000110f       0x28 ./Application/App/app_subghz_phy.o
 .debug_macro   0x00001137       0xd1 ./Application/App/app_subghz_phy.o
 .debug_macro   0x00001208       0x10 ./Application/App/app_subghz_phy.o
 .debug_macro   0x00001218       0x58 ./Application/App/app_subghz_phy.o
 .debug_macro   0x00001270       0x61 ./Application/App/app_subghz_phy.o
 .debug_macro   0x000012d1       0x24 ./Application/App/app_subghz_phy.o
 .debug_macro   0x000012f5       0x43 ./Application/App/app_subghz_phy.o
 .debug_macro   0x00001338       0x34 ./Application/App/app_subghz_phy.o
 .debug_macro   0x0000136c      0x190 ./Application/App/app_subghz_phy.o
 .debug_macro   0x000014fc      0x370 ./Application/App/app_subghz_phy.o
 .debug_macro   0x0000186c       0x16 ./Application/App/app_subghz_phy.o
 .debug_macro   0x00001882       0x4a ./Application/App/app_subghz_phy.o
 .debug_macro   0x000018cc       0x34 ./Application/App/app_subghz_phy.o
 .debug_macro   0x00001900       0x10 ./Application/App/app_subghz_phy.o
 .debug_macro   0x00001910       0x58 ./Application/App/app_subghz_phy.o
 .debug_macro   0x00001968       0x8e ./Application/App/app_subghz_phy.o
 .debug_macro   0x000019f6       0x1c ./Application/App/app_subghz_phy.o
 .debug_macro   0x00001a12      0x185 ./Application/App/app_subghz_phy.o
 .debug_macro   0x00001b97       0x10 ./Application/App/app_subghz_phy.o
 .debug_macro   0x00001ba7       0x3c ./Application/App/app_subghz_phy.o
 .debug_macro   0x00001be3       0x20 ./Application/App/app_subghz_phy.o
 .debug_macro   0x00001c03       0xbd ./Application/App/app_subghz_phy.o
 .debug_macro   0x00001cc0       0x34 ./Application/App/app_subghz_phy.o
 .debug_macro   0x00001cf4       0x16 ./Application/App/app_subghz_phy.o
 .debug_macro   0x00001d0a      0x3e5 ./Application/App/subghz_phy_app.o
 .debug_macro   0x000020ef       0x22 ./Application/App/subghz_phy_app.o
 .debug_macro   0x00002111       0x2e ./Application/App/subghz_phy_app.o
 .debug_macro   0x0000213f       0x28 ./Application/App/subghz_phy_app.o
 .debug_macro   0x00002167       0x1c ./Application/App/subghz_phy_app.o
 .debug_macro   0x00002183       0x22 ./Application/App/subghz_phy_app.o
 .debug_macro   0x000021a5      0x4da ./Application/App/subghz_phy_app.o
 .debug_macro   0x0000267f      0x11f ./Application/App/subghz_phy_app.o
 .debug_macro   0x0000279e     0xa0fd ./Application/App/subghz_phy_app.o
 .debug_macro   0x0000c89b       0x3c ./Application/App/subghz_phy_app.o
 .debug_macro   0x0000c8d7      0x137 ./Application/App/subghz_phy_app.o
 .debug_macro   0x0000ca0e     0x352b ./Application/App/subghz_phy_app.o
 .debug_macro   0x0000ff39       0x5b ./Application/App/subghz_phy_app.o
 .debug_macro   0x0000ff94      0x8eb ./Application/App/subghz_phy_app.o
 .debug_macro   0x0001087f      0xb52 ./Application/App/subghz_phy_app.o
 .debug_macro   0x000113d1      0x13f ./Application/App/subghz_phy_app.o
 .debug_macro   0x00011510      0x1ca ./Application/App/subghz_phy_app.o
 .debug_macro   0x000116da      0x28e ./Application/App/subghz_phy_app.o
 .debug_macro   0x00011968      0x197 ./Application/App/subghz_phy_app.o
 .debug_macro   0x00011aff      0x1e9 ./Application/App/subghz_phy_app.o
 .debug_macro   0x00011ce8      0x13e ./Application/App/subghz_phy_app.o
 .debug_macro   0x00011e26      0x4b5 ./Application/App/subghz_phy_app.o
 .debug_macro   0x000122db      0x22c ./Application/App/subghz_phy_app.o
 .debug_macro   0x00012507       0x5b ./Application/App/subghz_phy_app.o
 .debug_macro   0x00012562       0xa5 ./Application/App/subghz_phy_app.o
 .debug_macro   0x00012607      0x18d ./Application/App/subghz_phy_app.o
 .debug_macro   0x00012794       0x16 ./Application/App/subghz_phy_app.o
 .debug_macro   0x000127aa      0x30c ./Application/App/subghz_phy_app.o
 .debug_macro   0x00012ab6      0x418 ./Application/App/subghz_phy_app.o
 .debug_macro   0x00012ece       0xdd ./Application/App/subghz_phy_app.o
 .debug_macro   0x00012fab      0x22c ./Application/App/subghz_phy_app.o
 .debug_macro   0x000131d7      0x773 ./Application/App/subghz_phy_app.o
 .debug_macro   0x0001394a       0xfc ./Application/App/subghz_phy_app.o
 .debug_macro   0x00013a46      0x5ba ./Application/App/subghz_phy_app.o
 .debug_macro   0x00014000       0x44 ./Application/App/subghz_phy_app.o
 .debug_macro   0x00014044      0x170 ./Application/App/subghz_phy_app.o
 .debug_macro   0x000141b4       0x82 ./Application/App/subghz_phy_app.o
 .debug_macro   0x00014236       0x16 ./Application/App/subghz_phy_app.o
 .debug_macro   0x0001424c       0x16 ./Application/App/subghz_phy_app.o
 .debug_macro   0x00014262       0x29 ./Application/App/subghz_phy_app.o
 .debug_macro   0x0001428b       0xe0 ./Application/App/subghz_phy_app.o
 .debug_macro   0x0001436b       0x58 ./Application/App/subghz_phy_app.o
 .debug_macro   0x000143c3       0x16 ./Application/App/subghz_phy_app.o
 .debug_macro   0x000143d9       0x40 ./Application/App/subghz_phy_app.o
 .debug_macro   0x00014419      0x200 ./Application/Core/dma.o
 .debug_macro   0x00014619      0x33c ./Application/Core/main.o
 .debug_macro   0x00014955       0x16 ./Application/Core/main.o
 .debug_macro   0x0001496b       0x10 ./Application/Core/main.o
 .debug_macro   0x0001497b       0x16 ./Application/Core/main.o
 .debug_macro   0x00014991       0x16 ./Application/Core/main.o
 .debug_macro   0x000149a7      0x146 ./Application/Core/main.o
 .debug_macro   0x00014aed      0x200 ./Application/Core/rtc.o
 .debug_macro   0x00014ced      0x488 ./Application/Core/rtc_if.o
 .debug_macro   0x00015175       0x5b ./Application/Core/rtc_if.o
 .debug_macro   0x000151d0       0x94 ./Application/Core/rtc_if.o
 .debug_macro   0x00015264       0x57 ./Application/Core/rtc_if.o
 .debug_macro   0x000152bb      0x19b ./Application/Core/rtc_if.o
 .debug_macro   0x00015456       0x55 ./Application/Core/rtc_if.o
 .debug_macro   0x000154ab       0x16 ./Application/Core/rtc_if.o
 .debug_macro   0x000154c1       0x10 ./Application/Core/rtc_if.o
 .debug_macro   0x000154d1       0x10 ./Application/Core/rtc_if.o
 .debug_macro   0x000154e1       0x10 ./Application/Core/rtc_if.o
 .debug_macro   0x000154f1       0x1c ./Application/Core/rtc_if.o
 .debug_macro   0x0001550d       0x52 ./Application/Core/rtc_if.o
 .debug_macro   0x0001555f       0x22 ./Application/Core/rtc_if.o
 .debug_macro   0x00015581       0x10 ./Application/Core/rtc_if.o
 .debug_macro   0x00015591       0x52 ./Application/Core/rtc_if.o
 .debug_macro   0x000155e3       0xcf ./Application/Core/rtc_if.o
 .debug_macro   0x000156b2       0x1c ./Application/Core/rtc_if.o
 .debug_macro   0x000156ce       0x3d ./Application/Core/rtc_if.o
 .debug_macro   0x0001570b       0x35 ./Application/Core/rtc_if.o
 .debug_macro   0x00015740       0xa6 ./Application/Core/rtc_if.o
 .debug_macro   0x000157e6      0x3fe ./Application/Core/rtc_if.o
 .debug_macro   0x00015be4      0x401 ./Application/Core/stm32_lpm_if.o
 .debug_macro   0x00015fe5       0x81 ./Application/Core/stm32_lpm_if.o
 .debug_macro   0x00016066       0x16 ./Application/Core/stm32_lpm_if.o
 .debug_macro   0x0001607c       0x22 ./Application/Core/stm32_lpm_if.o
 .debug_macro   0x0001609e      0x178 ./Application/Core/stm32_lpm_if.o
 .debug_macro   0x00016216       0x10 ./Application/Core/stm32_lpm_if.o
 .debug_macro   0x00016226       0x58 ./Application/Core/stm32_lpm_if.o
 .debug_macro   0x0001627e      0x30f ./Application/Core/stm32l0xx_hal_msp.o
 .debug_macro   0x0001658d      0x3e3 ./Application/Core/stm32l0xx_it.o
 .debug_macro   0x00016970       0x10 ./Application/Core/stm32l0xx_it.o
 .debug_macro   0x00016980      0x503 ./Application/Core/sys_app.o
 .debug_macro   0x00016e83       0x9e ./Application/Core/sys_app.o
 .debug_macro   0x00016f21      0x112 ./Application/Core/sys_app.o
 .debug_macro   0x00017033       0x4c ./Application/Core/sys_app.o
 .debug_macro   0x0001707f       0xc1 ./Application/Core/sys_app.o
 .debug_macro   0x00017140      0x309 ./Application/Core/sys_debug.o
 .debug_macro   0x00017449      0x20a ./Application/Core/usart.o
 .debug_macro   0x00017653      0x325 ./Application/Core/usart_if.o
 .debug_macro   0x00017978      0x1ff ./Application/Target/b_l072z_lrwan1_bus.o
 .debug_macro   0x00017b77       0x64 ./Application/Target/b_l072z_lrwan1_bus.o
 .debug_macro   0x00017bdb       0x82 ./Application/Target/b_l072z_lrwan1_bus.o
 .debug_macro   0x00017c5d      0x2e0 ./Drivers/BSP/B-L072Z-LRWAN1/b-l072z-lrwan1.o
 .debug_macro   0x00017f3d      0x3db ./Drivers/BSP/CMWX1ZZABZ_0xx/cmwx1zzabz_0xx.o
 .debug_macro   0x00018318       0xdc ./Drivers/CMSIS/system_stm32l0xx.o
 .debug_macro   0x000183f4      0x20b ./Drivers/STM32L0xx_HAL_Driver/stm32l0xx_hal.o
 .debug_macro   0x000185ff      0x1e7 ./Drivers/STM32L0xx_HAL_Driver/stm32l0xx_hal_cortex.o